../Src/main.c:106:5:main	8	static
../Src/main.c:170:6:SystemClock_Config	96	static
../Src/main.c:221:13:MX_TIM2_Init	48	static
../Src/main.c:276:13:MX_USART2_UART_Init	8	static
../Src/main.c:311:13:MX_GPIO_Init	40	static
../Src/main.c:358:6:HAL_UART_RxCpltCallback	24	static
../Src/main.c:415:6:Front_Light_Toggle	8	static
../Src/main.c:419:6:Back_Light_Toggle	8	static
../Src/main.c:423:6:Stop	8	static
../Src/main.c:429:6:ServoA_Speed_Calibration	24	static
../Src/main.c:442:6:ServoB_Speed_Calibration	24	static
../Src/main.c:458:6:Turn_Left	8	static
../Src/main.c:465:6:Turn_Right	8	static
../Src/main.c:472:7:Range_to_obstacle	16	static
../Src/main.c:477:10:MAP	24	static
../Src/main.c:483:6:HAL_TIM_IC_CaptureCallback	16	static
../Src/main.c:488:6:HAL_TIM_PeriodElapsedCallback	16	static
../Src/main.c:493:6:SysTick_CallBack	8	static
../Src/main.c:509:6:Error_Handler	4	static,ignoring_inline_asm
