../Drivers/STM32L1xx_HAL_Driver/Src/stm32l1xx_hal_uart.c:353:19:HAL_UART_Init	16	static
../Drivers/STM32L1xx_HAL_Driver/Src/stm32l1xx_hal_uart.c:429:19:HAL_HalfDuplex_Init	16	static
../Drivers/STM32L1xx_HAL_Driver/Src/stm32l1xx_hal_uart.c:503:19:HAL_LIN_Init	16	static
../Drivers/STM32L1xx_HAL_Driver/Src/stm32l1xx_hal_uart.c:585:19:HAL_MultiProcessor_Init	24	static
../Drivers/STM32L1xx_HAL_Driver/Src/stm32l1xx_hal_uart.c:663:19:HAL_UART_DeInit	16	static
../Drivers/STM32L1xx_HAL_Driver/Src/stm32l1xx_hal_uart.c:709:13:HAL_UART_MspInit	16	static
../Drivers/STM32L1xx_HAL_Driver/Src/stm32l1xx_hal_uart.c:724:13:HAL_UART_MspDeInit	16	static
../Drivers/STM32L1xx_HAL_Driver/Src/stm32l1xx_hal_uart.c:1129:19:HAL_UART_Transmit	48	static
../Drivers/STM32L1xx_HAL_Driver/Src/stm32l1xx_hal_uart.c:1211:19:HAL_UART_Receive	48	static
../Drivers/STM32L1xx_HAL_Driver/Src/stm32l1xx_hal_uart.c:1296:19:HAL_UART_Transmit_IT	24	static
../Drivers/STM32L1xx_HAL_Driver/Src/stm32l1xx_hal_uart.c:1335:19:HAL_UART_Receive_IT	24	static
../Drivers/STM32L1xx_HAL_Driver/Src/stm32l1xx_hal_uart.c:1367:19:HAL_UART_Transmit_DMA	56	static,ignoring_inline_asm
../Drivers/STM32L1xx_HAL_Driver/Src/stm32l1xx_hal_uart.c:1429:19:HAL_UART_Receive_DMA	24	static
../Drivers/STM32L1xx_HAL_Driver/Src/stm32l1xx_hal_uart.c:1456:19:HAL_UART_DMAPause	120	static,ignoring_inline_asm
../Drivers/STM32L1xx_HAL_Driver/Src/stm32l1xx_hal_uart.c:1487:19:HAL_UART_DMAResume	120	static,ignoring_inline_asm
../Drivers/STM32L1xx_HAL_Driver/Src/stm32l1xx_hal_uart.c:1521:19:HAL_UART_DMAStop	72	static,ignoring_inline_asm
../Drivers/STM32L1xx_HAL_Driver/Src/stm32l1xx_hal_uart.c:1576:19:HAL_UARTEx_ReceiveToIdle	40	static
../Drivers/STM32L1xx_HAL_Driver/Src/stm32l1xx_hal_uart.c:1701:19:HAL_UARTEx_ReceiveToIdle_IT	56	static,ignoring_inline_asm
../Drivers/STM32L1xx_HAL_Driver/Src/stm32l1xx_hal_uart.c:1761:19:HAL_UARTEx_ReceiveToIdle_DMA	56	static,ignoring_inline_asm
../Drivers/STM32L1xx_HAL_Driver/Src/stm32l1xx_hal_uart.c:1829:29:HAL_UARTEx_GetRxEventType	16	static
../Drivers/STM32L1xx_HAL_Driver/Src/stm32l1xx_hal_uart.c:1847:19:HAL_UART_Abort	136	static,ignoring_inline_asm
../Drivers/STM32L1xx_HAL_Driver/Src/stm32l1xx_hal_uart.c:1936:19:HAL_UART_AbortTransmit	64	static,ignoring_inline_asm
../Drivers/STM32L1xx_HAL_Driver/Src/stm32l1xx_hal_uart.c:1987:19:HAL_UART_AbortReceive	112	static,ignoring_inline_asm
../Drivers/STM32L1xx_HAL_Driver/Src/stm32l1xx_hal_uart.c:2048:19:HAL_UART_Abort_IT	144	static,ignoring_inline_asm
../Drivers/STM32L1xx_HAL_Driver/Src/stm32l1xx_hal_uart.c:2183:19:HAL_UART_AbortTransmit_IT	64	static,ignoring_inline_asm
../Drivers/STM32L1xx_HAL_Driver/Src/stm32l1xx_hal_uart.c:2260:19:HAL_UART_AbortReceive_IT	112	static,ignoring_inline_asm
../Drivers/STM32L1xx_HAL_Driver/Src/stm32l1xx_hal_uart.c:2338:6:HAL_UART_IRQHandler	240	static,ignoring_inline_asm
../Drivers/STM32L1xx_HAL_Driver/Src/stm32l1xx_hal_uart.c:2580:13:HAL_UART_TxCpltCallback	16	static
../Drivers/STM32L1xx_HAL_Driver/Src/stm32l1xx_hal_uart.c:2595:13:HAL_UART_TxHalfCpltCallback	16	static
../Drivers/STM32L1xx_HAL_Driver/Src/stm32l1xx_hal_uart.c:2610:13:HAL_UART_RxCpltCallback	16	static
../Drivers/STM32L1xx_HAL_Driver/Src/stm32l1xx_hal_uart.c:2625:13:HAL_UART_RxHalfCpltCallback	16	static
../Drivers/STM32L1xx_HAL_Driver/Src/stm32l1xx_hal_uart.c:2640:13:HAL_UART_ErrorCallback	16	static
../Drivers/STM32L1xx_HAL_Driver/Src/stm32l1xx_hal_uart.c:2654:13:HAL_UART_AbortCpltCallback	16	static
../Drivers/STM32L1xx_HAL_Driver/Src/stm32l1xx_hal_uart.c:2669:13:HAL_UART_AbortTransmitCpltCallback	16	static
../Drivers/STM32L1xx_HAL_Driver/Src/stm32l1xx_hal_uart.c:2684:13:HAL_UART_AbortReceiveCpltCallback	16	static
../Drivers/STM32L1xx_HAL_Driver/Src/stm32l1xx_hal_uart.c:2701:13:HAL_UARTEx_RxEventCallback	16	static
../Drivers/STM32L1xx_HAL_Driver/Src/stm32l1xx_hal_uart.c:2741:19:HAL_LIN_SendBreak	40	static,ignoring_inline_asm
../Drivers/STM32L1xx_HAL_Driver/Src/stm32l1xx_hal_uart.c:2768:19:HAL_MultiProcessor_EnterMuteMode	40	static,ignoring_inline_asm
../Drivers/STM32L1xx_HAL_Driver/Src/stm32l1xx_hal_uart.c:2796:19:HAL_MultiProcessor_ExitMuteMode	40	static,ignoring_inline_asm
../Drivers/STM32L1xx_HAL_Driver/Src/stm32l1xx_hal_uart.c:2824:19:HAL_HalfDuplex_EnableTransmitter	24	static
../Drivers/STM32L1xx_HAL_Driver/Src/stm32l1xx_hal_uart.c:2859:19:HAL_HalfDuplex_EnableReceiver	24	static
../Drivers/STM32L1xx_HAL_Driver/Src/stm32l1xx_hal_uart.c:2916:23:HAL_UART_GetState	24	static
../Drivers/STM32L1xx_HAL_Driver/Src/stm32l1xx_hal_uart.c:2931:10:HAL_UART_GetError	16	static
../Drivers/STM32L1xx_HAL_Driver/Src/stm32l1xx_hal_uart.c:2976:13:UART_DMATransmitCplt	72	static,ignoring_inline_asm
../Drivers/STM32L1xx_HAL_Driver/Src/stm32l1xx_hal_uart.c:3011:13:UART_DMATxHalfCplt	24	static
../Drivers/STM32L1xx_HAL_Driver/Src/stm32l1xx_hal_uart.c:3030:13:UART_DMAReceiveCplt	120	static,ignoring_inline_asm
../Drivers/STM32L1xx_HAL_Driver/Src/stm32l1xx_hal_uart.c:3092:13:UART_DMARxHalfCplt	24	static
../Drivers/STM32L1xx_HAL_Driver/Src/stm32l1xx_hal_uart.c:3131:13:UART_DMAError	24	static
../Drivers/STM32L1xx_HAL_Driver/Src/stm32l1xx_hal_uart.c:3173:26:UART_WaitOnFlagUntilTimeout	72	static,ignoring_inline_asm
../Drivers/STM32L1xx_HAL_Driver/Src/stm32l1xx_hal_uart.c:3212:19:UART_Start_Receive_IT	24	static
../Drivers/STM32L1xx_HAL_Driver/Src/stm32l1xx_hal_uart.c:3247:19:UART_Start_Receive_DMA	104	static,ignoring_inline_asm
../Drivers/STM32L1xx_HAL_Driver/Src/stm32l1xx_hal_uart.c:3297:13:UART_EndTxTransfer	40	static,ignoring_inline_asm
../Drivers/STM32L1xx_HAL_Driver/Src/stm32l1xx_hal_uart.c:3311:13:UART_EndRxTransfer	88	static,ignoring_inline_asm
../Drivers/STM32L1xx_HAL_Driver/Src/stm32l1xx_hal_uart.c:3335:13:UART_DMAAbortOnError	24	static
../Drivers/STM32L1xx_HAL_Driver/Src/stm32l1xx_hal_uart.c:3359:13:UART_DMATxAbortCallback	24	static
../Drivers/STM32L1xx_HAL_Driver/Src/stm32l1xx_hal_uart.c:3405:13:UART_DMARxAbortCallback	24	static
../Drivers/STM32L1xx_HAL_Driver/Src/stm32l1xx_hal_uart.c:3451:13:UART_DMATxOnlyAbortCallback	24	static
../Drivers/STM32L1xx_HAL_Driver/Src/stm32l1xx_hal_uart.c:3479:13:UART_DMARxOnlyAbortCallback	24	static
../Drivers/STM32L1xx_HAL_Driver/Src/stm32l1xx_hal_uart.c:3505:26:UART_Transmit_IT	24	static
../Drivers/STM32L1xx_HAL_Driver/Src/stm32l1xx_hal_uart.c:3545:26:UART_EndTransmit_IT	16	static
../Drivers/STM32L1xx_HAL_Driver/Src/stm32l1xx_hal_uart.c:3570:26:UART_Receive_IT	56	static,ignoring_inline_asm
../Drivers/STM32L1xx_HAL_Driver/Src/stm32l1xx_hal_uart.c:3671:13:UART_SetConfig	24	static
