00:13:32 **** Incremental Build of configuration Debug for project 13_I2C Polling Mode_Slave[STM32L4] ****
make -j4 all 
arm-none-eabi-gcc "../Core/Src/i2c.c" -mcpu=cortex-m4 -std=gnu11 -g3 -DDEBUG -DUSE_HAL_DRIVER -DSTM32L476xx -c -I../Core/Inc -I../Drivers/STM32L4xx_HAL_Driver/Inc -I../Drivers/STM32L4xx_HAL_Driver/Inc/Legacy -I../Drivers/CMSIS/Device/ST/STM32L4xx/Include -I../Drivers/CMSIS/Include -O0 -ffunction-sections -fdata-sections -Wall -fstack-usage -fcyclomatic-complexity -MMD -MP -MF"Core/Src/i2c.d" -MT"Core/Src/i2c.o" --specs=nano.specs -mfpu=fpv4-sp-d16 -mfloat-abi=hard -mthumb -o "Core/Src/i2c.o"
arm-none-eabi-gcc "../Core/Src/main.c" -mcpu=cortex-m4 -std=gnu11 -g3 -DDEBUG -DUSE_HAL_DRIVER -DSTM32L476xx -c -I../Core/Inc -I../Drivers/STM32L4xx_HAL_Driver/Inc -I../Drivers/STM32L4xx_HAL_Driver/Inc/Legacy -I../Drivers/CMSIS/Device/ST/STM32L4xx/Include -I../Drivers/CMSIS/Include -O0 -ffunction-sections -fdata-sections -Wall -fstack-usage -fcyclomatic-complexity -MMD -MP -MF"Core/Src/main.d" -MT"Core/Src/main.o" --specs=nano.specs -mfpu=fpv4-sp-d16 -mfloat-abi=hard -mthumb -o "Core/Src/main.o"
arm-none-eabi-gcc -o "13_I2C Polling Mode_Slave[STM32L4].elf" @"objects.list"   -mcpu=cortex-m4 -T"C:\Users\User\STM32CubeIDE\STM32_CubeIDE_Workspace\13_I2C Polling Mode_Slave[STM32L4]\STM32L476RGTX_FLASH.ld" --specs=nosys.specs -Wl,-Map="13_I2C Polling Mode_Slave[STM32L4].map" -Wl,--gc-sections -static --specs=nano.specs -mfpu=fpv4-sp-d16 -mfloat-abi=hard -mthumb -Wl,--start-group -lc -lm -Wl,--end-group
Finished building target: 13_I2C Polling Mode_Slave[STM32L4].elf
 
arm-none-eabi-size   13_I2C\ Polling\ Mode_Slave[STM32L4].elf 
arm-none-eabi-objdump -h -S  13_I2C\ Polling\ Mode_Slave[STM32L4].elf  > "13_I2C Polling Mode_Slave[STM32L4].list"
   text	   data	    bss	    dec	    hex	filename
  15392	     20	   1668	  17080	   42b8	13_I2C Polling Mode_Slave[STM32L4].elf
Finished building: default.size.stdout
 
Finished building: 13_I2C Polling Mode_Slave[STM32L4].list
 

00:13:35 Build Finished. 0 errors, 0 warnings. (took 2s.993ms)

