18:52:23 **** Incremental Build of configuration Debug for project 14_ADC polling Mode _ LED Dimmer ****
make -j4 all 
arm-none-eabi-gcc "../Core/Src/main.c" -mcpu=cortex-m4 -std=gnu11 -g3 -DDEBUG -DUSE_HAL_DRIVER -DSTM32L476xx -c -I../Core/Inc -I../Drivers/STM32L4xx_HAL_Driver/Inc -I../Drivers/STM32L4xx_HAL_Driver/Inc/Legacy -I../Drivers/CMSIS/Device/ST/STM32L4xx/Include -I../Drivers/CMSIS/Include -O0 -ffunction-sections -fdata-sections -Wall -fstack-usage -fcyclomatic-complexity -MMD -MP -MF"Core/Src/main.d" -MT"Core/Src/main.o" --specs=nano.specs -mfpu=fpv4-sp-d16 -mfloat-abi=hard -mthumb -o "Core/Src/main.o"
arm-none-eabi-gcc -o "14_ADC polling Mode _ LED Dimmer.elf" @"objects.list"   -mcpu=cortex-m4 -T"C:\Users\User\STM32CubeIDE\STM32_CubeIDE_Workspace\HAL Based Projects\14_ADC polling Mode _ LED Dimmer\STM32L476RGTX_FLASH.ld" --specs=nosys.specs -Wl,-Map="14_ADC polling Mode _ LED Dimmer.map" -Wl,--gc-sections -static --specs=nano.specs -mfpu=fpv4-sp-d16 -mfloat-abi=hard -mthumb -Wl,--start-group -lc -lm -Wl,--end-group
Finished building target: 14_ADC polling Mode _ LED Dimmer.elf
 
arm-none-eabi-size   14_ADC\ polling\ Mode\ _\ LED\ Dimmer.elf 
arm-none-eabi-objdump -h -S  14_ADC\ polling\ Mode\ _\ LED\ Dimmer.elf  > "14_ADC polling Mode _ LED Dimmer.list"
   text	   data	    bss	    dec	    hex	filename
  19308	     20	   1756	  21084	   525c	14_ADC polling Mode _ LED Dimmer.elf
Finished building: default.size.stdout
 
Finished building: 14_ADC polling Mode _ LED Dimmer.list
 

18:52:26 Build Finished. 0 errors, 0 warnings. (took 2s.268ms)

