01:00:35 **** Build of configuration Debug for project 17_DAC single mode ****
make -j4 all 
arm-none-eabi-gcc "../Core/Src/main.c" -mcpu=cortex-m4 -std=gnu11 -g3 -DDEBUG -DUSE_HAL_DRIVER -DSTM32L476xx -c -I../Core/Inc -I../Drivers/STM32L4xx_HAL_Driver/Inc -I../Drivers/STM32L4xx_HAL_Driver/Inc/Legacy -I../Drivers/CMSIS/Device/ST/STM32L4xx/Include -I../Drivers/CMSIS/Include -O0 -ffunction-sections -fdata-sections -Wall -fstack-usage -fcyclomatic-complexity -MMD -MP -MF"Core/Src/main.d" -MT"Core/Src/main.o" --specs=nano.specs -mfpu=fpv4-sp-d16 -mfloat-abi=hard -mthumb -o "Core/Src/main.o"
arm-none-eabi-gcc -o "17_DAC single mode.elf" @"objects.list"   -mcpu=cortex-m4 -T"C:\Users\User\STM32CubeIDE\STM32_CubeIDE_Workspace\HAL Based Projects\17_DAC single mode\STM32L476RGTX_FLASH.ld" --specs=nosys.specs -Wl,-Map="17_DAC single mode.map" -Wl,--gc-sections -static --specs=nano.specs -mfpu=fpv4-sp-d16 -mfloat-abi=hard -mthumb -Wl,--start-group -lc -lm -Wl,--end-group
Finished building target: 17_DAC single mode.elf
 
arm-none-eabi-size   17_DAC\ single\ mode.elf 
arm-none-eabi-objdump -h -S  17_DAC\ single\ mode.elf  > "17_DAC single mode.list"
   text	   data	    bss	    dec	    hex	filename
   7012	     20	   1596	   8628	   21b4	17_DAC single mode.elf
Finished building: default.size.stdout
 
Finished building: 17_DAC single mode.list
 

01:00:37 Build Finished. 0 errors, 0 warnings. (took 1s.682ms)

