21:43:59 **** Incremental Build of configuration Debug for project 1_Blink ****
make -j4 all 
arm-none-eabi-gcc "../Core/Src/main.c" -mcpu=cortex-m4 -std=gnu11 -g3 -DDEBUG -DUSE_HAL_DRIVER -DSTM32L476xx -c -I../Core/Inc -I../Drivers/STM32L4xx_HAL_Driver/Inc -I../Drivers/STM32L4xx_HAL_Driver/Inc/Legacy -I../Drivers/CMSIS/Device/ST/STM32L4xx/Include -I../Drivers/CMSIS/Include -O0 -ffunction-sections -fdata-sections -Wall -fstack-usage -fcyclomatic-complexity -MMD -MP -MF"Core/Src/main.d" -MT"Core/Src/main.o" --specs=nano.specs -mfpu=fpv4-sp-d16 -mfloat-abi=hard -mthumb -o "Core/Src/main.o"
arm-none-eabi-gcc -o "1_Blink.elf" @"objects.list"   -mcpu=cortex-m4 -T"C:\Users\User\STM32CubeIDE\STM32_CubeIDE_Workspace\HAL Based Projects\1_Blink\STM32L476RGTX_FLASH.ld" --specs=nosys.specs -Wl,-Map="1_Blink.map" -Wl,--gc-sections -static --specs=nano.specs -mfpu=fpv4-sp-d16 -mfloat-abi=hard -mthumb -Wl,--start-group -lc -lm -Wl,--end-group
Finished building target: 1_Blink.elf
 
arm-none-eabi-size  1_Blink.elf 
arm-none-eabi-objdump -h -S 1_Blink.elf  > "1_Blink.list"
   text	   data	    bss	    dec	    hex	filename
   6068	     20	   1572	   7660	   1dec	1_Blink.elf
Finished building: default.size.stdout
 
Finished building: 1_Blink.list
 

21:44:02 Build Finished. 0 errors, 0 warnings. (took 3s.612ms)

