17:06:12 **** Incremental Build of configuration Debug for project 2_Push Button ****
make -j4 all 
arm-none-eabi-gcc "../Core/Src/main.c" -mcpu=cortex-m4 -std=gnu11 -g3 -DDEBUG -DUSE_HAL_DRIVER -DSTM32L476xx -c -I../Core/Inc -I../Drivers/STM32L4xx_HAL_Driver/Inc -I../Drivers/STM32L4xx_HAL_Driver/Inc/Legacy -I../Drivers/CMSIS/Device/ST/STM32L4xx/Include -I../Drivers/CMSIS/Include -O0 -ffunction-sections -fdata-sections -Wall -fstack-usage -fcyclomatic-complexity -MMD -MP -MF"Core/Src/main.d" -MT"Core/Src/main.o" --specs=nano.specs -mfpu=fpv4-sp-d16 -mfloat-abi=hard -mthumb -o "Core/Src/main.o"
arm-none-eabi-gcc -o "2_Push Button.elf" @"objects.list"   -mcpu=cortex-m4 -T"C:\Users\User\STM32CubeIDE\STM32_CubeIDE_Workspace\HAL Based Projects\2_Push Button\STM32L476RGTX_FLASH.ld" --specs=nosys.specs -Wl,-Map="2_Push Button.map" -Wl,--gc-sections -static --specs=nano.specs -mfpu=fpv4-sp-d16 -mfloat-abi=hard -mthumb -Wl,--start-group -lc -lm -Wl,--end-group
Finished building target: 2_Push Button.elf
 
arm-none-eabi-size  2_Push\ Button.elf 
arm-none-eabi-objdump -h -S 2_Push\ Button.elf  > "2_Push Button.list"
   text	   data	    bss	    dec	    hex	filename
   6080	     20	   1572	   7672	   1df8	2_Push Button.elf
Finished building: default.size.stdout
 
Finished building: 2_Push Button.list
 

17:06:14 Build Finished. 0 errors, 0 warnings. (took 1s.772ms)

