16:57:50 **** Incremental Build of configuration Debug for project MPU 9250 - Based project -- Over I2C ****
make -j4 all 
arm-none-eabi-gcc "../Core/Src/main.c" -mcpu=cortex-m4 -std=gnu11 -g3 -DDEBUG -DUSE_HAL_DRIVER -DSTM32L476xx -c -I../Core/Inc -IC:/Users/User/STM32Cube/Repository/STM32Cube_FW_L4_V1.17.2/Drivers/STM32L4xx_HAL_Driver/Inc -IC:/Users/User/STM32Cube/Repository/STM32Cube_FW_L4_V1.17.2/Drivers/STM32L4xx_HAL_Driver/Inc/Legacy -IC:/Users/User/STM32Cube/Repository/STM32Cube_FW_L4_V1.17.2/Drivers/CMSIS/Device/ST/STM32L4xx/Include -IC:/Users/User/STM32Cube/Repository/STM32Cube_FW_L4_V1.17.2/Drivers/CMSIS/Include -O0 -ffunction-sections -fdata-sections -Wall -fstack-usage -fcyclomatic-complexity -MMD -MP -MF"Core/Src/main.d" -MT"Core/Src/main.o" --specs=nano.specs -mfpu=fpv4-sp-d16 -mfloat-abi=hard -mthumb -o "Core/Src/main.o"
arm-none-eabi-gcc -o "MPU 9250 - Based project -- Over I2C.elf" @"objects.list"   -mcpu=cortex-m4 -T"C:\Users\User\STM32CubeIDE\STM32_CubeIDE_Workspace\HAL Based Projects\MPU 9250 - Based project -- Over I2C\STM32L476RGTX_FLASH.ld" --specs=nosys.specs -Wl,-Map="MPU 9250 - Based project -- Over I2C.map" -Wl,--gc-sections -static --specs=nano.specs -mfpu=fpv4-sp-d16 -mfloat-abi=hard -mthumb -Wl,--start-group -lc -lm -Wl,--end-group
Finished building target: MPU 9250 - Based project -- Over I2C.elf
 
arm-none-eabi-size   MPU\ 9250\ -\ Based\ project\ --\ Over\ I2C.elf 
arm-none-eabi-objdump -h -S  MPU\ 9250\ -\ Based\ project\ --\ Over\ I2C.elf  > "MPU 9250 - Based project -- Over I2C.list"
   text	   data	    bss	    dec	    hex	filename
  10032	     24	   1712	  11768	   2df8	MPU 9250 - Based project -- Over I2C.elf
Finished building: default.size.stdout
 
Finished building: MPU 9250 - Based project -- Over I2C.list
 
16:58:12 **** Incremental Build of configuration Debug for project MPU 9250 - Based project -- Over I2C ****
make -j4 all 
arm-none-eabi-size   MPU\ 9250\ -\ Based\ project\ --\ Over\ I2C.elf 
   text	   data	    bss	    dec	    hex	filename
  10032	     24	   1712	  11768	   2df8	MPU 9250 - Based project -- Over I2C.elf
Finished building: default.size.stdout
 
16:37:57 **** Build of configuration Debug for project 7_Timer PWM Mode ****
make -j4 all 
arm-none-eabi-size   7_Timer\ PWM\ Mode.elf 
   text	   data	    bss	    dec	    hex	filename
  11528	     20	   1652	  13200	   3390	7_Timer PWM Mode.elf
Finished building: default.size.stdout
 
16:39:48 **** Incremental Build of configuration Debug for project 7_Timer PWM Mode ****
make -j4 all 
arm-none-eabi-gcc "../Core/Src/main.c" -mcpu=cortex-m4 -std=gnu11 -g3 -DDEBUG -DUSE_HAL_DRIVER -DSTM32L476xx -c -I../Core/Inc -I../Drivers/STM32L4xx_HAL_Driver/Inc -I../Drivers/STM32L4xx_HAL_Driver/Inc/Legacy -I../Drivers/CMSIS/Device/ST/STM32L4xx/Include -I../Drivers/CMSIS/Include -O0 -ffunction-sections -fdata-sections -Wall -fstack-usage -fcyclomatic-complexity -MMD -MP -MF"Core/Src/main.d" -MT"Core/Src/main.o" --specs=nano.specs -mfpu=fpv4-sp-d16 -mfloat-abi=hard -mthumb -o "Core/Src/main.o"
arm-none-eabi-gcc -o "7_Timer PWM Mode.elf" @"objects.list"   -mcpu=cortex-m4 -T"C:\Users\User\STM32CubeIDE\STM32_CubeIDE_Workspace\HAL Based Projects\7_Timer PWM Mode\STM32L476RGTX_FLASH.ld" --specs=nosys.specs -Wl,-Map="7_Timer PWM Mode.map" -Wl,--gc-sections -static --specs=nano.specs -mfpu=fpv4-sp-d16 -mfloat-abi=hard -mthumb -Wl,--start-group -lc -lm -Wl,--end-group
Finished building target: 7_Timer PWM Mode.elf
 
arm-none-eabi-size   7_Timer\ PWM\ Mode.elf 
arm-none-eabi-objdump -h -S  7_Timer\ PWM\ Mode.elf  > "7_Timer PWM Mode.list"
   text	   data	    bss	    dec	    hex	filename
  11528	     20	   1652	  13200	   3390	7_Timer PWM Mode.elf
Finished building: default.size.stdout
 
Finished building: 7_Timer PWM Mode.list
 
17:24:12 **** Incremental Build of configuration Debug for project 7_Timer PWM Mode ****
make -j4 all 
arm-none-eabi-size   7_Timer\ PWM\ Mode.elf 
   text	   data	    bss	    dec	    hex	filename
  11528	     20	   1652	  13200	   3390	7_Timer PWM Mode.elf
Finished building: default.size.stdout
 
17:29:26 **** Incremental Build of configuration Debug for project 7_Timer PWM Mode ****
make -j4 all 
arm-none-eabi-gcc "../Core/Src/main.c" -mcpu=cortex-m4 -std=gnu11 -g3 -DDEBUG -DUSE_HAL_DRIVER -DSTM32L476xx -c -I../Core/Inc -I../Drivers/STM32L4xx_HAL_Driver/Inc -I../Drivers/STM32L4xx_HAL_Driver/Inc/Legacy -I../Drivers/CMSIS/Device/ST/STM32L4xx/Include -I../Drivers/CMSIS/Include -O0 -ffunction-sections -fdata-sections -Wall -fstack-usage -fcyclomatic-complexity -MMD -MP -MF"Core/Src/main.d" -MT"Core/Src/main.o" --specs=nano.specs -mfpu=fpv4-sp-d16 -mfloat-abi=hard -mthumb -o "Core/Src/main.o"
arm-none-eabi-gcc -o "7_Timer PWM Mode.elf" @"objects.list"   -mcpu=cortex-m4 -T"C:\Users\User\STM32CubeIDE\STM32_CubeIDE_Workspace\HAL Based Projects\7_Timer PWM Mode\STM32L476RGTX_FLASH.ld" --specs=nosys.specs -Wl,-Map="7_Timer PWM Mode.map" -Wl,--gc-sections -static --specs=nano.specs -mfpu=fpv4-sp-d16 -mfloat-abi=hard -mthumb -Wl,--start-group -lc -lm -Wl,--end-group
Finished building target: 7_Timer PWM Mode.elf
 
arm-none-eabi-size   7_Timer\ PWM\ Mode.elf 
arm-none-eabi-objdump -h -S  7_Timer\ PWM\ Mode.elf  > "7_Timer PWM Mode.list"
   text	   data	    bss	    dec	    hex	filename
  11396	     20	   1644	  13060	   3304	7_Timer PWM Mode.elf
Finished building: default.size.stdout
 
Finished building: 7_Timer PWM Mode.list
 
17:48:48 **** Incremental Build of configuration Debug for project 7_Timer PWM Mode ****
make -j4 all 
arm-none-eabi-gcc "../Core/Src/main.c" -mcpu=cortex-m4 -std=gnu11 -g3 -DDEBUG -DUSE_HAL_DRIVER -DSTM32L476xx -c -I../Core/Inc -I../Drivers/STM32L4xx_HAL_Driver/Inc -I../Drivers/STM32L4xx_HAL_Driver/Inc/Legacy -I../Drivers/CMSIS/Device/ST/STM32L4xx/Include -I../Drivers/CMSIS/Include -O0 -ffunction-sections -fdata-sections -Wall -fstack-usage -fcyclomatic-complexity -MMD -MP -MF"Core/Src/main.d" -MT"Core/Src/main.o" --specs=nano.specs -mfpu=fpv4-sp-d16 -mfloat-abi=hard -mthumb -o "Core/Src/main.o"
arm-none-eabi-gcc -o "7_Timer PWM Mode.elf" @"objects.list"   -mcpu=cortex-m4 -T"C:\Users\User\STM32CubeIDE\STM32_CubeIDE_Workspace\HAL Based Projects\7_Timer PWM Mode\STM32L476RGTX_FLASH.ld" --specs=nosys.specs -Wl,-Map="7_Timer PWM Mode.map" -Wl,--gc-sections -static --specs=nano.specs -mfpu=fpv4-sp-d16 -mfloat-abi=hard -mthumb -Wl,--start-group -lc -lm -Wl,--end-group
Finished building target: 7_Timer PWM Mode.elf
 
arm-none-eabi-size   7_Timer\ PWM\ Mode.elf 
arm-none-eabi-objdump -h -S  7_Timer\ PWM\ Mode.elf  > "7_Timer PWM Mode.list"
   text	   data	    bss	    dec	    hex	filename
  11372	     20	   1644	  13036	   32ec	7_Timer PWM Mode.elf
Finished building: default.size.stdout
 
Finished building: 7_Timer PWM Mode.list
 
17:56:11 **** Incremental Build of configuration Debug for project 7_Timer PWM Mode ****
make -j4 all 
arm-none-eabi-size   7_Timer\ PWM\ Mode.elf 
   text	   data	    bss	    dec	    hex	filename
  11372	     20	   1644	  13036	   32ec	7_Timer PWM Mode.elf
Finished building: default.size.stdout
 
18:08:46 **** Incremental Build of configuration Debug for project 7_Timer PWM Mode ****
make -j4 all 
arm-none-eabi-gcc "../Core/Src/main.c" -mcpu=cortex-m4 -std=gnu11 -g3 -DDEBUG -DUSE_HAL_DRIVER -DSTM32L476xx -c -I../Core/Inc -I../Drivers/STM32L4xx_HAL_Driver/Inc -I../Drivers/STM32L4xx_HAL_Driver/Inc/Legacy -I../Drivers/CMSIS/Device/ST/STM32L4xx/Include -I../Drivers/CMSIS/Include -O0 -ffunction-sections -fdata-sections -Wall -fstack-usage -fcyclomatic-complexity -MMD -MP -MF"Core/Src/main.d" -MT"Core/Src/main.o" --specs=nano.specs -mfpu=fpv4-sp-d16 -mfloat-abi=hard -mthumb -o "Core/Src/main.o"
arm-none-eabi-gcc -o "7_Timer PWM Mode.elf" @"objects.list"   -mcpu=cortex-m4 -T"C:\Users\User\STM32CubeIDE\STM32_CubeIDE_Workspace\HAL Based Projects\7_Timer PWM Mode\STM32L476RGTX_FLASH.ld" --specs=nosys.specs -Wl,-Map="7_Timer PWM Mode.map" -Wl,--gc-sections -static --specs=nano.specs -mfpu=fpv4-sp-d16 -mfloat-abi=hard -mthumb -Wl,--start-group -lc -lm -Wl,--end-group
Finished building target: 7_Timer PWM Mode.elf
 
arm-none-eabi-size   7_Timer\ PWM\ Mode.elf 
arm-none-eabi-objdump -h -S  7_Timer\ PWM\ Mode.elf  > "7_Timer PWM Mode.list"
   text	   data	    bss	    dec	    hex	filename
  11372	     20	   1644	  13036	   32ec	7_Timer PWM Mode.elf
Finished building: default.size.stdout
 
Finished building: 7_Timer PWM Mode.list
 
18:10:51 **** Build of configuration Debug for project 14_ADC polling Mode _ LED Dimmer ****
make -j4 all 
arm-none-eabi-gcc "../Core/Src/main.c" -mcpu=cortex-m4 -std=gnu11 -g3 -DDEBUG -DUSE_HAL_DRIVER -DSTM32L476xx -c -I../Core/Inc -I../Drivers/STM32L4xx_HAL_Driver/Inc -I../Drivers/STM32L4xx_HAL_Driver/Inc/Legacy -I../Drivers/CMSIS/Device/ST/STM32L4xx/Include -I../Drivers/CMSIS/Include -O0 -ffunction-sections -fdata-sections -Wall -fstack-usage -fcyclomatic-complexity -MMD -MP -MF"Core/Src/main.d" -MT"Core/Src/main.o" --specs=nano.specs -mfpu=fpv4-sp-d16 -mfloat-abi=hard -mthumb -o "Core/Src/main.o"
arm-none-eabi-gcc -o "14_ADC polling Mode _ LED Dimmer.elf" @"objects.list"   -mcpu=cortex-m4 -T"C:\Users\User\STM32CubeIDE\STM32_CubeIDE_Workspace\HAL Based Projects\14_ADC polling Mode _ LED Dimmer\STM32L476RGTX_FLASH.ld" --specs=nosys.specs -Wl,-Map="14_ADC polling Mode _ LED Dimmer.map" -Wl,--gc-sections -static --specs=nano.specs -mfpu=fpv4-sp-d16 -mfloat-abi=hard -mthumb -Wl,--start-group -lc -lm -Wl,--end-group
Finished building target: 14_ADC polling Mode _ LED Dimmer.elf
 
arm-none-eabi-size   14_ADC\ polling\ Mode\ _\ LED\ Dimmer.elf 
arm-none-eabi-objdump -h -S  14_ADC\ polling\ Mode\ _\ LED\ Dimmer.elf  > "14_ADC polling Mode _ LED Dimmer.list"
   text	   data	    bss	    dec	    hex	filename
  19332	     20	   1756	  21108	   5274	14_ADC polling Mode _ LED Dimmer.elf
Finished building: default.size.stdout
 
Finished building: 14_ADC polling Mode _ LED Dimmer.list
 
18:12:14 **** Incremental Build of configuration Debug for project 14_ADC polling Mode _ LED Dimmer ****
make -j4 all 
arm-none-eabi-size   14_ADC\ polling\ Mode\ _\ LED\ Dimmer.elf 
   text	   data	    bss	    dec	    hex	filename
  19332	     20	   1756	  21108	   5274	14_ADC polling Mode _ LED Dimmer.elf
Finished building: default.size.stdout
 
18:22:45 **** Build of configuration Debug for project 17_DAC single mode ****
make -j4 all 
arm-none-eabi-size   17_DAC\ single\ mode.elf 
   text	   data	    bss	    dec	    hex	filename
   7012	     20	   1596	   8628	   21b4	17_DAC single mode.elf
Finished building: default.size.stdout
 
18:23:58 **** Incremental Build of configuration Debug for project 17_DAC single mode ****
make -j4 all 
arm-none-eabi-size   17_DAC\ single\ mode.elf 
   text	   data	    bss	    dec	    hex	filename
   7012	     20	   1596	   8628	   21b4	17_DAC single mode.elf
Finished building: default.size.stdout
 
18:27:35 **** Incremental Build of configuration Debug for project 17_DAC single mode ****
make -j4 all 
arm-none-eabi-size   17_DAC\ single\ mode.elf 
   text	   data	    bss	    dec	    hex	filename
   7012	     20	   1596	   8628	   21b4	17_DAC single mode.elf
Finished building: default.size.stdout
 
18:28:44 **** Build of configuration Debug for project 17_DAC single mode_Sine wave generation ****
make -j4 all 
arm-none-eabi-gcc "../Core/Src/main.c" -mcpu=cortex-m4 -std=gnu11 -g3 -DDEBUG -DUSE_HAL_DRIVER -DSTM32L476xx -c -I../Core/Inc -I../Drivers/STM32L4xx_HAL_Driver/Inc -I../Drivers/STM32L4xx_HAL_Driver/Inc/Legacy -I../Drivers/CMSIS/Device/ST/STM32L4xx/Include -I../Drivers/CMSIS/Include -O0 -ffunction-sections -fdata-sections -Wall -fstack-usage -fcyclomatic-complexity -MMD -MP -MF"Core/Src/main.d" -MT"Core/Src/main.o" --specs=nano.specs -mfpu=fpv4-sp-d16 -mfloat-abi=hard -mthumb -o "Core/Src/main.o"
arm-none-eabi-gcc -o "17_DAC single mode_Sine wave generation.elf" @"objects.list"   -mcpu=cortex-m4 -T"C:\Users\User\STM32CubeIDE\STM32_CubeIDE_Workspace\HAL Based Projects\17_DAC single mode_Sine wave generation\STM32L476RGTX_FLASH.ld" --specs=nosys.specs -Wl,-Map="17_DAC single mode_Sine wave generation.map" -Wl,--gc-sections -static --specs=nano.specs -mfpu=fpv4-sp-d16 -mfloat-abi=hard -mthumb -Wl,--start-group -lc -lm -Wl,--end-group
Finished building target: 17_DAC single mode_Sine wave generation.elf
 
arm-none-eabi-size   17_DAC\ single\ mode_Sine\ wave\ generation.elf 
arm-none-eabi-objdump -h -S  17_DAC\ single\ mode_Sine\ wave\ generation.elf  > "17_DAC single mode_Sine wave generation.list"
   text	   data	    bss	    dec	    hex	filename
  10780	    532	   1740	  13052	   32fc	17_DAC single mode_Sine wave generation.elf
Finished building: default.size.stdout
 
Finished building: 17_DAC single mode_Sine wave generation.list
 
18:30:32 **** Incremental Build of configuration Debug for project 17_DAC single mode_Sine wave generation ****
make -j4 all 
arm-none-eabi-size   17_DAC\ single\ mode_Sine\ wave\ generation.elf 
   text	   data	    bss	    dec	    hex	filename
  10780	    532	   1740	  13052	   32fc	17_DAC single mode_Sine wave generation.elf
Finished building: default.size.stdout
 
18:52:23 **** Incremental Build of configuration Debug for project 14_ADC polling Mode _ LED Dimmer ****
make -j4 all 
arm-none-eabi-gcc "../Core/Src/main.c" -mcpu=cortex-m4 -std=gnu11 -g3 -DDEBUG -DUSE_HAL_DRIVER -DSTM32L476xx -c -I../Core/Inc -I../Drivers/STM32L4xx_HAL_Driver/Inc -I../Drivers/STM32L4xx_HAL_Driver/Inc/Legacy -I../Drivers/CMSIS/Device/ST/STM32L4xx/Include -I../Drivers/CMSIS/Include -O0 -ffunction-sections -fdata-sections -Wall -fstack-usage -fcyclomatic-complexity -MMD -MP -MF"Core/Src/main.d" -MT"Core/Src/main.o" --specs=nano.specs -mfpu=fpv4-sp-d16 -mfloat-abi=hard -mthumb -o "Core/Src/main.o"
arm-none-eabi-gcc -o "14_ADC polling Mode _ LED Dimmer.elf" @"objects.list"   -mcpu=cortex-m4 -T"C:\Users\User\STM32CubeIDE\STM32_CubeIDE_Workspace\HAL Based Projects\14_ADC polling Mode _ LED Dimmer\STM32L476RGTX_FLASH.ld" --specs=nosys.specs -Wl,-Map="14_ADC polling Mode _ LED Dimmer.map" -Wl,--gc-sections -static --specs=nano.specs -mfpu=fpv4-sp-d16 -mfloat-abi=hard -mthumb -Wl,--start-group -lc -lm -Wl,--end-group
Finished building target: 14_ADC polling Mode _ LED Dimmer.elf
 
arm-none-eabi-size   14_ADC\ polling\ Mode\ _\ LED\ Dimmer.elf 
arm-none-eabi-objdump -h -S  14_ADC\ polling\ Mode\ _\ LED\ Dimmer.elf  > "14_ADC polling Mode _ LED Dimmer.list"
   text	   data	    bss	    dec	    hex	filename
  19308	     20	   1756	  21084	   525c	14_ADC polling Mode _ LED Dimmer.elf
Finished building: default.size.stdout
 
Finished building: 14_ADC polling Mode _ LED Dimmer.list
 
