03:01:41 **** Incremental Build of configuration Debug for project Testing_BLE ****
make -j4 all 
arm-none-eabi-gcc "../Core/Src/main.c" -mcpu=cortex-m4 -std=gnu11 -g3 -DDEBUG -DUSE_HAL_DRIVER -DSTM32L476xx -c -I../Core/Inc -I../Drivers/STM32L4xx_HAL_Driver/Inc -I../Drivers/STM32L4xx_HAL_Driver/Inc/Legacy -I../Drivers/CMSIS/Device/ST/STM32L4xx/Include -I../Drivers/CMSIS/Include -O0 -ffunction-sections -fdata-sections -Wall -fstack-usage -fcyclomatic-complexity -MMD -MP -MF"Core/Src/main.d" -MT"Core/Src/main.o" --specs=nano.specs -mfpu=fpv4-sp-d16 -mfloat-abi=hard -mthumb -o "Core/Src/main.o"
arm-none-eabi-gcc "../Core/Src/stm32l4xx_hal_msp.c" -mcpu=cortex-m4 -std=gnu11 -g3 -DDEBUG -DUSE_HAL_DRIVER -DSTM32L476xx -c -I../Core/Inc -I../Drivers/STM32L4xx_HAL_Driver/Inc -I../Drivers/STM32L4xx_HAL_Driver/Inc/Legacy -I../Drivers/CMSIS/Device/ST/STM32L4xx/Include -I../Drivers/CMSIS/Include -O0 -ffunction-sections -fdata-sections -Wall -fstack-usage -fcyclomatic-complexity -MMD -MP -MF"Core/Src/stm32l4xx_hal_msp.d" -MT"Core/Src/stm32l4xx_hal_msp.o" --specs=nano.specs -mfpu=fpv4-sp-d16 -mfloat-abi=hard -mthumb -o "Core/Src/stm32l4xx_hal_msp.o"
arm-none-eabi-gcc "../Core/Src/stm32l4xx_it.c" -mcpu=cortex-m4 -std=gnu11 -g3 -DDEBUG -DUSE_HAL_DRIVER -DSTM32L476xx -c -I../Core/Inc -I../Drivers/STM32L4xx_HAL_Driver/Inc -I../Drivers/STM32L4xx_HAL_Driver/Inc/Legacy -I../Drivers/CMSIS/Device/ST/STM32L4xx/Include -I../Drivers/CMSIS/Include -O0 -ffunction-sections -fdata-sections -Wall -fstack-usage -fcyclomatic-complexity -MMD -MP -MF"Core/Src/stm32l4xx_it.d" -MT"Core/Src/stm32l4xx_it.o" --specs=nano.specs -mfpu=fpv4-sp-d16 -mfloat-abi=hard -mthumb -o "Core/Src/stm32l4xx_it.o"
../Core/Src/main.c: In function 'HAL_UART_RxCpltCallback':
../Core/Src/main.c:248:17: warning: implicit declaration of function 'sprintf' [-Wimplicit-function-declaration]
  248 |                 sprintf(TX_BUFFER,"Received data: %d \r\n", &RX_BUFFER[0]);
      |                 ^~~~~~~
../Core/Src/main.c:21:1: note: include '<stdio.h>' or provide a declaration of 'sprintf'
   20 | #include "main.h"
  +++ |+#include <stdio.h>
   21 | 
../Core/Src/main.c:248:17: warning: incompatible implicit declaration of built-in function 'sprintf' [-Wbuiltin-declaration-mismatch]
  248 |                 sprintf(TX_BUFFER,"Received data: %d \r\n", &RX_BUFFER[0]);
      |                 ^~~~~~~
../Core/Src/main.c:248:17: note: include '<stdio.h>' or provide a declaration of 'sprintf'
../Core/Src/main.c:248:25: warning: pointer targets in passing argument 1 of 'sprintf' differ in signedness [-Wpointer-sign]
  248 |                 sprintf(TX_BUFFER,"Received data: %d \r\n", &RX_BUFFER[0]);
      |                         ^~~~~~~~~
      |                         |
      |                         uint8_t * {aka unsigned char *}
../Core/Src/main.c:248:25: note: expected 'char *' but argument is of type 'uint8_t *' {aka 'unsigned char *'}
../Core/Src/main.c:248:52: warning: format '%d' expects argument of type 'int', but argument 3 has type 'uint8_t *' {aka 'unsigned char *'} [-Wformat=]
  248 |                 sprintf(TX_BUFFER,"Received data: %d \r\n", &RX_BUFFER[0]);
      |                                                   ~^        ~~~~~~~~~~~~~
      |                                                    |        |
      |                                                    int      uint8_t * {aka unsigned char *}
      |                                                   %hhn
arm-none-eabi-gcc -o "Testing_BLE.elf" @"objects.list"   -mcpu=cortex-m4 -T"C:\Users\User\STM32CubeIDE\STM32_CubeIDE_Workspace\HAL Based Projects\Testing_BLE\STM32L476RGTX_FLASH.ld" --specs=nosys.specs -Wl,-Map="Testing_BLE.map" -Wl,--gc-sections -static --specs=nano.specs -mfpu=fpv4-sp-d16 -mfloat-abi=hard -mthumb -Wl,--start-group -lc -lm -Wl,--end-group
Finished building target: Testing_BLE.elf
 
arm-none-eabi-size  Testing_BLE.elf 
arm-none-eabi-objdump -h -S Testing_BLE.elf  > "Testing_BLE.list"
   text	   data	    bss	    dec	    hex	filename
  18604	    100	   2060	  20764	   511c	Testing_BLE.elf
Finished building: default.size.stdout
 
Finished building: Testing_BLE.list
 
03:01:45 **** Incremental Build of configuration Debug for project Testing_BLE ****
make -j4 all 
arm-none-eabi-size  Testing_BLE.elf 
   text	   data	    bss	    dec	    hex	filename
  18604	    100	   2060	  20764	   511c	Testing_BLE.elf
Finished building: default.size.stdout
 
03:12:13 **** Incremental Build of configuration Debug for project Testing_BLE ****
make -j4 all 
arm-none-eabi-size  Testing_BLE.elf 
   text	   data	    bss	    dec	    hex	filename
  18604	    100	   2060	  20764	   511c	Testing_BLE.elf
Finished building: default.size.stdout
 
