23:53:21 **** Incremental Build of configuration Debug for project MiniProject _ UART data stream reading ****
make -j4 all 
arm-none-eabi-gcc "../Src/main.c" -mcpu=cortex-m4 -std=gnu11 -g3 -DDEBUG -DUSE_HAL_DRIVER -DSTM32L476xx -c -I../Inc -I../Drivers/STM32L4xx_HAL_Driver/Inc -I../Drivers/STM32L4xx_HAL_Driver/Inc/Legacy -I../Drivers/CMSIS/Device/ST/STM32L4xx/Include -I../Drivers/CMSIS/Include -O0 -ffunction-sections -fdata-sections -Wall -fstack-usage -fcyclomatic-complexity -MMD -MP -MF"Src/main.d" -MT"Src/main.o" --specs=nano.specs -mfpu=fpv4-sp-d16 -mfloat-abi=hard -mthumb -o "Src/main.o"
arm-none-eabi-gcc "../Src/stm32l4xx_hal_msp.c" -mcpu=cortex-m4 -std=gnu11 -g3 -DDEBUG -DUSE_HAL_DRIVER -DSTM32L476xx -c -I../Inc -I../Drivers/STM32L4xx_HAL_Driver/Inc -I../Drivers/STM32L4xx_HAL_Driver/Inc/Legacy -I../Drivers/CMSIS/Device/ST/STM32L4xx/Include -I../Drivers/CMSIS/Include -O0 -ffunction-sections -fdata-sections -Wall -fstack-usage -fcyclomatic-complexity -MMD -MP -MF"Src/stm32l4xx_hal_msp.d" -MT"Src/stm32l4xx_hal_msp.o" --specs=nano.specs -mfpu=fpv4-sp-d16 -mfloat-abi=hard -mthumb -o "Src/stm32l4xx_hal_msp.o"
arm-none-eabi-gcc "../Src/stm32l4xx_it.c" -mcpu=cortex-m4 -std=gnu11 -g3 -DDEBUG -DUSE_HAL_DRIVER -DSTM32L476xx -c -I../Inc -I../Drivers/STM32L4xx_HAL_Driver/Inc -I../Drivers/STM32L4xx_HAL_Driver/Inc/Legacy -I../Drivers/CMSIS/Device/ST/STM32L4xx/Include -I../Drivers/CMSIS/Include -O0 -ffunction-sections -fdata-sections -Wall -fstack-usage -fcyclomatic-complexity -MMD -MP -MF"Src/stm32l4xx_it.d" -MT"Src/stm32l4xx_it.o" --specs=nano.specs -mfpu=fpv4-sp-d16 -mfloat-abi=hard -mthumb -o "Src/stm32l4xx_it.o"
arm-none-eabi-gcc -o "MiniProject _ UART data stream reading.elf" @"objects.list"   -mcpu=cortex-m4 -T"C:\Users\User\STM32CubeIDE\STM32_CubeIDE_Workspace\HAL Based Projects\MiniProject _ UART data stream reading\STM32L476RGTX_FLASH.ld" --specs=nosys.specs -Wl,-Map="MiniProject _ UART data stream reading.map" -Wl,--gc-sections -static --specs=nano.specs -mfpu=fpv4-sp-d16 -mfloat-abi=hard -mthumb -Wl,--start-group -lc -lm -Wl,--end-group
Finished building target: MiniProject _ UART data stream reading.elf
 
arm-none-eabi-size   MiniProject\ _\ UART\ data\ stream\ reading.elf 
arm-none-eabi-objdump -h -S  MiniProject\ _\ UART\ data\ stream\ reading.elf  > "MiniProject _ UART data stream reading.list"
   text	   data	    bss	    dec	    hex	filename
  24132	     20	   1908	  26060	   65cc	MiniProject _ UART data stream reading.elf
Finished building: default.size.stdout
 
Finished building: MiniProject _ UART data stream reading.list
 
23:53:29 **** Incremental Build of configuration Debug for project MiniProject _ UART data stream reading ****
make -j4 all 
arm-none-eabi-size   MiniProject\ _\ UART\ data\ stream\ reading.elf 
   text	   data	    bss	    dec	    hex	filename
  24132	     20	   1908	  26060	   65cc	MiniProject _ UART data stream reading.elf
Finished building: default.size.stdout
 
00:00:26 **** Incremental Build of configuration Debug for project MiniProject _ UART data stream reading ****
make -j4 all 
arm-none-eabi-size   MiniProject\ _\ UART\ data\ stream\ reading.elf 
   text	   data	    bss	    dec	    hex	filename
  24132	     20	   1908	  26060	   65cc	MiniProject _ UART data stream reading.elf
Finished building: default.size.stdout
 
00:01:55 **** Incremental Build of configuration Debug for project MiniProject _ UART data stream reading ****
make -j4 all 
arm-none-eabi-size   MiniProject\ _\ UART\ data\ stream\ reading.elf 
   text	   data	    bss	    dec	    hex	filename
  24132	     20	   1908	  26060	   65cc	MiniProject _ UART data stream reading.elf
Finished building: default.size.stdout
 
