14:22:05 **** Incremental Build of configuration Debug for project test ****
make -j4 all 
arm-none-eabi-gcc "../Core/Src/main.c" -mcpu=cortex-m4 -std=gnu11 -g3 -DDEBUG -DUSE_HAL_DRIVER -DSTM32L476xx -c -I../Core/Inc -I../Drivers/STM32L4xx_HAL_Driver/Inc -I../Drivers/STM32L4xx_HAL_Driver/Inc/Legacy -I../Drivers/CMSIS/Device/ST/STM32L4xx/Include -I../Drivers/CMSIS/Include -O0 -ffunction-sections -fdata-sections -Wall -fstack-usage -fcyclomatic-complexity -MMD -MP -MF"Core/Src/main.d" -MT"Core/Src/main.o" --specs=nano.specs -mfpu=fpv4-sp-d16 -mfloat-abi=hard -mthumb -o "Core/Src/main.o"
arm-none-eabi-gcc "../Core/Src/stm32l4xx_hal_msp.c" -mcpu=cortex-m4 -std=gnu11 -g3 -DDEBUG -DUSE_HAL_DRIVER -DSTM32L476xx -c -I../Core/Inc -I../Drivers/STM32L4xx_HAL_Driver/Inc -I../Drivers/STM32L4xx_HAL_Driver/Inc/Legacy -I../Drivers/CMSIS/Device/ST/STM32L4xx/Include -I../Drivers/CMSIS/Include -O0 -ffunction-sections -fdata-sections -Wall -fstack-usage -fcyclomatic-complexity -MMD -MP -MF"Core/Src/stm32l4xx_hal_msp.d" -MT"Core/Src/stm32l4xx_hal_msp.o" --specs=nano.specs -mfpu=fpv4-sp-d16 -mfloat-abi=hard -mthumb -o "Core/Src/stm32l4xx_hal_msp.o"
arm-none-eabi-gcc -o "test.elf" @"objects.list"   -mcpu=cortex-m4 -T"C:\Users\User\STM32CubeIDE\STM32_CubeIDE_Workspace\HAL Based Projects\test\STM32L476RGTX_FLASH.ld" --specs=nosys.specs -Wl,-Map="test.map" -Wl,--gc-sections -static --specs=nano.specs -mfpu=fpv4-sp-d16 -mfloat-abi=hard -mthumb -Wl,--start-group -lc -lm -Wl,--end-group
Finished building target: test.elf
 
arm-none-eabi-size  test.elf 
arm-none-eabi-objdump -h -S test.elf  > "test.list"
   text	   data	    bss	    dec	    hex	filename
   6140	     20	   1572	   7732	   1e34	test.elf
Finished building: default.size.stdout
 
Finished building: test.list
 
14:22:40 **** Incremental Build of configuration Debug for project test ****
make -j4 all 
arm-none-eabi-size  test.elf 
   text	   data	    bss	    dec	    hex	filename
   6140	     20	   1572	   7732	   1e34	test.elf
Finished building: default.size.stdout
 
11:43:45 **** Incremental Build of configuration Debug for project Dummy Robot ****
make -j4 all 
arm-none-eabi-size  Dummy\ Robot.elf 
   text	   data	    bss	    dec	    hex	filename
  40060	    476	   2460	  42996	   a7f4	Dummy Robot.elf
Finished building: default.size.stdout
 
11:55:36 **** Incremental Build of configuration Debug for project Dummy Robot ****
make -j4 all 
arm-none-eabi-size  Dummy\ Robot.elf 
   text	   data	    bss	    dec	    hex	filename
  40060	    476	   2460	  42996	   a7f4	Dummy Robot.elf
Finished building: default.size.stdout
 
11:58:24 **** Incremental Build of configuration Debug for project Dummy Robot ****
make -j4 all 
arm-none-eabi-size  Dummy\ Robot.elf 
   text	   data	    bss	    dec	    hex	filename
  40060	    476	   2460	  42996	   a7f4	Dummy Robot.elf
Finished building: default.size.stdout
 
12:00:24 **** Incremental Build of configuration Debug for project Dummy Robot ****
make -j4 all 
arm-none-eabi-size  Dummy\ Robot.elf 
   text	   data	    bss	    dec	    hex	filename
  40060	    476	   2460	  42996	   a7f4	Dummy Robot.elf
Finished building: default.size.stdout
 
