00:01:56 **** Incremental Build of configuration Debug for project Push Button inter ****
make -j4 all 
arm-none-eabi-gcc "../Core/Src/main.c" -mcpu=cortex-m4 -std=gnu11 -g3 -DDEBUG -DUSE_HAL_DRIVER -DSTM32L476xx -c -I../Core/Inc -I../Drivers/STM32L4xx_HAL_Driver/Inc -I../Drivers/STM32L4xx_HAL_Driver/Inc/Legacy -I../Drivers/CMSIS/Device/ST/STM32L4xx/Include -I../Drivers/CMSIS/Include -O0 -ffunction-sections -fdata-sections -Wall -fstack-usage -fcyclomatic-complexity -MMD -MP -MF"Core/Src/main.d" -MT"Core/Src/main.o" --specs=nano.specs -mfpu=fpv4-sp-d16 -mfloat-abi=hard -mthumb -o "Core/Src/main.o"
arm-none-eabi-gcc -o "Push Button inter.elf" @"objects.list"   -mcpu=cortex-m4 -T"C:\Users\User\STM32CubeIDE\STM32_CubeIDE_Workspace\HAL Based Projects\Push Button inter\STM32L476RGTX_FLASH.ld" --specs=nosys.specs -Wl,-Map="Push Button inter.map" -Wl,--gc-sections -static --specs=nano.specs -mfpu=fpv4-sp-d16 -mfloat-abi=hard -mthumb -Wl,--start-group -lc -lm -Wl,--end-group
Finished building target: Push Button inter.elf
 
arm-none-eabi-size   Push\ Button\ inter.elf 
arm-none-eabi-objdump -h -S  Push\ Button\ inter.elf  > "Push Button inter.list"
   text	   data	    bss	    dec	    hex	filename
   6284	     20	   1572	   7876	   1ec4	Push Button inter.elf
Finished building: default.size.stdout
 
Finished building: Push Button inter.list
 
00:02:01 **** Incremental Build of configuration Debug for project Push Button inter ****
make -j4 all 
arm-none-eabi-size   Push\ Button\ inter.elf 
   text	   data	    bss	    dec	    hex	filename
   6284	     20	   1572	   7876	   1ec4	Push Button inter.elf
Finished building: default.size.stdout
 
