16:57:50 **** Incremental Build of configuration Debug for project MPU 9250 - Based project -- Over I2C ****
make -j4 all 
arm-none-eabi-gcc "../Core/Src/main.c" -mcpu=cortex-m4 -std=gnu11 -g3 -DDEBUG -DUSE_HAL_DRIVER -DSTM32L476xx -c -I../Core/Inc -IC:/Users/User/STM32Cube/Repository/STM32Cube_FW_L4_V1.17.2/Drivers/STM32L4xx_HAL_Driver/Inc -IC:/Users/User/STM32Cube/Repository/STM32Cube_FW_L4_V1.17.2/Drivers/STM32L4xx_HAL_Driver/Inc/Legacy -IC:/Users/User/STM32Cube/Repository/STM32Cube_FW_L4_V1.17.2/Drivers/CMSIS/Device/ST/STM32L4xx/Include -IC:/Users/User/STM32Cube/Repository/STM32Cube_FW_L4_V1.17.2/Drivers/CMSIS/Include -O0 -ffunction-sections -fdata-sections -Wall -fstack-usage -fcyclomatic-complexity -MMD -MP -MF"Core/Src/main.d" -MT"Core/Src/main.o" --specs=nano.specs -mfpu=fpv4-sp-d16 -mfloat-abi=hard -mthumb -o "Core/Src/main.o"
arm-none-eabi-gcc -o "MPU 9250 - Based project -- Over I2C.elf" @"objects.list"   -mcpu=cortex-m4 -T"C:\Users\User\STM32CubeIDE\STM32_CubeIDE_Workspace\HAL Based Projects\MPU 9250 - Based project -- Over I2C\STM32L476RGTX_FLASH.ld" --specs=nosys.specs -Wl,-Map="MPU 9250 - Based project -- Over I2C.map" -Wl,--gc-sections -static --specs=nano.specs -mfpu=fpv4-sp-d16 -mfloat-abi=hard -mthumb -Wl,--start-group -lc -lm -Wl,--end-group
Finished building target: MPU 9250 - Based project -- Over I2C.elf
 
arm-none-eabi-size   MPU\ 9250\ -\ Based\ project\ --\ Over\ I2C.elf 
arm-none-eabi-objdump -h -S  MPU\ 9250\ -\ Based\ project\ --\ Over\ I2C.elf  > "MPU 9250 - Based project -- Over I2C.list"
   text	   data	    bss	    dec	    hex	filename
  10032	     24	   1712	  11768	   2df8	MPU 9250 - Based project -- Over I2C.elf
Finished building: default.size.stdout
 
Finished building: MPU 9250 - Based project -- Over I2C.list
 
16:58:12 **** Incremental Build of configuration Debug for project MPU 9250 - Based project -- Over I2C ****
make -j4 all 
arm-none-eabi-size   MPU\ 9250\ -\ Based\ project\ --\ Over\ I2C.elf 
   text	   data	    bss	    dec	    hex	filename
  10032	     24	   1712	  11768	   2df8	MPU 9250 - Based project -- Over I2C.elf
Finished building: default.size.stdout
 
