21:53:23 **** Incremental Build of configuration Debug for project 15_SPI Slave Receiver_Polling Mode ****
make -j4 all 
arm-none-eabi-gcc "../Core/Src/main.c" -mcpu=cortex-m0plus -std=gnu11 -g3 -DDEBUG -DUSE_HAL_DRIVER -DSTM32G031xx -c -I../Core/Inc -I../Drivers/STM32G0xx_HAL_Driver/Inc -I../Drivers/STM32G0xx_HAL_Driver/Inc/Legacy -I../Drivers/CMSIS/Device/ST/STM32G0xx/Include -I../Drivers/CMSIS/Include -O0 -ffunction-sections -fdata-sections -Wall -fstack-usage -fcyclomatic-complexity -MMD -MP -MF"Core/Src/main.d" -MT"Core/Src/main.o" --specs=nano.specs -mfloat-abi=soft -mthumb -o "Core/Src/main.o"
arm-none-eabi-gcc -o "15_SPI Slave Receiver_Polling Mode.elf" @"objects.list"   -mcpu=cortex-m0plus -T"C:\Users\User\STM32CubeIDE\STM32_CubeIDE_Workspace\HAL Based Projects\15_SPI Slave Receiver_Polling Mode\STM32G031J6MX_FLASH.ld" --specs=nosys.specs -Wl,-Map="15_SPI Slave Receiver_Polling Mode.map" -Wl,--gc-sections -static --specs=nano.specs -mfloat-abi=soft -mthumb -Wl,--start-group -lc -lm -Wl,--end-group
Finished building target: 15_SPI Slave Receiver_Polling Mode.elf
 
arm-none-eabi-size   15_SPI\ Slave\ Receiver_Polling\ Mode.elf 
arm-none-eabi-objdump -h -S  15_SPI\ Slave\ Receiver_Polling\ Mode.elf  > "15_SPI Slave Receiver_Polling Mode.list"
   text	   data	    bss	    dec	    hex	filename
   8344	     20	   1684	  10048	   2740	15_SPI Slave Receiver_Polling Mode.elf
Finished building: default.size.stdout
 
Finished building: 15_SPI Slave Receiver_Polling Mode.list
 
21:53:41 **** Incremental Build of configuration Debug for project 15_SPI Slave Receiver_Polling Mode ****
make -j4 all 
arm-none-eabi-size   15_SPI\ Slave\ Receiver_Polling\ Mode.elf 
   text	   data	    bss	    dec	    hex	filename
   8344	     20	   1684	  10048	   2740	15_SPI Slave Receiver_Polling Mode.elf
Finished building: default.size.stdout
 
21:55:12 **** Incremental Build of configuration Debug for project 15_SPI Slave Receiver_Polling Mode ****
make -j4 all 
arm-none-eabi-gcc "../Core/Src/main.c" -mcpu=cortex-m0plus -std=gnu11 -g3 -DDEBUG -DUSE_HAL_DRIVER -DSTM32G031xx -c -I../Core/Inc -I../Drivers/STM32G0xx_HAL_Driver/Inc -I../Drivers/STM32G0xx_HAL_Driver/Inc/Legacy -I../Drivers/CMSIS/Device/ST/STM32G0xx/Include -I../Drivers/CMSIS/Include -O0 -ffunction-sections -fdata-sections -Wall -fstack-usage -fcyclomatic-complexity -MMD -MP -MF"Core/Src/main.d" -MT"Core/Src/main.o" --specs=nano.specs -mfloat-abi=soft -mthumb -o "Core/Src/main.o"
arm-none-eabi-gcc -o "15_SPI Slave Receiver_Polling Mode.elf" @"objects.list"   -mcpu=cortex-m0plus -T"C:\Users\User\STM32CubeIDE\STM32_CubeIDE_Workspace\HAL Based Projects\15_SPI Slave Receiver_Polling Mode\STM32G031J6MX_FLASH.ld" --specs=nosys.specs -Wl,-Map="15_SPI Slave Receiver_Polling Mode.map" -Wl,--gc-sections -static --specs=nano.specs -mfloat-abi=soft -mthumb -Wl,--start-group -lc -lm -Wl,--end-group
Finished building target: 15_SPI Slave Receiver_Polling Mode.elf
 
arm-none-eabi-size   15_SPI\ Slave\ Receiver_Polling\ Mode.elf 
arm-none-eabi-objdump -h -S  15_SPI\ Slave\ Receiver_Polling\ Mode.elf  > "15_SPI Slave Receiver_Polling Mode.list"
   text	   data	    bss	    dec	    hex	filename
   8344	     20	   1684	  10048	   2740	15_SPI Slave Receiver_Polling Mode.elf
Finished building: default.size.stdout
 
Finished building: 15_SPI Slave Receiver_Polling Mode.list
 
21:56:36 **** Incremental Build of configuration Debug for project 15_SPI Slave Receiver_Polling Mode ****
make -j4 all 
arm-none-eabi-gcc "../Core/Src/main.c" -mcpu=cortex-m0plus -std=gnu11 -g3 -DDEBUG -DUSE_HAL_DRIVER -DSTM32G031xx -c -I../Core/Inc -I../Drivers/STM32G0xx_HAL_Driver/Inc -I../Drivers/STM32G0xx_HAL_Driver/Inc/Legacy -I../Drivers/CMSIS/Device/ST/STM32G0xx/Include -I../Drivers/CMSIS/Include -O0 -ffunction-sections -fdata-sections -Wall -fstack-usage -fcyclomatic-complexity -MMD -MP -MF"Core/Src/main.d" -MT"Core/Src/main.o" --specs=nano.specs -mfloat-abi=soft -mthumb -o "Core/Src/main.o"
arm-none-eabi-gcc -o "15_SPI Slave Receiver_Polling Mode.elf" @"objects.list"   -mcpu=cortex-m0plus -T"C:\Users\User\STM32CubeIDE\STM32_CubeIDE_Workspace\HAL Based Projects\15_SPI Slave Receiver_Polling Mode\STM32G031J6MX_FLASH.ld" --specs=nosys.specs -Wl,-Map="15_SPI Slave Receiver_Polling Mode.map" -Wl,--gc-sections -static --specs=nano.specs -mfloat-abi=soft -mthumb -Wl,--start-group -lc -lm -Wl,--end-group
Finished building target: 15_SPI Slave Receiver_Polling Mode.elf
 
arm-none-eabi-size   15_SPI\ Slave\ Receiver_Polling\ Mode.elf 
arm-none-eabi-objdump -h -S  15_SPI\ Slave\ Receiver_Polling\ Mode.elf  > "15_SPI Slave Receiver_Polling Mode.list"
   text	   data	    bss	    dec	    hex	filename
   8344	     20	   1684	  10048	   2740	15_SPI Slave Receiver_Polling Mode.elf
Finished building: default.size.stdout
 
Finished building: 15_SPI Slave Receiver_Polling Mode.list
 
21:57:29 **** Incremental Build of configuration Debug for project 15_SPI Slave Receiver_Polling Mode ****
make -j4 all 
arm-none-eabi-gcc "../Core/Src/main.c" -mcpu=cortex-m0plus -std=gnu11 -g3 -DDEBUG -DUSE_HAL_DRIVER -DSTM32G031xx -c -I../Core/Inc -I../Drivers/STM32G0xx_HAL_Driver/Inc -I../Drivers/STM32G0xx_HAL_Driver/Inc/Legacy -I../Drivers/CMSIS/Device/ST/STM32G0xx/Include -I../Drivers/CMSIS/Include -O0 -ffunction-sections -fdata-sections -Wall -fstack-usage -fcyclomatic-complexity -MMD -MP -MF"Core/Src/main.d" -MT"Core/Src/main.o" --specs=nano.specs -mfloat-abi=soft -mthumb -o "Core/Src/main.o"
arm-none-eabi-gcc -o "15_SPI Slave Receiver_Polling Mode.elf" @"objects.list"   -mcpu=cortex-m0plus -T"C:\Users\User\STM32CubeIDE\STM32_CubeIDE_Workspace\HAL Based Projects\15_SPI Slave Receiver_Polling Mode\STM32G031J6MX_FLASH.ld" --specs=nosys.specs -Wl,-Map="15_SPI Slave Receiver_Polling Mode.map" -Wl,--gc-sections -static --specs=nano.specs -mfloat-abi=soft -mthumb -Wl,--start-group -lc -lm -Wl,--end-group
Finished building target: 15_SPI Slave Receiver_Polling Mode.elf
 
arm-none-eabi-size   15_SPI\ Slave\ Receiver_Polling\ Mode.elf 
arm-none-eabi-objdump -h -S  15_SPI\ Slave\ Receiver_Polling\ Mode.elf  > "15_SPI Slave Receiver_Polling Mode.list"
   text	   data	    bss	    dec	    hex	filename
   8344	     20	   1684	  10048	   2740	15_SPI Slave Receiver_Polling Mode.elf
Finished building: default.size.stdout
 
Finished building: 15_SPI Slave Receiver_Polling Mode.list
 
21:59:16 **** Incremental Build of configuration Debug for project 15_SPI Master Transmitter_Polling mode ****
make -j4 all 
arm-none-eabi-gcc "../Core/Src/main.c" -mcpu=cortex-m4 -std=gnu11 -g3 -DDEBUG -DUSE_HAL_DRIVER -DSTM32L476xx -c -I../Core/Inc -I../Drivers/STM32L4xx_HAL_Driver/Inc -I../Drivers/STM32L4xx_HAL_Driver/Inc/Legacy -I../Drivers/CMSIS/Device/ST/STM32L4xx/Include -I../Drivers/CMSIS/Include -O0 -ffunction-sections -fdata-sections -Wall -fstack-usage -fcyclomatic-complexity -MMD -MP -MF"Core/Src/main.d" -MT"Core/Src/main.o" --specs=nano.specs -mfpu=fpv4-sp-d16 -mfloat-abi=hard -mthumb -o "Core/Src/main.o"
arm-none-eabi-gcc -o "15_SPI Master Transmitter_Polling mode.elf" @"objects.list"   -mcpu=cortex-m4 -T"C:\Users\User\STM32CubeIDE\STM32_CubeIDE_Workspace\HAL Based Projects\15_SPI Master Transmitter_Polling mode\STM32L476RGTX_FLASH.ld" --specs=nosys.specs -Wl,-Map="15_SPI Master Transmitter_Polling mode.map" -Wl,--gc-sections -static --specs=nano.specs -mfpu=fpv4-sp-d16 -mfloat-abi=hard -mthumb -Wl,--start-group -lc -lm -Wl,--end-group
Finished building target: 15_SPI Master Transmitter_Polling mode.elf
 
arm-none-eabi-size   15_SPI\ Master\ Transmitter_Polling\ mode.elf 
arm-none-eabi-objdump -h -S  15_SPI\ Master\ Transmitter_Polling\ mode.elf  > "15_SPI Master Transmitter_Polling mode.list"
   text	   data	    bss	    dec	    hex	filename
   8016	     20	   1668	   9704	   25e8	15_SPI Master Transmitter_Polling mode.elf
Finished building: default.size.stdout
 
Finished building: 15_SPI Master Transmitter_Polling mode.list
 
21:59:58 **** Incremental Build of configuration Debug for project 15_SPI Slave Receiver_Polling Mode ****
make -j4 all 
arm-none-eabi-size   15_SPI\ Slave\ Receiver_Polling\ Mode.elf 
   text	   data	    bss	    dec	    hex	filename
   8344	     20	   1684	  10048	   2740	15_SPI Slave Receiver_Polling Mode.elf
Finished building: default.size.stdout
 
22:02:33 **** Incremental Build of configuration Debug for project 15_SPI Master Transmitter_Polling mode ****
make -j4 all 
arm-none-eabi-gcc "../Core/Src/main.c" -mcpu=cortex-m4 -std=gnu11 -g3 -DDEBUG -DUSE_HAL_DRIVER -DSTM32L476xx -c -I../Core/Inc -I../Drivers/STM32L4xx_HAL_Driver/Inc -I../Drivers/STM32L4xx_HAL_Driver/Inc/Legacy -I../Drivers/CMSIS/Device/ST/STM32L4xx/Include -I../Drivers/CMSIS/Include -O0 -ffunction-sections -fdata-sections -Wall -fstack-usage -fcyclomatic-complexity -MMD -MP -MF"Core/Src/main.d" -MT"Core/Src/main.o" --specs=nano.specs -mfpu=fpv4-sp-d16 -mfloat-abi=hard -mthumb -o "Core/Src/main.o"
arm-none-eabi-gcc -o "15_SPI Master Transmitter_Polling mode.elf" @"objects.list"   -mcpu=cortex-m4 -T"C:\Users\User\STM32CubeIDE\STM32_CubeIDE_Workspace\HAL Based Projects\15_SPI Master Transmitter_Polling mode\STM32L476RGTX_FLASH.ld" --specs=nosys.specs -Wl,-Map="15_SPI Master Transmitter_Polling mode.map" -Wl,--gc-sections -static --specs=nano.specs -mfpu=fpv4-sp-d16 -mfloat-abi=hard -mthumb -Wl,--start-group -lc -lm -Wl,--end-group
Finished building target: 15_SPI Master Transmitter_Polling mode.elf
 
arm-none-eabi-size   15_SPI\ Master\ Transmitter_Polling\ mode.elf 
arm-none-eabi-objdump -h -S  15_SPI\ Master\ Transmitter_Polling\ mode.elf  > "15_SPI Master Transmitter_Polling mode.list"
   text	   data	    bss	    dec	    hex	filename
   8016	     20	   1668	   9704	   25e8	15_SPI Master Transmitter_Polling mode.elf
Finished building: default.size.stdout
 
Finished building: 15_SPI Master Transmitter_Polling mode.list
 
22:03:06 **** Incremental Build of configuration Debug for project 15_SPI Slave Receiver_Polling Mode ****
make -j4 all 
arm-none-eabi-size   15_SPI\ Slave\ Receiver_Polling\ Mode.elf 
   text	   data	    bss	    dec	    hex	filename
   8344	     20	   1684	  10048	   2740	15_SPI Slave Receiver_Polling Mode.elf
Finished building: default.size.stdout
 
22:03:40 **** Incremental Build of configuration Debug for project 15_SPI Slave Receiver_Polling Mode ****
make -j4 all 
arm-none-eabi-gcc "../Core/Src/main.c" -mcpu=cortex-m0plus -std=gnu11 -g3 -DDEBUG -DUSE_HAL_DRIVER -DSTM32G031xx -c -I../Core/Inc -I../Drivers/STM32G0xx_HAL_Driver/Inc -I../Drivers/STM32G0xx_HAL_Driver/Inc/Legacy -I../Drivers/CMSIS/Device/ST/STM32G0xx/Include -I../Drivers/CMSIS/Include -O0 -ffunction-sections -fdata-sections -Wall -fstack-usage -fcyclomatic-complexity -MMD -MP -MF"Core/Src/main.d" -MT"Core/Src/main.o" --specs=nano.specs -mfloat-abi=soft -mthumb -o "Core/Src/main.o"
arm-none-eabi-gcc -o "15_SPI Slave Receiver_Polling Mode.elf" @"objects.list"   -mcpu=cortex-m0plus -T"C:\Users\User\STM32CubeIDE\STM32_CubeIDE_Workspace\HAL Based Projects\15_SPI Slave Receiver_Polling Mode\STM32G031J6MX_FLASH.ld" --specs=nosys.specs -Wl,-Map="15_SPI Slave Receiver_Polling Mode.map" -Wl,--gc-sections -static --specs=nano.specs -mfloat-abi=soft -mthumb -Wl,--start-group -lc -lm -Wl,--end-group
Finished building target: 15_SPI Slave Receiver_Polling Mode.elf
 
arm-none-eabi-size   15_SPI\ Slave\ Receiver_Polling\ Mode.elf 
arm-none-eabi-objdump -h -S  15_SPI\ Slave\ Receiver_Polling\ Mode.elf  > "15_SPI Slave Receiver_Polling Mode.list"
   text	   data	    bss	    dec	    hex	filename
   8344	     20	   1684	  10048	   2740	15_SPI Slave Receiver_Polling Mode.elf
Finished building: default.size.stdout
 
Finished building: 15_SPI Slave Receiver_Polling Mode.list
 
22:04:22 **** Incremental Build of configuration Debug for project 15_SPI Slave Receiver_Polling Mode ****
make -j4 all 
arm-none-eabi-gcc "../Core/Src/main.c" -mcpu=cortex-m0plus -std=gnu11 -g3 -DDEBUG -DUSE_HAL_DRIVER -DSTM32G031xx -c -I../Core/Inc -I../Drivers/STM32G0xx_HAL_Driver/Inc -I../Drivers/STM32G0xx_HAL_Driver/Inc/Legacy -I../Drivers/CMSIS/Device/ST/STM32G0xx/Include -I../Drivers/CMSIS/Include -O0 -ffunction-sections -fdata-sections -Wall -fstack-usage -fcyclomatic-complexity -MMD -MP -MF"Core/Src/main.d" -MT"Core/Src/main.o" --specs=nano.specs -mfloat-abi=soft -mthumb -o "Core/Src/main.o"
arm-none-eabi-gcc -o "15_SPI Slave Receiver_Polling Mode.elf" @"objects.list"   -mcpu=cortex-m0plus -T"C:\Users\User\STM32CubeIDE\STM32_CubeIDE_Workspace\HAL Based Projects\15_SPI Slave Receiver_Polling Mode\STM32G031J6MX_FLASH.ld" --specs=nosys.specs -Wl,-Map="15_SPI Slave Receiver_Polling Mode.map" -Wl,--gc-sections -static --specs=nano.specs -mfloat-abi=soft -mthumb -Wl,--start-group -lc -lm -Wl,--end-group
Finished building target: 15_SPI Slave Receiver_Polling Mode.elf
 
arm-none-eabi-size   15_SPI\ Slave\ Receiver_Polling\ Mode.elf 
arm-none-eabi-objdump -h -S  15_SPI\ Slave\ Receiver_Polling\ Mode.elf  > "15_SPI Slave Receiver_Polling Mode.list"
   text	   data	    bss	    dec	    hex	filename
   8344	     20	   1684	  10048	   2740	15_SPI Slave Receiver_Polling Mode.elf
Finished building: default.size.stdout
 
Finished building: 15_SPI Slave Receiver_Polling Mode.list
 
22:05:20 **** Incremental Build of configuration Debug for project 15_SPI Slave Receiver_Polling Mode ****
make -j4 all 
arm-none-eabi-gcc "../Core/Src/main.c" -mcpu=cortex-m0plus -std=gnu11 -g3 -DDEBUG -DUSE_HAL_DRIVER -DSTM32G031xx -c -I../Core/Inc -I../Drivers/STM32G0xx_HAL_Driver/Inc -I../Drivers/STM32G0xx_HAL_Driver/Inc/Legacy -I../Drivers/CMSIS/Device/ST/STM32G0xx/Include -I../Drivers/CMSIS/Include -O0 -ffunction-sections -fdata-sections -Wall -fstack-usage -fcyclomatic-complexity -MMD -MP -MF"Core/Src/main.d" -MT"Core/Src/main.o" --specs=nano.specs -mfloat-abi=soft -mthumb -o "Core/Src/main.o"
arm-none-eabi-gcc -o "15_SPI Slave Receiver_Polling Mode.elf" @"objects.list"   -mcpu=cortex-m0plus -T"C:\Users\User\STM32CubeIDE\STM32_CubeIDE_Workspace\HAL Based Projects\15_SPI Slave Receiver_Polling Mode\STM32G031J6MX_FLASH.ld" --specs=nosys.specs -Wl,-Map="15_SPI Slave Receiver_Polling Mode.map" -Wl,--gc-sections -static --specs=nano.specs -mfloat-abi=soft -mthumb -Wl,--start-group -lc -lm -Wl,--end-group
Finished building target: 15_SPI Slave Receiver_Polling Mode.elf
 
arm-none-eabi-size   15_SPI\ Slave\ Receiver_Polling\ Mode.elf 
arm-none-eabi-objdump -h -S  15_SPI\ Slave\ Receiver_Polling\ Mode.elf  > "15_SPI Slave Receiver_Polling Mode.list"
   text	   data	    bss	    dec	    hex	filename
   8344	     20	   1684	  10048	   2740	15_SPI Slave Receiver_Polling Mode.elf
Finished building: default.size.stdout
 
Finished building: 15_SPI Slave Receiver_Polling Mode.list
 
22:06:14 **** Incremental Build of configuration Debug for project 15_SPI Slave Receiver_Polling Mode ****
make -j4 all 
arm-none-eabi-gcc "../Core/Src/main.c" -mcpu=cortex-m0plus -std=gnu11 -g3 -DDEBUG -DUSE_HAL_DRIVER -DSTM32G031xx -c -I../Core/Inc -I../Drivers/STM32G0xx_HAL_Driver/Inc -I../Drivers/STM32G0xx_HAL_Driver/Inc/Legacy -I../Drivers/CMSIS/Device/ST/STM32G0xx/Include -I../Drivers/CMSIS/Include -O0 -ffunction-sections -fdata-sections -Wall -fstack-usage -fcyclomatic-complexity -MMD -MP -MF"Core/Src/main.d" -MT"Core/Src/main.o" --specs=nano.specs -mfloat-abi=soft -mthumb -o "Core/Src/main.o"
arm-none-eabi-gcc -o "15_SPI Slave Receiver_Polling Mode.elf" @"objects.list"   -mcpu=cortex-m0plus -T"C:\Users\User\STM32CubeIDE\STM32_CubeIDE_Workspace\HAL Based Projects\15_SPI Slave Receiver_Polling Mode\STM32G031J6MX_FLASH.ld" --specs=nosys.specs -Wl,-Map="15_SPI Slave Receiver_Polling Mode.map" -Wl,--gc-sections -static --specs=nano.specs -mfloat-abi=soft -mthumb -Wl,--start-group -lc -lm -Wl,--end-group
Finished building target: 15_SPI Slave Receiver_Polling Mode.elf
 
arm-none-eabi-size   15_SPI\ Slave\ Receiver_Polling\ Mode.elf 
arm-none-eabi-objdump -h -S  15_SPI\ Slave\ Receiver_Polling\ Mode.elf  > "15_SPI Slave Receiver_Polling Mode.list"
   text	   data	    bss	    dec	    hex	filename
   8316	     20	   1684	  10020	   2724	15_SPI Slave Receiver_Polling Mode.elf
Finished building: default.size.stdout
 
Finished building: 15_SPI Slave Receiver_Polling Mode.list
 
