21:59:49 **** Incremental Build of configuration Debug for project HC-04SR Module Unit Test ****
make -j4 all 
arm-none-eabi-gcc "../Core/Src/main.c" -mcpu=cortex-m4 -std=gnu11 -g3 -DDEBUG -DUSE_HAL_DRIVER -DSTM32L476xx -c -I../Core/Inc -I../Drivers/STM32L4xx_HAL_Driver/Inc -I../Drivers/STM32L4xx_HAL_Driver/Inc/Legacy -I../Drivers/CMSIS/Device/ST/STM32L4xx/Include -I../Drivers/CMSIS/Include -O0 -ffunction-sections -fdata-sections -Wall -fstack-usage -fcyclomatic-complexity -MMD -MP -MF"Core/Src/main.d" -MT"Core/Src/main.o" --specs=nano.specs -mfpu=fpv4-sp-d16 -mfloat-abi=hard -mthumb -o "Core/Src/main.o"
../Core/Src/main.c: In function 'main':
../Core/Src/main.c:117:32: warning: pointer targets in passing argument 2 of 'HAL_UART_Transmit' differ in signedness [-Wpointer-sign]
  117 |     HAL_UART_Transmit(&huart2, MSG, sizeof(MSG), 100);
      |                                ^~~
      |                                |
      |                                char *
In file included from ../Core/Inc/stm32l4xx_hal_conf.h:450,
                 from ../Drivers/STM32L4xx_HAL_Driver/Inc/stm32l4xx_hal.h:29,
                 from ../Core/Inc/main.h:30,
                 from ../Core/Src/main.c:20:
../Drivers/STM32L4xx_HAL_Driver/Inc/stm32l4xx_hal_uart.h:1674:79: note: expected 'const uint8_t *' {aka 'const unsigned char *'} but argument is of type 'char *'
 1674 | HAL_StatusTypeDef HAL_UART_Transmit(UART_HandleTypeDef *huart, const uint8_t *pData, uint16_t Size, uint32_t Timeout);
      |                                                                ~~~~~~~~~~~~~~~^~~~~
arm-none-eabi-gcc -o "HC-04SR Module Unit Test.elf" @"objects.list"   -mcpu=cortex-m4 -T"C:\Users\User\STM32CubeIDE\STM32_CubeIDE_Workspace\HAL Based Projects\HC-04SR Module Unit Test\STM32L476RGTX_FLASH.ld" --specs=nosys.specs -Wl,-Map="HC-04SR Module Unit Test.map" -Wl,--gc-sections -static --specs=nano.specs -mfpu=fpv4-sp-d16 -mfloat-abi=hard -mthumb -u _printf_float -Wl,--start-group -lc -lm -Wl,--end-group
Finished building target: HC-04SR Module Unit Test.elf
 
arm-none-eabi-size  HC-04SR\ Module\ Unit\ Test.elf 
arm-none-eabi-objdump -h -S HC-04SR\ Module\ Unit\ Test.elf  > "HC-04SR Module Unit Test.list"
   text	   data	    bss	    dec	    hex	filename
  35180	    476	   2188	  37844	   93d4	HC-04SR Module Unit Test.elf
Finished building: default.size.stdout
 
Finished building: HC-04SR Module Unit Test.list
 

21:59:51 Build Finished. 0 errors, 1 warnings. (took 1s.891ms)

