00:12:33 **** Incremental Build of configuration Debug for project HC-04SR Module Unit Test ****
make -j4 all 
arm-none-eabi-gcc "../ECUAL/HCSR04/HCSR04.c" -mcpu=cortex-m4 -std=gnu11 -g3 -DDEBUG -DUSE_HAL_DRIVER -DSTM32L476xx -c -I../Core/Inc -I../Drivers/STM32L4xx_HAL_Driver/Inc -I../Drivers/STM32L4xx_HAL_Driver/Inc/Legacy -I../Drivers/CMSIS/Device/ST/STM32L4xx/Include -I../Drivers/CMSIS/Include -O0 -ffunction-sections -fdata-sections -Wall -fstack-usage -fcyclomatic-complexity -MMD -MP -MF"ECUAL/HCSR04/HCSR04.d" -MT"ECUAL/HCSR04/HCSR04.o" --specs=nano.specs -mfpu=fpv4-sp-d16 -mfloat-abi=hard -mthumb -o "ECUAL/HCSR04/HCSR04.o"
arm-none-eabi-gcc -o "HC-04SR Module Unit Test.elf" @"objects.list"   -mcpu=cortex-m4 -T"C:\Users\User\STM32CubeIDE\STM32_CubeIDE_Workspace\HAL Based Projects\HC-04SR Module Unit Test\STM32L476RGTX_FLASH.ld" --specs=nosys.specs -Wl,-Map="HC-04SR Module Unit Test.map" -Wl,--gc-sections -static --specs=nano.specs -mfpu=fpv4-sp-d16 -mfloat-abi=hard -mthumb -u _printf_float -Wl,--start-group -lc -lm -Wl,--end-group
Finished building target: HC-04SR Module Unit Test.elf
 
arm-none-eabi-size  HC-04SR\ Module\ Unit\ Test.elf 
arm-none-eabi-objdump -h -S HC-04SR\ Module\ Unit\ Test.elf  > "HC-04SR Module Unit Test.list"
   text	   data	    bss	    dec	    hex	filename
  35180	    476	   2188	  37844	   93d4	HC-04SR Module Unit Test.elf
Finished building: default.size.stdout
 
Finished building: HC-04SR Module Unit Test.list
 

00:12:34 Build Finished. 0 errors, 0 warnings. (took 1s.571ms)

