Archive member included to satisfy reference by file (symbol)

C:/ST/STM32CubeIDE_1.13.2/STM32CubeIDE/plugins/com.st.stm32cube.ide.mcu.externaltools.gnu-tools-for-stm32.11.3.rel1.win32_1.1.1.202309131626/tools/bin/../lib/gcc/arm-none-eabi/11.3.1/../../../../arm-none-eabi/lib/thumb/v7e-m+fp/hard\libc_nano.a(libc_a-exit.o)
                              C:/ST/STM32CubeIDE_1.13.2/STM32CubeIDE/plugins/com.st.stm32cube.ide.mcu.externaltools.gnu-tools-for-stm32.11.3.rel1.win32_1.1.1.202309131626/tools/bin/../lib/gcc/arm-none-eabi/11.3.1/../../../../arm-none-eabi/lib/thumb/v7e-m+fp/hard/crt0.o (exit)
C:/ST/STM32CubeIDE_1.13.2/STM32CubeIDE/plugins/com.st.stm32cube.ide.mcu.externaltools.gnu-tools-for-stm32.11.3.rel1.win32_1.1.1.202309131626/tools/bin/../lib/gcc/arm-none-eabi/11.3.1/../../../../arm-none-eabi/lib/thumb/v7e-m+fp/hard\libc_nano.a(libc_a-findfp.o)
                              C:/ST/STM32CubeIDE_1.13.2/STM32CubeIDE/plugins/com.st.stm32cube.ide.mcu.externaltools.gnu-tools-for-stm32.11.3.rel1.win32_1.1.1.202309131626/tools/bin/../lib/gcc/arm-none-eabi/11.3.1/../../../../arm-none-eabi/lib/thumb/v7e-m+fp/hard\libc_nano.a(libc_a-exit.o) (__stdio_exit_handler)
C:/ST/STM32CubeIDE_1.13.2/STM32CubeIDE/plugins/com.st.stm32cube.ide.mcu.externaltools.gnu-tools-for-stm32.11.3.rel1.win32_1.1.1.202309131626/tools/bin/../lib/gcc/arm-none-eabi/11.3.1/../../../../arm-none-eabi/lib/thumb/v7e-m+fp/hard\libc_nano.a(libc_a-fwalk.o)
                              C:/ST/STM32CubeIDE_1.13.2/STM32CubeIDE/plugins/com.st.stm32cube.ide.mcu.externaltools.gnu-tools-for-stm32.11.3.rel1.win32_1.1.1.202309131626/tools/bin/../lib/gcc/arm-none-eabi/11.3.1/../../../../arm-none-eabi/lib/thumb/v7e-m+fp/hard\libc_nano.a(libc_a-findfp.o) (_fwalk_sglue)
C:/ST/STM32CubeIDE_1.13.2/STM32CubeIDE/plugins/com.st.stm32cube.ide.mcu.externaltools.gnu-tools-for-stm32.11.3.rel1.win32_1.1.1.202309131626/tools/bin/../lib/gcc/arm-none-eabi/11.3.1/../../../../arm-none-eabi/lib/thumb/v7e-m+fp/hard\libc_nano.a(libc_a-stdio.o)
                              C:/ST/STM32CubeIDE_1.13.2/STM32CubeIDE/plugins/com.st.stm32cube.ide.mcu.externaltools.gnu-tools-for-stm32.11.3.rel1.win32_1.1.1.202309131626/tools/bin/../lib/gcc/arm-none-eabi/11.3.1/../../../../arm-none-eabi/lib/thumb/v7e-m+fp/hard\libc_nano.a(libc_a-findfp.o) (__sread)
C:/ST/STM32CubeIDE_1.13.2/STM32CubeIDE/plugins/com.st.stm32cube.ide.mcu.externaltools.gnu-tools-for-stm32.11.3.rel1.win32_1.1.1.202309131626/tools/bin/../lib/gcc/arm-none-eabi/11.3.1/../../../../arm-none-eabi/lib/thumb/v7e-m+fp/hard\libc_nano.a(libc_a-memset.o)
                              C:/ST/STM32CubeIDE_1.13.2/STM32CubeIDE/plugins/com.st.stm32cube.ide.mcu.externaltools.gnu-tools-for-stm32.11.3.rel1.win32_1.1.1.202309131626/tools/bin/../lib/gcc/arm-none-eabi/11.3.1/../../../../arm-none-eabi/lib/thumb/v7e-m+fp/hard/crt0.o (memset)
C:/ST/STM32CubeIDE_1.13.2/STM32CubeIDE/plugins/com.st.stm32cube.ide.mcu.externaltools.gnu-tools-for-stm32.11.3.rel1.win32_1.1.1.202309131626/tools/bin/../lib/gcc/arm-none-eabi/11.3.1/../../../../arm-none-eabi/lib/thumb/v7e-m+fp/hard\libc_nano.a(libc_a-closer.o)
                              C:/ST/STM32CubeIDE_1.13.2/STM32CubeIDE/plugins/com.st.stm32cube.ide.mcu.externaltools.gnu-tools-for-stm32.11.3.rel1.win32_1.1.1.202309131626/tools/bin/../lib/gcc/arm-none-eabi/11.3.1/../../../../arm-none-eabi/lib/thumb/v7e-m+fp/hard\libc_nano.a(libc_a-stdio.o) (_close_r)
C:/ST/STM32CubeIDE_1.13.2/STM32CubeIDE/plugins/com.st.stm32cube.ide.mcu.externaltools.gnu-tools-for-stm32.11.3.rel1.win32_1.1.1.202309131626/tools/bin/../lib/gcc/arm-none-eabi/11.3.1/../../../../arm-none-eabi/lib/thumb/v7e-m+fp/hard\libc_nano.a(libc_a-reent.o)
                              C:/ST/STM32CubeIDE_1.13.2/STM32CubeIDE/plugins/com.st.stm32cube.ide.mcu.externaltools.gnu-tools-for-stm32.11.3.rel1.win32_1.1.1.202309131626/tools/bin/../lib/gcc/arm-none-eabi/11.3.1/../../../../arm-none-eabi/lib/thumb/v7e-m+fp/hard\libc_nano.a(libc_a-closer.o) (errno)
C:/ST/STM32CubeIDE_1.13.2/STM32CubeIDE/plugins/com.st.stm32cube.ide.mcu.externaltools.gnu-tools-for-stm32.11.3.rel1.win32_1.1.1.202309131626/tools/bin/../lib/gcc/arm-none-eabi/11.3.1/../../../../arm-none-eabi/lib/thumb/v7e-m+fp/hard\libc_nano.a(libc_a-impure.o)
                              C:/ST/STM32CubeIDE_1.13.2/STM32CubeIDE/plugins/com.st.stm32cube.ide.mcu.externaltools.gnu-tools-for-stm32.11.3.rel1.win32_1.1.1.202309131626/tools/bin/../lib/gcc/arm-none-eabi/11.3.1/../../../../arm-none-eabi/lib/thumb/v7e-m+fp/hard\libc_nano.a(libc_a-reent.o) (_impure_ptr)
C:/ST/STM32CubeIDE_1.13.2/STM32CubeIDE/plugins/com.st.stm32cube.ide.mcu.externaltools.gnu-tools-for-stm32.11.3.rel1.win32_1.1.1.202309131626/tools/bin/../lib/gcc/arm-none-eabi/11.3.1/../../../../arm-none-eabi/lib/thumb/v7e-m+fp/hard\libc_nano.a(libc_a-lseekr.o)
[...]
Memory Configuration

Name             Origin             Length             Attributes
RAM              0x0000000020000000 0x0000000000018000 xrw
RAM2             0x0000000010000000 0x0000000000008000 xrw
FLASH            0x0000000008000000 0x0000000000100000 xr
*default*        0x0000000000000000 0xffffffffffffffff

Linker script and memory map

LOAD C:/ST/STM32CubeIDE_1.13.2/STM32CubeIDE/plugins/com.st.stm32cube.ide.mcu.externaltools.gnu-tools-for-stm32.11.3.rel1.win32_1.1.1.202309131626/tools/bin/../lib/gcc/arm-none-eabi/11.3.1/thumb/v7e-m+fp/hard/crti.o
LOAD C:/ST/STM32CubeIDE_1.13.2/STM32CubeIDE/plugins/com.st.stm32cube.ide.mcu.externaltools.gnu-tools-for-stm32.11.3.rel1.win32_1.1.1.202309131626/tools/bin/../lib/gcc/arm-none-eabi/11.3.1/thumb/v7e-m+fp/hard/crtbegin.o
LOAD C:/ST/STM32CubeIDE_1.13.2/STM32CubeIDE/plugins/com.st.stm32cube.ide.mcu.externaltools.gnu-tools-for-stm32.11.3.rel1.win32_1.1.1.202309131626/tools/bin/../lib/gcc/arm-none-eabi/11.3.1/../../../../arm-none-eabi/lib/thumb/v7e-m+fp/hard/crt0.o
LOAD ./Core/Src/MPU9250.o
LOAD ./Core/Src/gpio.o
LOAD ./Core/Src/main.o
LOAD ./Core/Src/spi.o
LOAD ./Core/Src/stm32l4xx_hal_msp.o
LOAD ./Core/Src/stm32l4xx_it.o
LOAD ./Core/Src/syscalls.o
LOAD ./Core/Src/sysmem.o
LOAD ./Core/Src/system_stm32l4xx.o
LOAD ./Core/Startup/startup_stm32l476rgtx.o
LOAD ./Drivers/STM32L4xx_HAL_Driver/Src/stm32l4xx_hal.o
LOAD ./Drivers/STM32L4xx_HAL_Driver/Src/stm32l4xx_hal_cortex.o
LOAD ./Drivers/STM32L4xx_HAL_Driver/Src/stm32l4xx_hal_dma.o
LOAD ./Drivers/STM32L4xx_HAL_Driver/Src/stm32l4xx_hal_dma_ex.o
LOAD ./Drivers/STM32L4xx_HAL_Driver/Src/stm32l4xx_hal_exti.o
LOAD ./Drivers/STM32L4xx_HAL_Driver/Src/stm32l4xx_hal_flash.o
LOAD ./Drivers/STM32L4xx_HAL_Driver/Src/stm32l4xx_hal_flash_ex.o
LOAD ./Drivers/STM32L4xx_HAL_Driver/Src/stm32l4xx_hal_flash_ramfunc.o
LOAD ./Drivers/STM32L4xx_HAL_Driver/Src/stm32l4xx_hal_gpio.o
LOAD ./Drivers/STM32L4xx_HAL_Driver/Src/stm32l4xx_hal_pwr.o
LOAD ./Drivers/STM32L4xx_HAL_Driver/Src/stm32l4xx_hal_pwr_ex.o
LOAD ./Drivers/STM32L4xx_HAL_Driver/Src/stm32l4xx_hal_rcc.o
LOAD ./Drivers/STM32L4xx_HAL_Driver/Src/stm32l4xx_hal_rcc_ex.o
LOAD ./Drivers/STM32L4xx_HAL_Driver/Src/stm32l4xx_hal_spi.o
LOAD ./Drivers/STM32L4xx_HAL_Driver/Src/stm32l4xx_hal_spi_ex.o
LOAD ./Drivers/STM32L4xx_HAL_Driver/Src/stm32l4xx_hal_tim.o
LOAD ./Drivers/STM32L4xx_HAL_Driver/Src/stm32l4xx_hal_tim_ex.o
START GROUP
LOAD C:/ST/STM32CubeIDE_1.13.2/STM32CubeIDE/plugins/com.st.stm32cube.ide.mcu.externaltools.gnu-tools-for-stm32.11.3.rel1.win32_1.1.1.202309131626/tools/bin/../lib/gcc/arm-none-eabi/11.3.1/../../../../arm-none-eabi/lib/thumb/v7e-m+fp/hard\libc_nano.a
LOAD C:/ST/STM32CubeIDE_1.13.2/STM32CubeIDE/plugins/com.st.stm32cube.ide.mcu.externaltools.gnu-tools-for-stm32.11.3.rel1.win32_1.1.1.202309131626/tools/bin/../lib/gcc/arm-none-eabi/11.3.1/../../../../arm-none-eabi/lib/thumb/v7e-m+fp/hard\libm.a
END GROUP
START GROUP
LOAD C:/ST/STM32CubeIDE_1.13.2/STM32CubeIDE/plugins/com.st.stm32cube.ide.mcu.externaltools.gnu-tools-for-stm32.11.3.rel1.win32_1.1.1.202309131626/tools/bin/../lib/gcc/arm-none-eabi/11.3.1/thumb/v7e-m+fp/hard\libgcc.a
LOAD C:/ST/STM32CubeIDE_1.13.2/STM32CubeIDE/plugins/com.st.stm32cube.ide.mcu.externaltools.gnu-tools-for-stm32.11.3.rel1.win32_1.1.1.202309131626/tools/bin/../lib/gcc/arm-none-eabi/11.3.1/../../../../arm-none-eabi/lib/thumb/v7e-m+fp/hard\libc_nano.a
END GROUP
START GROUP
LOAD C:/ST/STM32CubeIDE_1.13.2/STM32CubeIDE/plugins/com.st.stm32cube.ide.mcu.externaltools.gnu-tools-for-stm32.11.3.rel1.win32_1.1.1.202309131626/tools/bin/../lib/gcc/arm-none-eabi/11.3.1/thumb/v7e-m+fp/hard\libgcc.a
LOAD C:/ST/STM32CubeIDE_1.13.2/STM32CubeIDE/plugins/com.st.stm32cube.ide.mcu.externaltools.gnu-tools-for-stm32.11.3.rel1.win32_1.1.1.202309131626/tools/bin/../lib/gcc/arm-none-eabi/11.3.1/../../../../arm-none-eabi/lib/thumb/v7e-m+fp/hard\libc_nano.a
LOAD C:/ST/STM32CubeIDE_1.13.2/STM32CubeIDE/plugins/com.st.stm32cube.ide.mcu.externaltools.gnu-tools-for-stm32.11.3.rel1.win32_1.1.1.202309131626/tools/bin/../lib/gcc/arm-none-eabi/11.3.1/../../../../arm-none-eabi/lib/thumb/v7e-m+fp/hard\libnosys.a
END GROUP
START GROUP
LOAD C:/ST/STM32CubeIDE_1.13.2/STM32CubeIDE/plugins/com.st.stm32cube.ide.mcu.externaltools.gnu-tools-for-stm32.11.3.rel1.win32_1.1.1.202309131626/tools/bin/../lib/gcc/arm-none-eabi/11.3.1/thumb/v7e-m+fp/hard\libgcc.a
LOAD C:/ST/STM32CubeIDE_1.13.2/STM32CubeIDE/plugins/com.st.stm32cube.ide.mcu.externaltools.gnu-tools-for-stm32.11.3.rel1.win32_1.1.1.202309131626/tools/bin/../lib/gcc/arm-none-eabi/11.3.1/../../../../arm-none-eabi/lib/thumb/v7e-m+fp/hard\libc_nano.a
LOAD C:/ST/STM32CubeIDE_1.13.2/STM32CubeIDE/plugins/com.st.stm32cube.ide.mcu.externaltools.gnu-tools-for-stm32.11.3.rel1.win32_1.1.1.202309131626/tools/bin/../lib/gcc/arm-none-eabi/11.3.1/../../../../arm-none-eabi/lib/thumb/v7e-m+fp/hard\libnosys.a
END GROUP
LOAD C:/ST/STM32CubeIDE_1.13.2/STM32CubeIDE/plugins/com.st.stm32cube.ide.mcu.externaltools.gnu-tools-for-stm32.11.3.rel1.win32_1.1.1.202309131626/tools/bin/../lib/gcc/arm-none-eabi/11.3.1/thumb/v7e-m+fp/hard/crtend.o
LOAD C:/ST/STM32CubeIDE_1.13.2/STM32CubeIDE/plugins/com.st.stm32cube.ide.mcu.externaltools.gnu-tools-for-stm32.11.3.rel1.win32_1.1.1.202309131626/tools/bin/../lib/gcc/arm-none-eabi/11.3.1/thumb/v7e-m+fp/hard/crtn.o
                0x0000000020018000                _estack = (ORIGIN (RAM) + LENGTH (RAM))
                0x0000000000000200                _Min_Heap_Size = 0x200
                0x0000000000000400                _Min_Stack_Size = 0x400

.isr_vector     0x0000000008000000      0x188
                0x0000000008000000                . = ALIGN (0x4)
 *(.isr_vector)
 .isr_vector    0x0000000008000000      0x188 ./Core/Startup/startup_stm32l476rgtx.o
                0x0000000008000000                g_pfnVectors
                0x0000000008000188                . = ALIGN (0x4)

.text           0x0000000008000188     0x2a58
                0x0000000008000188                . = ALIGN (0x4)
 *(.text)
 .text          0x0000000008000188       0x40 C:/ST/STM32CubeIDE_1.13.2/STM32CubeIDE/plugins/com.st.stm32cube.ide.mcu.externaltools.gnu-tools-for-stm32.11.3.rel1.win32_1.1.1.202309131626/tools/bin/../lib/gcc/arm-none-eabi/11.3.1/thumb/v7e-m+fp/hard/crtbegin.o
 *(.text*)
 .text.MPU9250_OnActivate
                0x00000000080001c8        0xe ./Core/Src/MPU9250.o
                0x00000000080001c8                MPU9250_OnActivate
 *fill*         0x00000000080001d6        0x2 
 .text.MPU9250_Activate
                0x00000000080001d8       0x1c ./Core/Src/MPU9250.o
 .text.MPU9250_Deactivate
                0x00000000080001f4       0x18 ./Core/Src/MPU9250.o
 .text.SPIx_WriteRead
                0x000000000800020c       0x3c ./Core/Src/MPU9250.o
                0x000000000800020c                SPIx_WriteRead
 .text.MPU_SPI_Write
                0x0000000008000248       0x46 ./Core/Src/MPU9250.o
                0x0000000008000248                MPU_SPI_Write
 *fill*         0x000000000800028e        0x2 
 .text.MPU_SPI_Read
                0x0000000008000290       0x4c ./Core/Src/MPU9250.o
                0x0000000008000290                MPU_SPI_Read
 .text.writeRegister
                0x00000000080002dc       0x2a ./Core/Src/MPU9250.o
                0x00000000080002dc                writeRegister
 .text.readRegisters
                0x0000000008000306       0x26 ./Core/Src/MPU9250.o
                0x0000000008000306                readRegisters
 .text.writeAK8963Register
                0x000000000800032c       0x4e ./Core/Src/MPU9250.o
                0x000000000800032c                writeAK8963Register
 .text.readAK8963Registers
                0x000000000800037a       0x56 ./Core/Src/MPU9250.o
                0x000000000800037a                readAK8963Registers
 .text.whoAmI   0x00000000080003d0       0x1c ./Core/Src/MPU9250.o
 .text.whoAmIAK8963
                0x00000000080003ec       0x1c ./Core/Src/MPU9250.o
 .text.MPU9250_Init
                0x0000000008000408      0x164 ./Core/Src/MPU9250.o
                0x0000000008000408                MPU9250_Init
 .text.MPU9250_GetData
                0x000000000800056c      0x1a8 ./Core/Src/MPU9250.o
                0x000000000800056c                MPU9250_GetData
 .text.MX_GPIO_Init
                0x0000000008000714       0x70 ./Core/Src/gpio.o
                0x0000000008000714                MX_GPIO_Init
 .text.main     0x0000000008000784       0x30 ./Core/Src/main.o
                0x0000000008000784                main
 .text.SystemClock_Config
                0x00000000080007b4       0xa4 ./Core/Src/main.o
                0x00000000080007b4                SystemClock_Config
 .text.Error_Handler
                0x0000000008000858        0xa ./Core/Src/main.o
                0x0000000008000858                Error_Handler
 *fill*         0x0000000008000862        0x2 
 .text.MX_SPI1_Init
                0x0000000008000864       0x7c ./Core/Src/spi.o
                0x0000000008000864                MX_SPI1_Init
 .text.HAL_SPI_MspInit
                0x00000000080008e0       0x84 ./Core/Src/spi.o
                0x00000000080008e0                HAL_SPI_MspInit
 .text.HAL_MspInit
                0x0000000008000964       0x48 ./Core/Src/stm32l4xx_hal_msp.o
                0x0000000008000964                HAL_MspInit
 .text.NMI_Handler
                0x00000000080009ac        0x6 ./Core/Src/stm32l4xx_it.o
                0x00000000080009ac                NMI_Handler
 .text.HardFault_Handler
                0x00000000080009b2        0x6 ./Core/Src/stm32l4xx_it.o
                0x00000000080009b2                HardFault_Handler
 .text.MemManage_Handler
                0x00000000080009b8        0x6 ./Core/Src/stm32l4xx_it.o
                0x00000000080009b8                MemManage_Handler
 .text.BusFault_Handler
                0x00000000080009be        0x6 ./Core/Src/stm32l4xx_it.o
                0x00000000080009be                BusFault_Handler
 .text.UsageFault_Handler
                0x00000000080009c4        0x6 ./Core/Src/stm32l4xx_it.o
                0x00000000080009c4                UsageFault_Handler
 .text.SVC_Handler
                0x00000000080009ca        0xe ./Core/Src/stm32l4xx_it.o
                0x00000000080009ca                SVC_Handler
 .text.DebugMon_Handler
                0x00000000080009d8        0xe ./Core/Src/stm32l4xx_it.o
                0x00000000080009d8                DebugMon_Handler
 .text.PendSV_Handler
                0x00000000080009e6        0xe ./Core/Src/stm32l4xx_it.o
                0x00000000080009e6                PendSV_Handler
 .text.SysTick_Handler
                0x00000000080009f4        0xc ./Core/Src/stm32l4xx_it.o
                0x00000000080009f4                SysTick_Handler
 .text.SystemInit
                0x0000000008000a00       0x24 ./Core/Src/system_stm32l4xx.o
                0x0000000008000a00                SystemInit
 .text.Reset_Handler
                0x0000000008000a24       0x50 ./Core/Startup/startup_stm32l476rgtx.o
                0x0000000008000a24                Reset_Handler
 .text.Default_Handler
                0x0000000008000a74        0x2 ./Core/Startup/startup_stm32l476rgtx.o
                0x0000000008000a74                RTC_Alarm_IRQHandler
                0x0000000008000a74                EXTI2_IRQHandler
                0x0000000008000a74                TIM8_TRG_COM_IRQHandler
                0x0000000008000a74                TIM8_CC_IRQHandler
                0x0000000008000a74                TIM1_CC_IRQHandler
                0x0000000008000a74                TSC_IRQHandler
                0x0000000008000a74                TAMP_STAMP_IRQHandler
                0x0000000008000a74                EXTI3_IRQHandler
                0x0000000008000a74                LPTIM2_IRQHandler
                0x0000000008000a74                DFSDM1_FLT1_IRQHandler
                0x0000000008000a74                I2C3_ER_IRQHandler
                0x0000000008000a74                DFSDM1_FLT2_IRQHandler
                0x0000000008000a74                EXTI0_IRQHandler
                0x0000000008000a74                I2C2_EV_IRQHandler
                0x0000000008000a74                CAN1_RX0_IRQHandler
                0x0000000008000a74                FPU_IRQHandler
                0x0000000008000a74                TIM1_UP_TIM16_IRQHandler
                0x0000000008000a74                ADC1_2_IRQHandler
                0x0000000008000a74                SPI1_IRQHandler
                0x0000000008000a74                TIM6_DAC_IRQHandler
                0x0000000008000a74                TIM8_UP_IRQHandler
                0x0000000008000a74                DMA2_Channel2_IRQHandler
                0x0000000008000a74                DMA1_Channel4_IRQHandler
                0x0000000008000a74                SAI2_IRQHandler
                0x0000000008000a74                DFSDM1_FLT3_IRQHandler
                0x0000000008000a74                USART3_IRQHandler
                0x0000000008000a74                DMA1_Channel7_IRQHandler
                0x0000000008000a74                CAN1_RX1_IRQHandler
                0x0000000008000a74                LCD_IRQHandler
                0x0000000008000a74                UART5_IRQHandler
                0x0000000008000a74                ADC3_IRQHandler
                0x0000000008000a74                TIM4_IRQHandler
                0x0000000008000a74                DMA2_Channel1_IRQHandler
                0x0000000008000a74                QUADSPI_IRQHandler
                0x0000000008000a74                I2C1_EV_IRQHandler
                0x0000000008000a74                DMA1_Channel6_IRQHandler
                0x0000000008000a74                UART4_IRQHandler
                0x0000000008000a74                DMA2_Channel4_IRQHandler
                0x0000000008000a74                TIM3_IRQHandler
                0x0000000008000a74                RCC_IRQHandler
                0x0000000008000a74                DMA1_Channel1_IRQHandler
                0x0000000008000a74                Default_Handler
                0x0000000008000a74                DMA2_Channel7_IRQHandler
                0x0000000008000a74                EXTI15_10_IRQHandler
                0x0000000008000a74                TIM7_IRQHandler
                0x0000000008000a74                SDMMC1_IRQHandler
                0x0000000008000a74                TIM5_IRQHandler
                0x0000000008000a74                I2C3_EV_IRQHandler
                0x0000000008000a74                EXTI9_5_IRQHandler
                0x0000000008000a74                RTC_WKUP_IRQHandler
                0x0000000008000a74                PVD_PVM_IRQHandler
                0x0000000008000a74                SPI2_IRQHandler
                0x0000000008000a74                CAN1_TX_IRQHandler
                0x0000000008000a74                DMA2_Channel5_IRQHandler
                0x0000000008000a74                DMA1_Channel5_IRQHandler
                0x0000000008000a74                EXTI4_IRQHandler
                0x0000000008000a74                RNG_IRQHandler
                0x0000000008000a74                TIM1_TRG_COM_TIM17_IRQHandler
                0x0000000008000a74                DMA1_Channel3_IRQHandler
                0x0000000008000a74                COMP_IRQHandler
                0x0000000008000a74                WWDG_IRQHandler
                0x0000000008000a74                LPUART1_IRQHandler
                0x0000000008000a74                DMA2_Channel6_IRQHandler
                0x0000000008000a74                TIM2_IRQHandler
                0x0000000008000a74                EXTI1_IRQHandler
                0x0000000008000a74                USART2_IRQHandler
                0x0000000008000a74                DFSDM1_FLT0_IRQHandler
                0x0000000008000a74                I2C2_ER_IRQHandler
                0x0000000008000a74                DMA1_Channel2_IRQHandler
                0x0000000008000a74                TIM8_BRK_IRQHandler
                0x0000000008000a74                CAN1_SCE_IRQHandler
                0x0000000008000a74                FLASH_IRQHandler
                0x0000000008000a74                USART1_IRQHandler
                0x0000000008000a74                OTG_FS_IRQHandler
                0x0000000008000a74                SPI3_IRQHandler
                0x0000000008000a74                I2C1_ER_IRQHandler
                0x0000000008000a74                FMC_IRQHandler
                0x0000000008000a74                SWPMI1_IRQHandler
                0x0000000008000a74                LPTIM1_IRQHandler
                0x0000000008000a74                SAI1_IRQHandler
                0x0000000008000a74                DMA2_Channel3_IRQHandler
                0x0000000008000a74                TIM1_BRK_TIM15_IRQHandler
 .text.HAL_Init
                0x0000000008000a76       0x30 ./Drivers/STM32L4xx_HAL_Driver/Src/stm32l4xx_hal.o
                0x0000000008000a76                HAL_Init
 *fill*         0x0000000008000aa6        0x2 
 .text.HAL_InitTick
                0x0000000008000aa8       0x78 ./Drivers/STM32L4xx_HAL_Driver/Src/stm32l4xx_hal.o
                0x0000000008000aa8                HAL_InitTick
 .text.HAL_IncTick
                0x0000000008000b20       0x28 ./Drivers/STM32L4xx_HAL_Driver/Src/stm32l4xx_hal.o
                0x0000000008000b20                HAL_IncTick
 .text.HAL_GetTick
                0x0000000008000b48       0x18 ./Drivers/STM32L4xx_HAL_Driver/Src/stm32l4xx_hal.o
                0x0000000008000b48                HAL_GetTick
 .text.HAL_Delay
                0x0000000008000b60       0x48 ./Drivers/STM32L4xx_HAL_Driver/Src/stm32l4xx_hal.o
                0x0000000008000b60                HAL_Delay
 .text.__NVIC_SetPriorityGrouping
                0x0000000008000ba8       0x48 ./Drivers/STM32L4xx_HAL_Driver/Src/stm32l4xx_hal_cortex.o
 .text.__NVIC_GetPriorityGrouping
                0x0000000008000bf0       0x1c ./Drivers/STM32L4xx_HAL_Driver/Src/stm32l4xx_hal_cortex.o
 .text.__NVIC_SetPriority
                0x0000000008000c0c       0x54 ./Drivers/STM32L4xx_HAL_Driver/Src/stm32l4xx_hal_cortex.o
 .text.NVIC_EncodePriority
                0x0000000008000c60       0x66 ./Drivers/STM32L4xx_HAL_Driver/Src/stm32l4xx_hal_cortex.o
 *fill*         0x0000000008000cc6        0x2 
 .text.SysTick_Config
                0x0000000008000cc8       0x44 ./Drivers/STM32L4xx_HAL_Driver/Src/stm32l4xx_hal_cortex.o
 .text.HAL_NVIC_SetPriorityGrouping
                0x0000000008000d0c       0x16 ./Drivers/STM32L4xx_HAL_Driver/Src/stm32l4xx_hal_cortex.o
                0x0000000008000d0c                HAL_NVIC_SetPriorityGrouping
 .text.HAL_NVIC_SetPriority
                0x0000000008000d22       0x38 ./Drivers/STM32L4xx_HAL_Driver/Src/stm32l4xx_hal_cortex.o
                0x0000000008000d22                HAL_NVIC_SetPriority
 .text.HAL_SYSTICK_Config
                0x0000000008000d5a       0x18 ./Drivers/STM32L4xx_HAL_Driver/Src/stm32l4xx_hal_cortex.o
                0x0000000008000d5a                HAL_SYSTICK_Config
 *fill*         0x0000000008000d72        0x2 
 .text.HAL_GPIO_Init
                0x0000000008000d74      0x354 ./Drivers/STM32L4xx_HAL_Driver/Src/stm32l4xx_hal_gpio.o
                0x0000000008000d74                HAL_GPIO_Init
 .text.HAL_GPIO_WritePin
                0x00000000080010c8       0x30 ./Drivers/STM32L4xx_HAL_Driver/Src/stm32l4xx_hal_gpio.o
                0x00000000080010c8                HAL_GPIO_WritePin
 .text.HAL_PWREx_GetVoltageRange
                0x00000000080010f8       0x1c ./Drivers/STM32L4xx_HAL_Driver/Src/stm32l4xx_hal_pwr_ex.o
                0x00000000080010f8                HAL_PWREx_GetVoltageRange
 .text.HAL_PWREx_ControlVoltageScaling
                0x0000000008001114       0xac ./Drivers/STM32L4xx_HAL_Driver/Src/stm32l4xx_hal_pwr_ex.o
                0x0000000008001114                HAL_PWREx_ControlVoltageScaling
 .text.HAL_RCC_OscConfig
                0x00000000080011c0      0x7b8 ./Drivers/STM32L4xx_HAL_Driver/Src/stm32l4xx_hal_rcc.o
                0x00000000080011c0                HAL_RCC_OscConfig
 .text.HAL_RCC_ClockConfig
                0x0000000008001978      0x200 ./Drivers/STM32L4xx_HAL_Driver/Src/stm32l4xx_hal_rcc.o
                0x0000000008001978                HAL_RCC_ClockConfig
 .text.HAL_RCC_GetSysClockFreq
                0x0000000008001b78      0x118 ./Drivers/STM32L4xx_HAL_Driver/Src/stm32l4xx_hal_rcc.o
                0x0000000008001b78                HAL_RCC_GetSysClockFreq
 .text.RCC_SetFlashLatencyFromMSIRange
                0x0000000008001c90       0xc0 ./Drivers/STM32L4xx_HAL_Driver/Src/stm32l4xx_hal_rcc.o
 .text.HAL_SPI_Init
                0x0000000008001d50      0x146 ./Drivers/STM32L4xx_HAL_Driver/Src/stm32l4xx_hal_spi.o
                0x0000000008001d50                HAL_SPI_Init
 .text.HAL_SPI_Transmit
                0x0000000008001e96      0x2dc ./Drivers/STM32L4xx_HAL_Driver/Src/stm32l4xx_hal_spi.o
                0x0000000008001e96                HAL_SPI_Transmit
 .text.HAL_SPI_Receive
                0x0000000008002172      0x260 ./Drivers/STM32L4xx_HAL_Driver/Src/stm32l4xx_hal_spi.o
                0x0000000008002172                HAL_SPI_Receive
 .text.HAL_SPI_TransmitReceive
                0x00000000080023d2      0x426 ./Drivers/STM32L4xx_HAL_Driver/Src/stm32l4xx_hal_spi.o
                0x00000000080023d2                HAL_SPI_TransmitReceive
 .text.SPI_WaitFlagStateUntilTimeout
                0x00000000080027f8      0x110 ./Drivers/STM32L4xx_HAL_Driver/Src/stm32l4xx_hal_spi.o
 .text.SPI_WaitFifoStateUntilTimeout
                0x0000000008002908      0x12c ./Drivers/STM32L4xx_HAL_Driver/Src/stm32l4xx_hal_spi.o
 .text.SPI_EndRxTransaction
                0x0000000008002a34       0xb0 ./Drivers/STM32L4xx_HAL_Driver/Src/stm32l4xx_hal_spi.o
 .text.SPI_EndRxTxTransaction
                0x0000000008002ae4       0x8c ./Drivers/STM32L4xx_HAL_Driver/Src/stm32l4xx_hal_spi.o
 .text.memset   0x0000000008002b70       0x10 C:/ST/STM32CubeIDE_1.13.2/STM32CubeIDE/plugins/com.st.stm32cube.ide.mcu.externaltools.gnu-tools-for-stm32.11.3.rel1.win32_1.1.1.202309131626/tools/bin/../lib/gcc/arm-none-eabi/11.3.1/../../../../arm-none-eabi/lib/thumb/v7e-m+fp/hard\libc_nano.a(libc_a-memset.o)
                0x0000000008002b70                memset
 .text.__libc_init_array
                0x0000000008002b80       0x48 C:/ST/STM32CubeIDE_1.13.2/STM32CubeIDE/plugins/com.st.stm32cube.ide.mcu.externaltools.gnu-tools-for-stm32.11.3.rel1.win32_1.1.1.202309131626/tools/bin/../lib/gcc/arm-none-eabi/11.3.1/../../../../arm-none-eabi/lib/thumb/v7e-m+fp/hard\libc_nano.a(libc_a-init.o)
                0x0000000008002b80                __libc_init_array
 *(.glue_7)
 .glue_7        0x0000000008002bc8        0x0 linker stubs
 *(.glue_7t)
 .glue_7t       0x0000000008002bc8        0x0 linker stubs
 *(.eh_frame)
 .eh_frame      0x0000000008002bc8        0x0 C:/ST/STM32CubeIDE_1.13.2/STM32CubeIDE/plugins/com.st.stm32cube.ide.mcu.externaltools.gnu-tools-for-stm32.11.3.rel1.win32_1.1.1.202309131626/tools/bin/../lib/gcc/arm-none-eabi/11.3.1/thumb/v7e-m+fp/hard/crtbegin.o
 *(.init)
 .init          0x0000000008002bc8        0x4 C:/ST/STM32CubeIDE_1.13.2/STM32CubeIDE/plugins/com.st.stm32cube.ide.mcu.externaltools.gnu-tools-for-stm32.11.3.rel1.win32_1.1.1.202309131626/tools/bin/../lib/gcc/arm-none-eabi/11.3.1/thumb/v7e-m+fp/hard/crti.o
                0x0000000008002bc8                _init
 .init          0x0000000008002bcc        0x8 C:/ST/STM32CubeIDE_1.13.2/STM32CubeIDE/plugins/com.st.stm32cube.ide.mcu.externaltools.gnu-tools-for-stm32.11.3.rel1.win32_1.1.1.202309131626/tools/bin/../lib/gcc/arm-none-eabi/11.3.1/thumb/v7e-m+fp/hard/crtn.o
 *(.fini)
 .fini          0x0000000008002bd4        0x4 C:/ST/STM32CubeIDE_1.13.2/STM32CubeIDE/plugins/com.st.stm32cube.ide.mcu.externaltools.gnu-tools-for-stm32.11.3.rel1.win32_1.1.1.202309131626/tools/bin/../lib/gcc/arm-none-eabi/11.3.1/thumb/v7e-m+fp/hard/crti.o
                0x0000000008002bd4                _fini
 .fini          0x0000000008002bd8        0x8 C:/ST/STM32CubeIDE_1.13.2/STM32CubeIDE/plugins/com.st.stm32cube.ide.mcu.externaltools.gnu-tools-for-stm32.11.3.rel1.win32_1.1.1.202309131626/tools/bin/../lib/gcc/arm-none-eabi/11.3.1/thumb/v7e-m+fp/hard/crtn.o
                0x0000000008002be0                . = ALIGN (0x4)
                0x0000000008002be0                _etext = .

.vfp11_veneer   0x0000000008002be0        0x0
 .vfp11_veneer  0x0000000008002be0        0x0 linker stubs

.v4_bx          0x0000000008002be0        0x0
 .v4_bx         0x0000000008002be0        0x0 linker stubs

.iplt           0x0000000008002be0        0x0
 .iplt          0x0000000008002be0        0x0 C:/ST/STM32CubeIDE_1.13.2/STM32CubeIDE/plugins/com.st.stm32cube.ide.mcu.externaltools.gnu-tools-for-stm32.11.3.rel1.win32_1.1.1.202309131626/tools/bin/../lib/gcc/arm-none-eabi/11.3.1/thumb/v7e-m+fp/hard/crtbegin.o

.rodata         0x0000000008002be0       0x40
                0x0000000008002be0                . = ALIGN (0x4)
 *(.rodata)
 *(.rodata*)
 .rodata.AHBPrescTable
                0x0000000008002be0       0x10 ./Core/Src/system_stm32l4xx.o
                0x0000000008002be0                AHBPrescTable
 .rodata.MSIRangeTable
                0x0000000008002bf0       0x30 ./Core/Src/system_stm32l4xx.o
                0x0000000008002bf0                MSIRangeTable
                0x0000000008002c20                . = ALIGN (0x4)

.rel.dyn        0x0000000008002c20        0x0
 .rel.iplt      0x0000000008002c20        0x0 C:/ST/STM32CubeIDE_1.13.2/STM32CubeIDE/plugins/com.st.stm32cube.ide.mcu.externaltools.gnu-tools-for-stm32.11.3.rel1.win32_1.1.1.202309131626/tools/bin/../lib/gcc/arm-none-eabi/11.3.1/thumb/v7e-m+fp/hard/crtbegin.o

.ARM.extab      0x0000000008002c20        0x0
                0x0000000008002c20                . = ALIGN (0x4)
 *(.ARM.extab* .gnu.linkonce.armextab.*)
                0x0000000008002c20                . = ALIGN (0x4)

.ARM            0x0000000008002c20        0x0
                0x0000000008002c20                . = ALIGN (0x4)
                0x0000000008002c20                __exidx_start = .
 *(.ARM.exidx*)
                0x0000000008002c20                __exidx_end = .
                0x0000000008002c20                . = ALIGN (0x4)

.preinit_array  0x0000000008002c20        0x0
                0x0000000008002c20                . = ALIGN (0x4)
                0x0000000008002c20                PROVIDE (__preinit_array_start = .)
 *(.preinit_array*)
                0x0000000008002c20                PROVIDE (__preinit_array_end = .)
                0x0000000008002c20                . = ALIGN (0x4)

.init_array     0x0000000008002c20        0x4
                0x0000000008002c20                . = ALIGN (0x4)
                0x0000000008002c20                PROVIDE (__init_array_start = .)
 *(SORT_BY_NAME(.init_array.*))
 *(.init_array*)
 .init_array    0x0000000008002c20        0x4 C:/ST/STM32CubeIDE_1.13.2/STM32CubeIDE/plugins/com.st.stm32cube.ide.mcu.externaltools.gnu-tools-for-stm32.11.3.rel1.win32_1.1.1.202309131626/tools/bin/../lib/gcc/arm-none-eabi/11.3.1/thumb/v7e-m+fp/hard/crtbegin.o
                0x0000000008002c24                PROVIDE (__init_array_end = .)
                0x0000000008002c24                . = ALIGN (0x4)

.fini_array     0x0000000008002c24        0x4
                0x0000000008002c24                . = ALIGN (0x4)
                [!provide]                        PROVIDE (__fini_array_start = .)
 *(SORT_BY_NAME(.fini_array.*))
 *(.fini_array*)
 .fini_array    0x0000000008002c24        0x4 C:/ST/STM32CubeIDE_1.13.2/STM32CubeIDE/plugins/com.st.stm32cube.ide.mcu.externaltools.gnu-tools-for-stm32.11.3.rel1.win32_1.1.1.202309131626/tools/bin/../lib/gcc/arm-none-eabi/11.3.1/thumb/v7e-m+fp/hard/crtbegin.o
                [!provide]                        PROVIDE (__fini_array_end = .)
                0x0000000008002c28                . = ALIGN (0x4)
                0x0000000008002c28                _sidata = LOADADDR (.data)

.data           0x0000000020000000        0xc load address 0x0000000008002c28
                0x0000000020000000                . = ALIGN (0x4)
                0x0000000020000000                _sdata = .
 *(.data)
 *(.data*)
 .data.SystemCoreClock
                0x0000000020000000        0x4 ./Core/Src/system_stm32l4xx.o
                0x0000000020000000                SystemCoreClock
 .data.uwTickPrio
                0x0000000020000004        0x4 ./Drivers/STM32L4xx_HAL_Driver/Src/stm32l4xx_hal.o
                0x0000000020000004                uwTickPrio
 .data.uwTickFreq
                0x0000000020000008        0x1 ./Drivers/STM32L4xx_HAL_Driver/Src/stm32l4xx_hal.o
                0x0000000020000008                uwTickFreq
 *(.RamFunc)
 *(.RamFunc*)
                0x000000002000000c                . = ALIGN (0x4)
 *fill*         0x0000000020000009        0x3 
                0x000000002000000c                _edata = .

.igot.plt       0x000000002000000c        0x0 load address 0x0000000008002c34
 .igot.plt      0x000000002000000c        0x0 C:/ST/STM32CubeIDE_1.13.2/STM32CubeIDE/plugins/com.st.stm32cube.ide.mcu.externaltools.gnu-tools-for-stm32.11.3.rel1.win32_1.1.1.202309131626/tools/bin/../lib/gcc/arm-none-eabi/11.3.1/thumb/v7e-m+fp/hard/crtbegin.o
                0x000000002000000c                . = ALIGN (0x4)

.bss            0x000000002000000c       0xb8 load address 0x0000000008002c34
                0x000000002000000c                _sbss = .
                0x000000002000000c                __bss_start__ = _sbss
 *(.bss)
 .bss           0x000000002000000c       0x1c C:/ST/STM32CubeIDE_1.13.2/STM32CubeIDE/plugins/com.st.stm32cube.ide.mcu.externaltools.gnu-tools-for-stm32.11.3.rel1.win32_1.1.1.202309131626/tools/bin/../lib/gcc/arm-none-eabi/11.3.1/thumb/v7e-m+fp/hard/crtbegin.o
 *(.bss*)
 .bss._buffer   0x0000000020000028       0x15 ./Core/Src/MPU9250.o
 *fill*         0x000000002000003d        0x3 
 .bss._mag_adjust
                0x0000000020000040        0x3 ./Core/Src/MPU9250.o
 *fill*         0x0000000020000043        0x1 
 .bss.AccData   0x0000000020000044        0x6 ./Core/Src/main.o
                0x0000000020000044                AccData
 *fill*         0x000000002000004a        0x2 
 .bss.GyroData  0x000000002000004c        0x6 ./Core/Src/main.o
                0x000000002000004c                GyroData
 *fill*         0x0000000020000052        0x2 
 .bss.MagData   0x0000000020000054        0x6 ./Core/Src/main.o
                0x0000000020000054                MagData
 *fill*         0x000000002000005a        0x2 
 .bss.hspi1     0x000000002000005c       0x64 ./Core/Src/spi.o
                0x000000002000005c                hspi1
 .bss.uwTick    0x00000000200000c0        0x4 ./Drivers/STM32L4xx_HAL_Driver/Src/stm32l4xx_hal.o
                0x00000000200000c0                uwTick
 *(COMMON)
                0x00000000200000c4                . = ALIGN (0x4)
                0x00000000200000c4                _ebss = .
                0x00000000200000c4                __bss_end__ = _ebss

._user_heap_stack
                0x00000000200000c4      0x604 load address 0x0000000008002c34
                0x00000000200000c8                . = ALIGN (0x8)
 *fill*         0x00000000200000c4        0x4 
                [!provide]                        PROVIDE (end = .)
                0x00000000200000c8                PROVIDE (_end = .)
                0x00000000200002c8                . = (. + _Min_Heap_Size)
 *fill*         0x00000000200000c8      0x200 
                0x00000000200006c8                . = (. + _Min_Stack_Size)
 *fill*         0x00000000200002c8      0x400 
                0x00000000200006c8                . = ALIGN (0x8)

/DISCARD/
 libc.a(*)
 libm.a(*)
 libgcc.a(*)

.ARM.attributes
                0x0000000000000000       0x30
 *(.ARM.attributes)
 .ARM.attributes
                0x0000000000000000       0x1e C:/ST/STM32CubeIDE_1.13.2/STM32CubeIDE/plugins/com.st.stm32cube.ide.mcu.externaltools.gnu-tools-for-stm32.11.3.rel1.win32_1.1.1.202309131626/tools/bin/../lib/gcc/arm-none-eabi/11.3.1/thumb/v7e-m+fp/hard/crti.o
 .ARM.attributes
                0x000000000000001e       0x34 C:/ST/STM32CubeIDE_1.13.2/STM32CubeIDE/plugins/com.st.stm32cube.ide.mcu.externaltools.gnu-tools-for-stm32.11.3.rel1.win32_1.1.1.202309131626/tools/bin/../lib/gcc/arm-none-eabi/11.3.1/thumb/v7e-m+fp/hard/crtbegin.o
 .ARM.attributes
                0x0000000000000052       0x34 ./Core/Src/MPU9250.o
 .ARM.attributes
                0x0000000000000086       0x34 ./Core/Src/gpio.o
 .ARM.attributes
                0x00000000000000ba       0x34 ./Core/Src/main.o
 .ARM.attributes
                0x00000000000000ee       0x34 ./Core/Src/spi.o
 .ARM.attributes
                0x0000000000000122       0x34 ./Core/Src/stm32l4xx_hal_msp.o
 .ARM.attributes
                0x0000000000000156       0x34 ./Core/Src/stm32l4xx_it.o
 .ARM.attributes
                0x000000000000018a       0x34 ./Core/Src/system_stm32l4xx.o
 .ARM.attributes
                0x00000000000001be       0x21 ./Core/Startup/startup_stm32l476rgtx.o
 .ARM.attributes
                0x00000000000001df       0x34 ./Drivers/STM32L4xx_HAL_Driver/Src/stm32l4xx_hal.o
 .ARM.attributes
                0x0000000000000213       0x34 ./Drivers/STM32L4xx_HAL_Driver/Src/stm32l4xx_hal_cortex.o
 .ARM.attributes
                0x0000000000000247       0x34 ./Drivers/STM32L4xx_HAL_Driver/Src/stm32l4xx_hal_gpio.o
 .ARM.attributes
                0x000000000000027b       0x34 ./Drivers/STM32L4xx_HAL_Driver/Src/stm32l4xx_hal_pwr_ex.o
 .ARM.attributes
                0x00000000000002af       0x34 ./Drivers/STM32L4xx_HAL_Driver/Src/stm32l4xx_hal_rcc.o
 .ARM.attributes
                0x00000000000002e3       0x34 ./Drivers/STM32L4xx_HAL_Driver/Src/stm32l4xx_hal_spi.o
 .ARM.attributes
                0x0000000000000317       0x34 C:/ST/STM32CubeIDE_1.13.2/STM32CubeIDE/plugins/com.st.stm32cube.ide.mcu.externaltools.gnu-tools-for-stm32.11.3.rel1.win32_1.1.1.202309131626/tools/bin/../lib/gcc/arm-none-eabi/11.3.1/../../../../arm-none-eabi/lib/thumb/v7e-m+fp/hard\libc_nano.a(libc_a-memset.o)
 .ARM.attributes
                0x000000000000034b       0x34 C:/ST/STM32CubeIDE_1.13.2/STM32CubeIDE/plugins/com.st.stm32cube.ide.mcu.externaltools.gnu-tools-for-stm32.11.3.rel1.win32_1.1.1.202309131626/tools/bin/../lib/gcc/arm-none-eabi/11.3.1/../../../../arm-none-eabi/lib/thumb/v7e-m+fp/hard\libc_nano.a(libc_a-init.o)
 .ARM.attributes
                0x000000000000037f       0x1e C:/ST/STM32CubeIDE_1.13.2/STM32CubeIDE/plugins/com.st.stm32cube.ide.mcu.externaltools.gnu-tools-for-stm32.11.3.rel1.win32_1.1.1.202309131626/tools/bin/../lib/gcc/arm-none-eabi/11.3.1/thumb/v7e-m+fp/hard/crtn.o
OUTPUT(MPU 9250 - Based Project.elf elf32-littlearm)
LOAD linker stubs
LOAD C:/ST/STM32CubeIDE_1.13.2/STM32CubeIDE/plugins/com.st.stm32cube.ide.mcu.externaltools.gnu-tools-for-stm32.11.3.rel1.win32_1.1.1.202309131626/tools/bin/../lib/gcc/arm-none-eabi/11.3.1/../../../../arm-none-eabi/lib/thumb/v7e-m+fp/hard\libc.a
LOAD C:/ST/STM32CubeIDE_1.13.2/STM32CubeIDE/plugins/com.st.stm32cube.ide.mcu.externaltools.gnu-tools-for-stm32.11.3.rel1.win32_1.1.1.202309131626/tools/bin/../lib/gcc/arm-none-eabi/11.3.1/../../../../arm-none-eabi/lib/thumb/v7e-m+fp/hard\libm.a
LOAD C:/ST/STM32CubeIDE_1.13.2/STM32CubeIDE/plugins/com.st.stm32cube.ide.mcu.externaltools.gnu-tools-for-stm32.11.3.rel1.win32_1.1.1.202309131626/tools/bin/../lib/gcc/arm-none-eabi/11.3.1/thumb/v7e-m+fp/hard\libgcc.a

.comment        0x0000000000000000       0x43
 .comment       0x0000000000000000       0x43 C:/ST/STM32CubeIDE_1.13.2/STM32CubeIDE/plugins/com.st.stm32cube.ide.mcu.externaltools.gnu-tools-for-stm32.11.3.rel1.win32_1.1.1.202309131626/tools/bin/../lib/gcc/arm-none-eabi/11.3.1/thumb/v7e-m+fp/hard/crtbegin.o
                                         0x44 (size before relaxing)
 .comment       0x0000000000000043       0x44 ./Core/Src/MPU9250.o
 .comment       0x0000000000000043       0x44 ./Core/Src/gpio.o
 .comment       0x0000000000000043       0x44 ./Core/Src/main.o
 .comment       0x0000000000000043       0x44 ./Core/Src/spi.o
 .comment       0x0000000000000043       0x44 ./Core/Src/stm32l4xx_hal_msp.o
 .comment       0x0000000000000043       0x44 ./Core/Src/stm32l4xx_it.o
 .comment       0x0000000000000043       0x44 ./Core/Src/system_stm32l4xx.o
 .comment       0x0000000000000043       0x44 ./Drivers/STM32L4xx_HAL_Driver/Src/stm32l4xx_hal.o
 .comment       0x0000000000000043       0x44 ./Drivers/STM32L4xx_HAL_Driver/Src/stm32l4xx_hal_cortex.o
 .comment       0x0000000000000043       0x44 ./Drivers/STM32L4xx_HAL_Driver/Src/stm32l4xx_hal_gpio.o
 .comment       0x0000000000000043       0x44 ./Drivers/STM32L4xx_HAL_Driver/Src/stm32l4xx_hal_pwr_ex.o
 .comment       0x0000000000000043       0x44 ./Drivers/STM32L4xx_HAL_Driver/Src/stm32l4xx_hal_rcc.o
 .comment       0x0000000000000043       0x44 ./Drivers/STM32L4xx_HAL_Driver/Src/stm32l4xx_hal_spi.o

.debug_info     0x0000000000000000     0x76a7
 .debug_info    0x0000000000000000     0x10b1 ./Core/Src/MPU9250.o
 .debug_info    0x00000000000010b1      0x3fb ./Core/Src/gpio.o
 .debug_info    0x00000000000014ac      0x386 ./Core/Src/main.o
 .debug_info    0x0000000000001832      0x97b ./Core/Src/spi.o
 .debug_info    0x00000000000021ad      0x2b9 ./Core/Src/stm32l4xx_hal_msp.o
 .debug_info    0x0000000000002466      0x113 ./Core/Src/stm32l4xx_it.o
 .debug_info    0x0000000000002579      0x5b1 ./Core/Src/system_stm32l4xx.o
 .debug_info    0x0000000000002b2a       0x23 ./Core/Startup/startup_stm32l476rgtx.o
 .debug_info    0x0000000000002b4d      0xaeb ./Drivers/STM32L4xx_HAL_Driver/Src/stm32l4xx_hal.o
 .debug_info    0x0000000000003638      0xd4c ./Drivers/STM32L4xx_HAL_Driver/Src/stm32l4xx_hal_cortex.o
 .debug_info    0x0000000000004384      0x757 ./Drivers/STM32L4xx_HAL_Driver/Src/stm32l4xx_hal_gpio.o
 .debug_info    0x0000000000004adb      0x99e ./Drivers/STM32L4xx_HAL_Driver/Src/stm32l4xx_hal_pwr_ex.o
 .debug_info    0x0000000000005479      0xc14 ./Drivers/STM32L4xx_HAL_Driver/Src/stm32l4xx_hal_rcc.o
 .debug_info    0x000000000000608d     0x161a ./Drivers/STM32L4xx_HAL_Driver/Src/stm32l4xx_hal_spi.o

.debug_abbrev   0x0000000000000000     0x1861
 .debug_abbrev  0x0000000000000000      0x2b9 ./Core/Src/MPU9250.o
 .debug_abbrev  0x00000000000002b9      0x134 ./Core/Src/gpio.o
 .debug_abbrev  0x00000000000003ed      0x1ba ./Core/Src/main.o
 .debug_abbrev  0x00000000000005a7      0x1f3 ./Core/Src/spi.o
 .debug_abbrev  0x000000000000079a       0xc6 ./Core/Src/stm32l4xx_hal_msp.o
 .debug_abbrev  0x0000000000000860       0x73 ./Core/Src/stm32l4xx_it.o
 .debug_abbrev  0x00000000000008d3      0x11a ./Core/Src/system_stm32l4xx.o
 .debug_abbrev  0x00000000000009ed       0x12 ./Core/Startup/startup_stm32l476rgtx.o
 .debug_abbrev  0x00000000000009ff      0x242 ./Drivers/STM32L4xx_HAL_Driver/Src/stm32l4xx_hal.o
 .debug_abbrev  0x0000000000000c41      0x327 ./Drivers/STM32L4xx_HAL_Driver/Src/stm32l4xx_hal_cortex.o
 .debug_abbrev  0x0000000000000f68      0x1cb ./Drivers/STM32L4xx_HAL_Driver/Src/stm32l4xx_hal_gpio.o
 .debug_abbrev  0x0000000000001133      0x1f9 ./Drivers/STM32L4xx_HAL_Driver/Src/stm32l4xx_hal_pwr_ex.o
 .debug_abbrev  0x000000000000132c      0x2cb ./Drivers/STM32L4xx_HAL_Driver/Src/stm32l4xx_hal_rcc.o
 .debug_abbrev  0x00000000000015f7      0x26a ./Drivers/STM32L4xx_HAL_Driver/Src/stm32l4xx_hal_spi.o

.debug_aranges  0x0000000000000000      0x860
 .debug_aranges
                0x0000000000000000       0xa8 ./Core/Src/MPU9250.o
 .debug_aranges
                0x00000000000000a8       0x20 ./Core/Src/gpio.o
 .debug_aranges
                0x00000000000000c8       0x30 ./Core/Src/main.o
 .debug_aranges
                0x00000000000000f8       0x30 ./Core/Src/spi.o
 .debug_aranges
                0x0000000000000128       0x20 ./Core/Src/stm32l4xx_hal_msp.o
 .debug_aranges
                0x0000000000000148       0x60 ./Core/Src/stm32l4xx_it.o
 .debug_aranges
                0x00000000000001a8       0x28 ./Core/Src/system_stm32l4xx.o
 .debug_aranges
                0x00000000000001d0       0x28 ./Core/Startup/startup_stm32l476rgtx.o
 .debug_aranges
                0x00000000000001f8      0x130 ./Drivers/STM32L4xx_HAL_Driver/Src/stm32l4xx_hal.o
 .debug_aranges
                0x0000000000000328      0x118 ./Drivers/STM32L4xx_HAL_Driver/Src/stm32l4xx_hal_cortex.o
 .debug_aranges
                0x0000000000000440       0x58 ./Drivers/STM32L4xx_HAL_Driver/Src/stm32l4xx_hal_gpio.o
 .debug_aranges
                0x0000000000000498      0x160 ./Drivers/STM32L4xx_HAL_Driver/Src/stm32l4xx_hal_pwr_ex.o
 .debug_aranges
                0x00000000000005f8       0x90 ./Drivers/STM32L4xx_HAL_Driver/Src/stm32l4xx_hal_rcc.o
 .debug_aranges
                0x0000000000000688      0x1d8 ./Drivers/STM32L4xx_HAL_Driver/Src/stm32l4xx_hal_spi.o

.debug_rnglists
                0x0000000000000000      0x632
 .debug_rnglists
                0x0000000000000000       0x7c ./Core/Src/MPU9250.o
 .debug_rnglists
                0x000000000000007c       0x13 ./Core/Src/gpio.o
 .debug_rnglists
                0x000000000000008f       0x20 ./Core/Src/main.o
 .debug_rnglists
                0x00000000000000af       0x20 ./Core/Src/spi.o
 .debug_rnglists
                0x00000000000000cf       0x13 ./Core/Src/stm32l4xx_hal_msp.o
 .debug_rnglists
                0x00000000000000e2       0x43 ./Core/Src/stm32l4xx_it.o
 .debug_rnglists
                0x0000000000000125       0x1a ./Core/Src/system_stm32l4xx.o
 .debug_rnglists
                0x000000000000013f       0x19 ./Core/Startup/startup_stm32l476rgtx.o
 .debug_rnglists
                0x0000000000000158       0xdf ./Drivers/STM32L4xx_HAL_Driver/Src/stm32l4xx_hal.o
 .debug_rnglists
                0x0000000000000237       0xce ./Drivers/STM32L4xx_HAL_Driver/Src/stm32l4xx_hal_cortex.o
 .debug_rnglists
                0x0000000000000305       0x3f ./Drivers/STM32L4xx_HAL_Driver/Src/stm32l4xx_hal_gpio.o
 .debug_rnglists
                0x0000000000000344      0x109 ./Drivers/STM32L4xx_HAL_Driver/Src/stm32l4xx_hal_pwr_ex.o
 .debug_rnglists
                0x000000000000044d       0x6d ./Drivers/STM32L4xx_HAL_Driver/Src/stm32l4xx_hal_rcc.o
 .debug_rnglists
                0x00000000000004ba      0x178 ./Drivers/STM32L4xx_HAL_Driver/Src/stm32l4xx_hal_spi.o

.debug_macro    0x0000000000000000    0x24c6b
 .debug_macro   0x0000000000000000      0x1d9 ./Core/Src/MPU9250.o
 .debug_macro   0x00000000000001d9      0xaa8 ./Core/Src/MPU9250.o
 .debug_macro   0x0000000000000c81      0x1a1 ./Core/Src/MPU9250.o
 .debug_macro   0x0000000000000e22       0x2e ./Core/Src/MPU9250.o
 .debug_macro   0x0000000000000e50       0x28 ./Core/Src/MPU9250.o
 .debug_macro   0x0000000000000e78       0x22 ./Core/Src/MPU9250.o
 .debug_macro   0x0000000000000e9a       0x8e ./Core/Src/MPU9250.o
 .debug_macro   0x0000000000000f28       0x51 ./Core/Src/MPU9250.o
 .debug_macro   0x0000000000000f79      0x103 ./Core/Src/MPU9250.o
 .debug_macro   0x000000000000107c       0x6a ./Core/Src/MPU9250.o
 .debug_macro   0x00000000000010e6      0x1df ./Core/Src/MPU9250.o
 .debug_macro   0x00000000000012c5       0x1c ./Core/Src/MPU9250.o
 .debug_macro   0x00000000000012e1       0x22 ./Core/Src/MPU9250.o
 .debug_macro   0x0000000000001303       0xfb ./Core/Src/MPU9250.o
 .debug_macro   0x00000000000013fe     0x1011 ./Core/Src/MPU9250.o
 .debug_macro   0x000000000000240f      0x11f ./Core/Src/MPU9250.o
 .debug_macro   0x000000000000252e    0x1a17a ./Core/Src/MPU9250.o
 .debug_macro   0x000000000001c6a8       0x6d ./Core/Src/MPU9250.o
 .debug_macro   0x000000000001c715     0x38e6 ./Core/Src/MPU9250.o
 .debug_macro   0x000000000001fffb      0x174 ./Core/Src/MPU9250.o
 .debug_macro   0x000000000002016f       0x5c ./Core/Src/MPU9250.o
 .debug_macro   0x00000000000201cb     0x159e ./Core/Src/MPU9250.o
 .debug_macro   0x0000000000021769      0x5a5 ./Core/Src/MPU9250.o
 .debug_macro   0x0000000000021d0e      0x1b9 ./Core/Src/MPU9250.o
 .debug_macro   0x0000000000021ec7      0x18b ./Core/Src/MPU9250.o
 .debug_macro   0x0000000000022052      0x26b ./Core/Src/MPU9250.o
 .debug_macro   0x00000000000222bd      0x23d ./Core/Src/MPU9250.o
 .debug_macro   0x00000000000224fa      0x241 ./Core/Src/MPU9250.o
 .debug_macro   0x000000000002273b      0x37c ./Core/Src/MPU9250.o
 .debug_macro   0x0000000000022ab7       0xd6 ./Core/Src/MPU9250.o
 .debug_macro   0x0000000000022b8d      0x122 ./Core/Src/MPU9250.o
 .debug_macro   0x0000000000022caf      0x3ef ./Core/Src/MPU9250.o
 .debug_macro   0x000000000002309e      0x2fe ./Core/Src/MPU9250.o
 .debug_macro   0x000000000002339c      0x330 ./Core/Src/MPU9250.o
 .debug_macro   0x00000000000236cc       0x10 ./Core/Src/MPU9250.o
 .debug_macro   0x00000000000236dc       0x1c ./Core/Src/MPU9250.o
 .debug_macro   0x00000000000236f8      0x1c6 ./Core/Src/gpio.o
 .debug_macro   0x00000000000238be      0x1e7 ./Core/Src/main.o
 .debug_macro   0x0000000000023aa5      0x1c6 ./Core/Src/spi.o
 .debug_macro   0x0000000000023c6b      0x1bc ./Core/Src/stm32l4xx_hal_msp.o
 .debug_macro   0x0000000000023e27      0x1c6 ./Core/Src/stm32l4xx_it.o
 .debug_macro   0x0000000000023fed      0x1ad ./Core/Src/system_stm32l4xx.o
 .debug_macro   0x000000000002419a      0x1fb ./Drivers/STM32L4xx_HAL_Driver/Src/stm32l4xx_hal.o
 .debug_macro   0x0000000000024395      0x1ad ./Drivers/STM32L4xx_HAL_Driver/Src/stm32l4xx_hal_cortex.o
 .debug_macro   0x0000000000024542      0x1b4 ./Drivers/STM32L4xx_HAL_Driver/Src/stm32l4xx_hal_gpio.o
 .debug_macro   0x00000000000246f6      0x1d1 ./Drivers/STM32L4xx_HAL_Driver/Src/stm32l4xx_hal_pwr_ex.o
 .debug_macro   0x00000000000248c7      0x1ef ./Drivers/STM32L4xx_HAL_Driver/Src/stm32l4xx_hal_rcc.o
 .debug_macro   0x0000000000024ab6      0x1b5 ./Drivers/STM32L4xx_HAL_Driver/Src/stm32l4xx_hal_spi.o

.debug_line     0x0000000000000000     0x96a0
 .debug_line    0x0000000000000000      0xa4a ./Core/Src/MPU9250.o
 .debug_line    0x0000000000000a4a      0x71e ./Core/Src/gpio.o
 .debug_line    0x0000000000001168      0x7c6 ./Core/Src/main.o
 .debug_line    0x000000000000192e      0x78d ./Core/Src/spi.o
 .debug_line    0x00000000000020bb      0x714 ./Core/Src/stm32l4xx_hal_msp.o
 .debug_line    0x00000000000027cf      0x7d7 ./Core/Src/stm32l4xx_it.o
 .debug_line    0x0000000000002fa6      0x7ac ./Core/Src/system_stm32l4xx.o
 .debug_line    0x0000000000003752       0x7a ./Core/Startup/startup_stm32l476rgtx.o
 .debug_line    0x00000000000037cc      0xb04 ./Drivers/STM32L4xx_HAL_Driver/Src/stm32l4xx_hal.o
 .debug_line    0x00000000000042d0      0xcab ./Drivers/STM32L4xx_HAL_Driver/Src/stm32l4xx_hal_cortex.o
 .debug_line    0x0000000000004f7b      0xb78 ./Drivers/STM32L4xx_HAL_Driver/Src/stm32l4xx_hal_gpio.o
 .debug_line    0x0000000000005af3      0xcfc ./Drivers/STM32L4xx_HAL_Driver/Src/stm32l4xx_hal_pwr_ex.o
 .debug_line    0x00000000000067ef      0xf7b ./Drivers/STM32L4xx_HAL_Driver/Src/stm32l4xx_hal_rcc.o
 .debug_line    0x000000000000776a     0x1f36 ./Drivers/STM32L4xx_HAL_Driver/Src/stm32l4xx_hal_spi.o

.debug_str      0x0000000000000000    0xe0daa
 .debug_str     0x0000000000000000    0xdea7f ./Core/Src/MPU9250.o
                                      0xdedd3 (size before relaxing)
 .debug_str     0x00000000000dea7f      0x1bb ./Core/Src/gpio.o
                                      0xde27e (size before relaxing)
 .debug_str     0x00000000000dec3a      0x1e7 ./Core/Src/main.o
                                      0xde375 (size before relaxing)
 .debug_str     0x00000000000dee21       0x5b ./Core/Src/spi.o
                                      0xde6e6 (size before relaxing)
 .debug_str     0x00000000000dee7c       0x2c ./Core/Src/stm32l4xx_hal_msp.o
                                      0xde1ea (size before relaxing)
 .debug_str     0x00000000000deea8       0xc9 ./Core/Src/stm32l4xx_it.o
                                      0xde123 (size before relaxing)
 .debug_str     0x00000000000def71       0xf2 ./Core/Src/system_stm32l4xx.o
                                      0xde284 (size before relaxing)
 .debug_str     0x00000000000df063       0x34 ./Core/Startup/startup_stm32l476rgtx.o
                                         0x99 (size before relaxing)
 .debug_str     0x00000000000df097      0xa8f ./Drivers/STM32L4xx_HAL_Driver/Src/stm32l4xx_hal.o
                                      0xdee17 (size before relaxing)
 .debug_str     0x00000000000dfb26      0x344 ./Drivers/STM32L4xx_HAL_Driver/Src/stm32l4xx_hal_cortex.o
                                      0xdeacb (size before relaxing)
 .debug_str     0x00000000000dfe6a      0x128 ./Drivers/STM32L4xx_HAL_Driver/Src/stm32l4xx_hal_gpio.o
                                      0xde3fd (size before relaxing)
 .debug_str     0x00000000000dff92      0x4e3 ./Drivers/STM32L4xx_HAL_Driver/Src/stm32l4xx_hal_pwr_ex.o
                                      0xde7df (size before relaxing)
 .debug_str     0x00000000000e0475      0x3ac ./Drivers/STM32L4xx_HAL_Driver/Src/stm32l4xx_hal_rcc.o
                                      0xde8ca (size before relaxing)
 .debug_str     0x00000000000e0821      0x589 ./Drivers/STM32L4xx_HAL_Driver/Src/stm32l4xx_hal_spi.o
                                      0xdeaa5 (size before relaxing)

.debug_frame    0x0000000000000000     0x1fe0
 .debug_frame   0x0000000000000000      0x274 ./Core/Src/MPU9250.o
 .debug_frame   0x0000000000000274       0x34 ./Core/Src/gpio.o
 .debug_frame   0x00000000000002a8       0x68 ./Core/Src/main.o
 .debug_frame   0x0000000000000310       0x74 ./Core/Src/spi.o
 .debug_frame   0x0000000000000384       0x38 ./Core/Src/stm32l4xx_hal_msp.o
 .debug_frame   0x00000000000003bc      0x104 ./Core/Src/stm32l4xx_it.o
 .debug_frame   0x00000000000004c0       0x58 ./Core/Src/system_stm32l4xx.o
 .debug_frame   0x0000000000000518      0x498 ./Drivers/STM32L4xx_HAL_Driver/Src/stm32l4xx_hal.o
 .debug_frame   0x00000000000009b0      0x498 ./Drivers/STM32L4xx_HAL_Driver/Src/stm32l4xx_hal_cortex.o
 .debug_frame   0x0000000000000e48      0x14c ./Drivers/STM32L4xx_HAL_Driver/Src/stm32l4xx_hal_gpio.o
 .debug_frame   0x0000000000000f94      0x584 ./Drivers/STM32L4xx_HAL_Driver/Src/stm32l4xx_hal_pwr_ex.o
 .debug_frame   0x0000000000001518      0x21c ./Drivers/STM32L4xx_HAL_Driver/Src/stm32l4xx_hal_rcc.o
 .debug_frame   0x0000000000001734      0x860 ./Drivers/STM32L4xx_HAL_Driver/Src/stm32l4xx_hal_spi.o
 .debug_frame   0x0000000000001f94       0x20 C:/ST/STM32CubeIDE_1.13.2/STM32CubeIDE/plugins/com.st.stm32cube.ide.mcu.externaltools.gnu-tools-for-stm32.11.3.rel1.win32_1.1.1.202309131626/tools/bin/../lib/gcc/arm-none-eabi/11.3.1/../../../../arm-none-eabi/lib/thumb/v7e-m+fp/hard\libc_nano.a(libc_a-memset.o)
 .debug_frame   0x0000000000001fb4       0x2c C:/ST/STM32CubeIDE_1.13.2/STM32CubeIDE/plugins/com.st.stm32cube.ide.mcu.externaltools.gnu-tools-for-stm32.11.3.rel1.win32_1.1.1.202309131626/tools/bin/../lib/gcc/arm-none-eabi/11.3.1/../../../../arm-none-eabi/lib/thumb/v7e-m+fp/hard\libc_nano.a(libc_a-init.o)

.debug_line_str
                0x0000000000000000       0x8d
 .debug_line_str
                0x0000000000000000       0x8d ./Core/Startup/startup_stm32l476rgtx.o
                                         0xa5 (size before relaxing)
