../Core/Src/main.c:106:5:main	8	static
../Core/Src/main.c:176:6:SystemClock_Config	96	static
../Core/Src/main.c:227:13:MX_TIM2_Init	48	static
../Core/Src/main.c:281:13:MX_TIM4_Init	40	static
../Core/Src/main.c:329:13:MX_TIM6_Init	24	static
../Core/Src/main.c:367:13:MX_USART1_UART_Init	8	static
../Core/Src/main.c:402:13:MX_USART2_UART_Init	8	static
../Core/Src/main.c:437:13:MX_GPIO_Init	40	static
../Core/Src/main.c:473:6:HAL_TIM_IC_CaptureCallback	16	static
../Core/Src/main.c:511:6:Turn_Left	8	static
../Core/Src/main.c:528:6:Turn_Right	8	static
../Core/Src/main.c:546:6:Forward	8	static
../Core/Src/main.c:562:6:Backward	8	static
../Core/Src/main.c:579:6:HAL_UART_RxCpltCallback	16	static
../Core/Src/main.c:624:6:HCSR04_Read	8	static
../Core/Src/main.c:633:6:delay_us	16	static
../Core/Src/main.c:644:6:Error_Handler	4	static,ignoring_inline_asm
