../Core/Src/main.c:86:5:main	8	static
../Core/Src/main.c:143:6:SystemClock_Config	96	static
../Core/Src/main.c:194:13:MX_TIM2_Init	40	static
../Core/Src/main.c:242:13:MX_TIM6_Init	24	static
../Core/Src/main.c:280:13:MX_USART2_UART_Init	8	static
../Core/Src/main.c:315:13:MX_GPIO_Init	40	static
../Core/Src/main.c:343:6:HAL_TIM_IC_CaptureCallback	16	static
../Core/Src/main.c:381:6:HCSR04_Read	8	static
../Core/Src/main.c:390:6:delay_us	16	static
../Core/Src/main.c:402:6:Error_Handler	4	static,ignoring_inline_asm
