../Core/Src/main.c:100:5:main	16	static
../Core/Src/main.c:180:6:SystemClock_Config	96	static
../Core/Src/main.c:231:13:MX_ADC1_Init	48	static
../Core/Src/main.c:298:13:MX_TIM2_Init	48	static
../Core/Src/main.c:351:13:MX_USART1_UART_Init	8	static
../Core/Src/main.c:386:13:MX_GPIO_Init	40	static
../Core/Src/main.c:422:6:Switch_Direction_SrvoA	8	static
../Core/Src/main.c:426:6:Switch_Direction_SrvoB	8	static
../Core/Src/main.c:430:6:Front_light	4	static
../Core/Src/main.c:434:6:Back_light	4	static
../Core/Src/main.c:438:6:Alert	4	static
../Core/Src/main.c:444:6:HAL_UART_RxCpltCallback	16	static
../Core/Src/main.c:474:10:MAP	24	static
../Core/Src/main.c:485:6:Error_Handler	4	static,ignoring_inline_asm
