Archive member included to satisfy reference by file (symbol)

C:/ST/STM32CubeIDE_1.13.2/STM32CubeIDE/plugins/com.st.stm32cube.ide.mcu.externaltools.gnu-tools-for-stm32.11.3.rel1.win32_1.1.1.202309131626/tools/bin/../lib/gcc/arm-none-eabi/11.3.1/../../../../arm-none-eabi/lib/thumb/v6-m/nofp\libc_nano.a(libc_a-exit.o)
                              C:/ST/STM32CubeIDE_1.13.2/STM32CubeIDE/plugins/com.st.stm32cube.ide.mcu.externaltools.gnu-tools-for-stm32.11.3.rel1.win32_1.1.1.202309131626/tools/bin/../lib/gcc/arm-none-eabi/11.3.1/../../../../arm-none-eabi/lib/thumb/v6-m/nofp/crt0.o (exit)
C:/ST/STM32CubeIDE_1.13.2/STM32CubeIDE/plugins/com.st.stm32cube.ide.mcu.externaltools.gnu-tools-for-stm32.11.3.rel1.win32_1.1.1.202309131626/tools/bin/../lib/gcc/arm-none-eabi/11.3.1/../../../../arm-none-eabi/lib/thumb/v6-m/nofp\libc_nano.a(libc_a-findfp.o)
                              C:/ST/STM32CubeIDE_1.13.2/STM32CubeIDE/plugins/com.st.stm32cube.ide.mcu.externaltools.gnu-tools-for-stm32.11.3.rel1.win32_1.1.1.202309131626/tools/bin/../lib/gcc/arm-none-eabi/11.3.1/../../../../arm-none-eabi/lib/thumb/v6-m/nofp\libc_nano.a(libc_a-exit.o) (__stdio_exit_handler)
C:/ST/STM32CubeIDE_1.13.2/STM32CubeIDE/plugins/com.st.stm32cube.ide.mcu.externaltools.gnu-tools-for-stm32.11.3.rel1.win32_1.1.1.202309131626/tools/bin/../lib/gcc/arm-none-eabi/11.3.1/../../../../arm-none-eabi/lib/thumb/v6-m/nofp\libc_nano.a(libc_a-fwalk.o)
                              C:/ST/STM32CubeIDE_1.13.2/STM32CubeIDE/plugins/com.st.stm32cube.ide.mcu.externaltools.gnu-tools-for-stm32.11.3.rel1.win32_1.1.1.202309131626/tools/bin/../lib/gcc/arm-none-eabi/11.3.1/../../../../arm-none-eabi/lib/thumb/v6-m/nofp\libc_nano.a(libc_a-findfp.o) (_fwalk_sglue)
C:/ST/STM32CubeIDE_1.13.2/STM32CubeIDE/plugins/com.st.stm32cube.ide.mcu.externaltools.gnu-tools-for-stm32.11.3.rel1.win32_1.1.1.202309131626/tools/bin/../lib/gcc/arm-none-eabi/11.3.1/../../../../arm-none-eabi/lib/thumb/v6-m/nofp\libc_nano.a(libc_a-stdio.o)
                              C:/ST/STM32CubeIDE_1.13.2/STM32CubeIDE/plugins/com.st.stm32cube.ide.mcu.externaltools.gnu-tools-for-stm32.11.3.rel1.win32_1.1.1.202309131626/tools/bin/../lib/gcc/arm-none-eabi/11.3.1/../../../../arm-none-eabi/lib/thumb/v6-m/nofp\libc_nano.a(libc_a-findfp.o) (__sread)
C:/ST/STM32CubeIDE_1.13.2/STM32CubeIDE/plugins/com.st.stm32cube.ide.mcu.externaltools.gnu-tools-for-stm32.11.3.rel1.win32_1.1.1.202309131626/tools/bin/../lib/gcc/arm-none-eabi/11.3.1/../../../../arm-none-eabi/lib/thumb/v6-m/nofp\libc_nano.a(libc_a-memset.o)
                              C:/ST/STM32CubeIDE_1.13.2/STM32CubeIDE/plugins/com.st.stm32cube.ide.mcu.externaltools.gnu-tools-for-stm32.11.3.rel1.win32_1.1.1.202309131626/tools/bin/../lib/gcc/arm-none-eabi/11.3.1/../../../../arm-none-eabi/lib/thumb/v6-m/nofp/crt0.o (memset)
C:/ST/STM32CubeIDE_1.13.2/STM32CubeIDE/plugins/com.st.stm32cube.ide.mcu.externaltools.gnu-tools-for-stm32.11.3.rel1.win32_1.1.1.202309131626/tools/bin/../lib/gcc/arm-none-eabi/11.3.1/../../../../arm-none-eabi/lib/thumb/v6-m/nofp\libc_nano.a(libc_a-closer.o)
                              C:/ST/STM32CubeIDE_1.13.2/STM32CubeIDE/plugins/com.st.stm32cube.ide.mcu.externaltools.gnu-tools-for-stm32.11.3.rel1.win32_1.1.1.202309131626/tools/bin/../lib/gcc/arm-none-eabi/11.3.1/../../../../arm-none-eabi/lib/thumb/v6-m/nofp\libc_nano.a(libc_a-stdio.o) (_close_r)
C:/ST/STM32CubeIDE_1.13.2/STM32CubeIDE/plugins/com.st.stm32cube.ide.mcu.externaltools.gnu-tools-for-stm32.11.3.rel1.win32_1.1.1.202309131626/tools/bin/../lib/gcc/arm-none-eabi/11.3.1/../../../../arm-none-eabi/lib/thumb/v6-m/nofp\libc_nano.a(libc_a-reent.o)
                              C:/ST/STM32CubeIDE_1.13.2/STM32CubeIDE/plugins/com.st.stm32cube.ide.mcu.externaltools.gnu-tools-for-stm32.11.3.rel1.win32_1.1.1.202309131626/tools/bin/../lib/gcc/arm-none-eabi/11.3.1/../../../../arm-none-eabi/lib/thumb/v6-m/nofp\libc_nano.a(libc_a-closer.o) (errno)
C:/ST/STM32CubeIDE_1.13.2/STM32CubeIDE/plugins/com.st.stm32cube.ide.mcu.externaltools.gnu-tools-for-stm32.11.3.rel1.win32_1.1.1.202309131626/tools/bin/../lib/gcc/arm-none-eabi/11.3.1/../../../../arm-none-eabi/lib/thumb/v6-m/nofp\libc_nano.a(libc_a-impure.o)
                              C:/ST/STM32CubeIDE_1.13.2/STM32CubeIDE/plugins/com.st.stm32cube.ide.mcu.externaltools.gnu-tools-for-stm32.11.3.rel1.win32_1.1.1.202309131626/tools/bin/../lib/gcc/arm-none-eabi/11.3.1/../../../../arm-none-eabi/lib/thumb/v6-m/nofp\libc_nano.a(libc_a-reent.o) (_impure_ptr)
C:/ST/STM32CubeIDE_1.13.2/STM32CubeIDE/plugins/com.st.stm32cube.ide.mcu.externaltools.gnu-tools-for-stm32.11.3.rel1.win32_1.1.1.202309131626/tools/bin/../lib/gcc/arm-none-eabi/11.3.1/../../../../arm-none-eabi/lib/thumb/v6-m/nofp\libc_nano.a(libc_a-lseekr.o)
[...]
Memory Configuration

Name             Origin             Length             Attributes
RAM              0x0000000020000000 0x0000000000002000 xrw
FLASH            0x0000000008000000 0x0000000000008000 xr
*default*        0x0000000000000000 0xffffffffffffffff

Linker script and memory map

LOAD C:/ST/STM32CubeIDE_1.13.2/STM32CubeIDE/plugins/com.st.stm32cube.ide.mcu.externaltools.gnu-tools-for-stm32.11.3.rel1.win32_1.1.1.202309131626/tools/bin/../lib/gcc/arm-none-eabi/11.3.1/thumb/v6-m/nofp/crti.o
LOAD C:/ST/STM32CubeIDE_1.13.2/STM32CubeIDE/plugins/com.st.stm32cube.ide.mcu.externaltools.gnu-tools-for-stm32.11.3.rel1.win32_1.1.1.202309131626/tools/bin/../lib/gcc/arm-none-eabi/11.3.1/thumb/v6-m/nofp/crtbegin.o
LOAD C:/ST/STM32CubeIDE_1.13.2/STM32CubeIDE/plugins/com.st.stm32cube.ide.mcu.externaltools.gnu-tools-for-stm32.11.3.rel1.win32_1.1.1.202309131626/tools/bin/../lib/gcc/arm-none-eabi/11.3.1/../../../../arm-none-eabi/lib/thumb/v6-m/nofp/crt0.o
LOAD ./Core/Src/gpio.o
LOAD ./Core/Src/i2c.o
LOAD ./Core/Src/main.o
LOAD ./Core/Src/stm32g0xx_hal_msp.o
LOAD ./Core/Src/stm32g0xx_it.o
LOAD ./Core/Src/syscalls.o
LOAD ./Core/Src/sysmem.o
LOAD ./Core/Src/system_stm32g0xx.o
LOAD ./Core/Startup/startup_stm32g031j6mx.o
LOAD ./Drivers/STM32G0xx_HAL_Driver/Src/stm32g0xx_hal.o
LOAD ./Drivers/STM32G0xx_HAL_Driver/Src/stm32g0xx_hal_cortex.o
LOAD ./Drivers/STM32G0xx_HAL_Driver/Src/stm32g0xx_hal_dma.o
LOAD ./Drivers/STM32G0xx_HAL_Driver/Src/stm32g0xx_hal_dma_ex.o
LOAD ./Drivers/STM32G0xx_HAL_Driver/Src/stm32g0xx_hal_exti.o
LOAD ./Drivers/STM32G0xx_HAL_Driver/Src/stm32g0xx_hal_flash.o
LOAD ./Drivers/STM32G0xx_HAL_Driver/Src/stm32g0xx_hal_flash_ex.o
LOAD ./Drivers/STM32G0xx_HAL_Driver/Src/stm32g0xx_hal_gpio.o
LOAD ./Drivers/STM32G0xx_HAL_Driver/Src/stm32g0xx_hal_i2c.o
LOAD ./Drivers/STM32G0xx_HAL_Driver/Src/stm32g0xx_hal_i2c_ex.o
LOAD ./Drivers/STM32G0xx_HAL_Driver/Src/stm32g0xx_hal_pwr.o
LOAD ./Drivers/STM32G0xx_HAL_Driver/Src/stm32g0xx_hal_pwr_ex.o
LOAD ./Drivers/STM32G0xx_HAL_Driver/Src/stm32g0xx_hal_rcc.o
LOAD ./Drivers/STM32G0xx_HAL_Driver/Src/stm32g0xx_hal_rcc_ex.o
LOAD ./Drivers/STM32G0xx_HAL_Driver/Src/stm32g0xx_hal_tim.o
LOAD ./Drivers/STM32G0xx_HAL_Driver/Src/stm32g0xx_hal_tim_ex.o
LOAD ./Drivers/STM32G0xx_HAL_Driver/Src/stm32g0xx_ll_dma.o
LOAD ./Drivers/STM32G0xx_HAL_Driver/Src/stm32g0xx_ll_rcc.o
START GROUP
LOAD C:/ST/STM32CubeIDE_1.13.2/STM32CubeIDE/plugins/com.st.stm32cube.ide.mcu.externaltools.gnu-tools-for-stm32.11.3.rel1.win32_1.1.1.202309131626/tools/bin/../lib/gcc/arm-none-eabi/11.3.1/../../../../arm-none-eabi/lib/thumb/v6-m/nofp\libc_nano.a
LOAD C:/ST/STM32CubeIDE_1.13.2/STM32CubeIDE/plugins/com.st.stm32cube.ide.mcu.externaltools.gnu-tools-for-stm32.11.3.rel1.win32_1.1.1.202309131626/tools/bin/../lib/gcc/arm-none-eabi/11.3.1/../../../../arm-none-eabi/lib/thumb/v6-m/nofp\libm.a
END GROUP
START GROUP
LOAD C:/ST/STM32CubeIDE_1.13.2/STM32CubeIDE/plugins/com.st.stm32cube.ide.mcu.externaltools.gnu-tools-for-stm32.11.3.rel1.win32_1.1.1.202309131626/tools/bin/../lib/gcc/arm-none-eabi/11.3.1/thumb/v6-m/nofp\libgcc.a
LOAD C:/ST/STM32CubeIDE_1.13.2/STM32CubeIDE/plugins/com.st.stm32cube.ide.mcu.externaltools.gnu-tools-for-stm32.11.3.rel1.win32_1.1.1.202309131626/tools/bin/../lib/gcc/arm-none-eabi/11.3.1/../../../../arm-none-eabi/lib/thumb/v6-m/nofp\libc_nano.a
END GROUP
START GROUP
LOAD C:/ST/STM32CubeIDE_1.13.2/STM32CubeIDE/plugins/com.st.stm32cube.ide.mcu.externaltools.gnu-tools-for-stm32.11.3.rel1.win32_1.1.1.202309131626/tools/bin/../lib/gcc/arm-none-eabi/11.3.1/thumb/v6-m/nofp\libgcc.a
LOAD C:/ST/STM32CubeIDE_1.13.2/STM32CubeIDE/plugins/com.st.stm32cube.ide.mcu.externaltools.gnu-tools-for-stm32.11.3.rel1.win32_1.1.1.202309131626/tools/bin/../lib/gcc/arm-none-eabi/11.3.1/../../../../arm-none-eabi/lib/thumb/v6-m/nofp\libc_nano.a
LOAD C:/ST/STM32CubeIDE_1.13.2/STM32CubeIDE/plugins/com.st.stm32cube.ide.mcu.externaltools.gnu-tools-for-stm32.11.3.rel1.win32_1.1.1.202309131626/tools/bin/../lib/gcc/arm-none-eabi/11.3.1/../../../../arm-none-eabi/lib/thumb/v6-m/nofp\libnosys.a
END GROUP
START GROUP
LOAD C:/ST/STM32CubeIDE_1.13.2/STM32CubeIDE/plugins/com.st.stm32cube.ide.mcu.externaltools.gnu-tools-for-stm32.11.3.rel1.win32_1.1.1.202309131626/tools/bin/../lib/gcc/arm-none-eabi/11.3.1/thumb/v6-m/nofp\libgcc.a
LOAD C:/ST/STM32CubeIDE_1.13.2/STM32CubeIDE/plugins/com.st.stm32cube.ide.mcu.externaltools.gnu-tools-for-stm32.11.3.rel1.win32_1.1.1.202309131626/tools/bin/../lib/gcc/arm-none-eabi/11.3.1/../../../../arm-none-eabi/lib/thumb/v6-m/nofp\libc_nano.a
LOAD C:/ST/STM32CubeIDE_1.13.2/STM32CubeIDE/plugins/com.st.stm32cube.ide.mcu.externaltools.gnu-tools-for-stm32.11.3.rel1.win32_1.1.1.202309131626/tools/bin/../lib/gcc/arm-none-eabi/11.3.1/../../../../arm-none-eabi/lib/thumb/v6-m/nofp\libnosys.a
END GROUP
LOAD C:/ST/STM32CubeIDE_1.13.2/STM32CubeIDE/plugins/com.st.stm32cube.ide.mcu.externaltools.gnu-tools-for-stm32.11.3.rel1.win32_1.1.1.202309131626/tools/bin/../lib/gcc/arm-none-eabi/11.3.1/thumb/v6-m/nofp/crtend.o
LOAD C:/ST/STM32CubeIDE_1.13.2/STM32CubeIDE/plugins/com.st.stm32cube.ide.mcu.externaltools.gnu-tools-for-stm32.11.3.rel1.win32_1.1.1.202309131626/tools/bin/../lib/gcc/arm-none-eabi/11.3.1/thumb/v6-m/nofp/crtn.o
                0x0000000020002000                _estack = (ORIGIN (RAM) + LENGTH (RAM))
                0x0000000000000200                _Min_Heap_Size = 0x200
                0x0000000000000400                _Min_Stack_Size = 0x400

.isr_vector     0x0000000008000000       0xbc
                0x0000000008000000                . = ALIGN (0x4)
 *(.isr_vector)
 .isr_vector    0x0000000008000000       0xbc ./Core/Startup/startup_stm32g031j6mx.o
                0x0000000008000000                g_pfnVectors
                0x00000000080000bc                . = ALIGN (0x4)

.text           0x00000000080000bc     0x1fec
                0x00000000080000bc                . = ALIGN (0x4)
 *(.text)
 .text          0x00000000080000bc       0x48 C:/ST/STM32CubeIDE_1.13.2/STM32CubeIDE/plugins/com.st.stm32cube.ide.mcu.externaltools.gnu-tools-for-stm32.11.3.rel1.win32_1.1.1.202309131626/tools/bin/../lib/gcc/arm-none-eabi/11.3.1/thumb/v6-m/nofp/crtbegin.o
 .text          0x0000000008000104      0x114 C:/ST/STM32CubeIDE_1.13.2/STM32CubeIDE/plugins/com.st.stm32cube.ide.mcu.externaltools.gnu-tools-for-stm32.11.3.rel1.win32_1.1.1.202309131626/tools/bin/../lib/gcc/arm-none-eabi/11.3.1/thumb/v6-m/nofp\libgcc.a(_udivsi3.o)
                0x0000000008000104                __aeabi_uidiv
                0x0000000008000104                __udivsi3
                0x0000000008000210                __aeabi_uidivmod
 .text          0x0000000008000218        0x4 C:/ST/STM32CubeIDE_1.13.2/STM32CubeIDE/plugins/com.st.stm32cube.ide.mcu.externaltools.gnu-tools-for-stm32.11.3.rel1.win32_1.1.1.202309131626/tools/bin/../lib/gcc/arm-none-eabi/11.3.1/thumb/v6-m/nofp\libgcc.a(_dvmd_tls.o)
                0x0000000008000218                __aeabi_idiv0
                0x0000000008000218                __aeabi_ldiv0
 *(.text*)
 .text.MX_GPIO_Init
                0x000000000800021c       0x2c ./Core/Src/gpio.o
                0x000000000800021c                MX_GPIO_Init
 .text.MX_I2C1_Init
                0x0000000008000248       0x80 ./Core/Src/i2c.o
                0x0000000008000248                MX_I2C1_Init
 .text.HAL_I2C_MspInit
                0x00000000080002c8       0xc4 ./Core/Src/i2c.o
                0x00000000080002c8                HAL_I2C_MspInit
 .text.main     0x000000000800038c       0x64 ./Core/Src/main.o
                0x000000000800038c                main
 .text.SystemClock_Config
                0x00000000080003f0       0x90 ./Core/Src/main.o
                0x00000000080003f0                SystemClock_Config
 .text.Error_Handler
                0x0000000008000480        0xa ./Core/Src/main.o
                0x0000000008000480                Error_Handler
 *fill*         0x000000000800048a        0x2 
 .text.HAL_MspInit
                0x000000000800048c       0x48 ./Core/Src/stm32g0xx_hal_msp.o
                0x000000000800048c                HAL_MspInit
 .text.NMI_Handler
                0x00000000080004d4        0x6 ./Core/Src/stm32g0xx_it.o
                0x00000000080004d4                NMI_Handler
 .text.HardFault_Handler
                0x00000000080004da        0x6 ./Core/Src/stm32g0xx_it.o
                0x00000000080004da                HardFault_Handler
 .text.SVC_Handler
                0x00000000080004e0        0xa ./Core/Src/stm32g0xx_it.o
                0x00000000080004e0                SVC_Handler
 .text.PendSV_Handler
                0x00000000080004ea        0xa ./Core/Src/stm32g0xx_it.o
                0x00000000080004ea                PendSV_Handler
 .text.SysTick_Handler
                0x00000000080004f4        0xe ./Core/Src/stm32g0xx_it.o
                0x00000000080004f4                SysTick_Handler
 .text.SystemInit
                0x0000000008000502        0xa ./Core/Src/system_stm32g0xx.o
                0x0000000008000502                SystemInit
 .text.Reset_Handler
                0x000000000800050c       0x50 ./Core/Startup/startup_stm32g031j6mx.o
                0x000000000800050c                Reset_Handler
 .text.Default_Handler
                0x000000000800055c        0x2 ./Core/Startup/startup_stm32g031j6mx.o
                0x000000000800055c                TIM1_CC_IRQHandler
                0x000000000800055c                PVD_IRQHandler
                0x000000000800055c                I2C1_IRQHandler
                0x000000000800055c                LPTIM2_IRQHandler
                0x000000000800055c                RTC_TAMP_IRQHandler
                0x000000000800055c                SPI1_IRQHandler
                0x000000000800055c                DMA1_Ch4_5_DMAMUX1_OVR_IRQHandler
                0x000000000800055c                EXTI2_3_IRQHandler
                0x000000000800055c                ADC1_IRQHandler
                0x000000000800055c                I2C2_IRQHandler
                0x000000000800055c                TIM17_IRQHandler
                0x000000000800055c                TIM16_IRQHandler
                0x000000000800055c                TIM3_IRQHandler
                0x000000000800055c                EXTI4_15_IRQHandler
                0x000000000800055c                RCC_IRQHandler
                0x000000000800055c                DMA1_Channel1_IRQHandler
                0x000000000800055c                Default_Handler
                0x000000000800055c                TIM14_IRQHandler
                0x000000000800055c                EXTI0_1_IRQHandler
                0x000000000800055c                SPI2_IRQHandler
                0x000000000800055c                WWDG_IRQHandler
                0x000000000800055c                LPUART1_IRQHandler
                0x000000000800055c                TIM2_IRQHandler
                0x000000000800055c                DMA1_Channel2_3_IRQHandler
                0x000000000800055c                USART2_IRQHandler
                0x000000000800055c                FLASH_IRQHandler
                0x000000000800055c                USART1_IRQHandler
                0x000000000800055c                TIM1_BRK_UP_TRG_COM_IRQHandler
                0x000000000800055c                LPTIM1_IRQHandler
 *fill*         0x000000000800055e        0x2 
 .text.HAL_Init
                0x0000000008000560       0x40 ./Drivers/STM32G0xx_HAL_Driver/Src/stm32g0xx_hal.o
                0x0000000008000560                HAL_Init
 .text.HAL_InitTick
                0x00000000080005a0       0x94 ./Drivers/STM32G0xx_HAL_Driver/Src/stm32g0xx_hal.o
                0x00000000080005a0                HAL_InitTick
 .text.HAL_IncTick
                0x0000000008000634       0x24 ./Drivers/STM32G0xx_HAL_Driver/Src/stm32g0xx_hal.o
                0x0000000008000634                HAL_IncTick
 .text.HAL_GetTick
                0x0000000008000658       0x14 ./Drivers/STM32G0xx_HAL_Driver/Src/stm32g0xx_hal.o
                0x0000000008000658                HAL_GetTick
 .text.HAL_Delay
                0x000000000800066c       0x48 ./Drivers/STM32G0xx_HAL_Driver/Src/stm32g0xx_hal.o
                0x000000000800066c                HAL_Delay
 .text.__NVIC_SetPriority
                0x00000000080006b4       0xdc ./Drivers/STM32G0xx_HAL_Driver/Src/stm32g0xx_hal_cortex.o
 .text.SysTick_Config
                0x0000000008000790       0x48 ./Drivers/STM32G0xx_HAL_Driver/Src/stm32g0xx_hal_cortex.o
 .text.HAL_NVIC_SetPriority
                0x00000000080007d8       0x2a ./Drivers/STM32G0xx_HAL_Driver/Src/stm32g0xx_hal_cortex.o
                0x00000000080007d8                HAL_NVIC_SetPriority
 .text.HAL_SYSTICK_Config
                0x0000000008000802       0x1a ./Drivers/STM32G0xx_HAL_Driver/Src/stm32g0xx_hal_cortex.o
                0x0000000008000802                HAL_SYSTICK_Config
 .text.HAL_GPIO_Init
                0x000000000800081c      0x2c8 ./Drivers/STM32G0xx_HAL_Driver/Src/stm32g0xx_hal_gpio.o
                0x000000000800081c                HAL_GPIO_Init
 .text.HAL_I2C_Init
                0x0000000008000ae4      0x12c ./Drivers/STM32G0xx_HAL_Driver/Src/stm32g0xx_hal_i2c.o
                0x0000000008000ae4                HAL_I2C_Init
 .text.HAL_I2C_Master_Transmit
                0x0000000008000c10      0x210 ./Drivers/STM32G0xx_HAL_Driver/Src/stm32g0xx_hal_i2c.o
                0x0000000008000c10                HAL_I2C_Master_Transmit
 .text.I2C_Flush_TXDR
                0x0000000008000e20       0x44 ./Drivers/STM32G0xx_HAL_Driver/Src/stm32g0xx_hal_i2c.o
 .text.I2C_WaitOnFlagUntilTimeout
                0x0000000008000e64       0x7e ./Drivers/STM32G0xx_HAL_Driver/Src/stm32g0xx_hal_i2c.o
 .text.I2C_WaitOnTXISFlagUntilTimeout
                0x0000000008000ee2       0x7e ./Drivers/STM32G0xx_HAL_Driver/Src/stm32g0xx_hal_i2c.o
 .text.I2C_WaitOnSTOPFlagUntilTimeout
                0x0000000008000f60       0x78 ./Drivers/STM32G0xx_HAL_Driver/Src/stm32g0xx_hal_i2c.o
 .text.I2C_IsErrorOccurred
                0x0000000008000fd8      0x200 ./Drivers/STM32G0xx_HAL_Driver/Src/stm32g0xx_hal_i2c.o
 .text.I2C_TransferConfig
                0x00000000080011d8       0x74 ./Drivers/STM32G0xx_HAL_Driver/Src/stm32g0xx_hal_i2c.o
 .text.HAL_I2CEx_ConfigAnalogFilter
                0x000000000800124c       0x98 ./Drivers/STM32G0xx_HAL_Driver/Src/stm32g0xx_hal_i2c_ex.o
                0x000000000800124c                HAL_I2CEx_ConfigAnalogFilter
 .text.HAL_I2CEx_ConfigDigitalFilter
                0x00000000080012e4       0x98 ./Drivers/STM32G0xx_HAL_Driver/Src/stm32g0xx_hal_i2c_ex.o
                0x00000000080012e4                HAL_I2CEx_ConfigDigitalFilter
 .text.HAL_PWREx_ControlVoltageScaling
                0x000000000800137c       0x80 ./Drivers/STM32G0xx_HAL_Driver/Src/stm32g0xx_hal_pwr_ex.o
                0x000000000800137c                HAL_PWREx_ControlVoltageScaling
 .text.HAL_RCC_OscConfig
                0x00000000080013fc      0x634 ./Drivers/STM32G0xx_HAL_Driver/Src/stm32g0xx_hal_rcc.o
                0x00000000080013fc                HAL_RCC_OscConfig
 .text.HAL_RCC_ClockConfig
                0x0000000008001a30      0x210 ./Drivers/STM32G0xx_HAL_Driver/Src/stm32g0xx_hal_rcc.o
                0x0000000008001a30                HAL_RCC_ClockConfig
 .text.HAL_RCC_GetSysClockFreq
                0x0000000008001c40      0x104 ./Drivers/STM32G0xx_HAL_Driver/Src/stm32g0xx_hal_rcc.o
                0x0000000008001c40                HAL_RCC_GetSysClockFreq
 .text.HAL_RCCEx_PeriphCLKConfig
                0x0000000008001d44      0x2f4 ./Drivers/STM32G0xx_HAL_Driver/Src/stm32g0xx_hal_rcc_ex.o
                0x0000000008001d44                HAL_RCCEx_PeriphCLKConfig
 .text.memset   0x0000000008002038       0x10 C:/ST/STM32CubeIDE_1.13.2/STM32CubeIDE/plugins/com.st.stm32cube.ide.mcu.externaltools.gnu-tools-for-stm32.11.3.rel1.win32_1.1.1.202309131626/tools/bin/../lib/gcc/arm-none-eabi/11.3.1/../../../../arm-none-eabi/lib/thumb/v6-m/nofp\libc_nano.a(libc_a-memset.o)
                0x0000000008002038                memset
 .text.__libc_init_array
                0x0000000008002048       0x48 C:/ST/STM32CubeIDE_1.13.2/STM32CubeIDE/plugins/com.st.stm32cube.ide.mcu.externaltools.gnu-tools-for-stm32.11.3.rel1.win32_1.1.1.202309131626/tools/bin/../lib/gcc/arm-none-eabi/11.3.1/../../../../arm-none-eabi/lib/thumb/v6-m/nofp\libc_nano.a(libc_a-init.o)
                0x0000000008002048                __libc_init_array
 *(.glue_7)
 .glue_7        0x0000000008002090        0x0 linker stubs
 *(.glue_7t)
 .glue_7t       0x0000000008002090        0x0 linker stubs
 *(.eh_frame)
 .eh_frame      0x0000000008002090        0x0 C:/ST/STM32CubeIDE_1.13.2/STM32CubeIDE/plugins/com.st.stm32cube.ide.mcu.externaltools.gnu-tools-for-stm32.11.3.rel1.win32_1.1.1.202309131626/tools/bin/../lib/gcc/arm-none-eabi/11.3.1/thumb/v6-m/nofp/crtbegin.o
 *(.init)
 .init          0x0000000008002090        0x4 C:/ST/STM32CubeIDE_1.13.2/STM32CubeIDE/plugins/com.st.stm32cube.ide.mcu.externaltools.gnu-tools-for-stm32.11.3.rel1.win32_1.1.1.202309131626/tools/bin/../lib/gcc/arm-none-eabi/11.3.1/thumb/v6-m/nofp/crti.o
                0x0000000008002090                _init
 .init          0x0000000008002094        0x8 C:/ST/STM32CubeIDE_1.13.2/STM32CubeIDE/plugins/com.st.stm32cube.ide.mcu.externaltools.gnu-tools-for-stm32.11.3.rel1.win32_1.1.1.202309131626/tools/bin/../lib/gcc/arm-none-eabi/11.3.1/thumb/v6-m/nofp/crtn.o
 *(.fini)
 .fini          0x000000000800209c        0x4 C:/ST/STM32CubeIDE_1.13.2/STM32CubeIDE/plugins/com.st.stm32cube.ide.mcu.externaltools.gnu-tools-for-stm32.11.3.rel1.win32_1.1.1.202309131626/tools/bin/../lib/gcc/arm-none-eabi/11.3.1/thumb/v6-m/nofp/crti.o
                0x000000000800209c                _fini
 .fini          0x00000000080020a0        0x8 C:/ST/STM32CubeIDE_1.13.2/STM32CubeIDE/plugins/com.st.stm32cube.ide.mcu.externaltools.gnu-tools-for-stm32.11.3.rel1.win32_1.1.1.202309131626/tools/bin/../lib/gcc/arm-none-eabi/11.3.1/thumb/v6-m/nofp/crtn.o
                0x00000000080020a8                . = ALIGN (0x4)
                0x00000000080020a8                _etext = .

.vfp11_veneer   0x00000000080020a8        0x0
 .vfp11_veneer  0x00000000080020a8        0x0 linker stubs

.v4_bx          0x00000000080020a8        0x0
 .v4_bx         0x00000000080020a8        0x0 linker stubs

.iplt           0x00000000080020a8        0x0
 .iplt          0x00000000080020a8        0x0 C:/ST/STM32CubeIDE_1.13.2/STM32CubeIDE/plugins/com.st.stm32cube.ide.mcu.externaltools.gnu-tools-for-stm32.11.3.rel1.win32_1.1.1.202309131626/tools/bin/../lib/gcc/arm-none-eabi/11.3.1/thumb/v6-m/nofp/crtbegin.o

.rodata         0x00000000080020a8       0x48
                0x00000000080020a8                . = ALIGN (0x4)
 *(.rodata)
 .rodata        0x00000000080020a8        0x6 ./Core/Src/main.o
 *(.rodata*)
 *fill*         0x00000000080020ae        0x2 
 .rodata.AHBPrescTable
                0x00000000080020b0       0x40 ./Core/Src/system_stm32g0xx.o
                0x00000000080020b0                AHBPrescTable
                0x00000000080020f0                . = ALIGN (0x4)

.rel.dyn        0x00000000080020f0        0x0
 .rel.iplt      0x00000000080020f0        0x0 C:/ST/STM32CubeIDE_1.13.2/STM32CubeIDE/plugins/com.st.stm32cube.ide.mcu.externaltools.gnu-tools-for-stm32.11.3.rel1.win32_1.1.1.202309131626/tools/bin/../lib/gcc/arm-none-eabi/11.3.1/thumb/v6-m/nofp/crtbegin.o

.ARM.extab      0x00000000080020f0        0x0
                0x00000000080020f0                . = ALIGN (0x4)
 *(.ARM.extab* .gnu.linkonce.armextab.*)
                0x00000000080020f0                . = ALIGN (0x4)

.ARM            0x00000000080020f0        0x0
                0x00000000080020f0                . = ALIGN (0x4)
                0x00000000080020f0                __exidx_start = .
 *(.ARM.exidx*)
                0x00000000080020f0                __exidx_end = .
                0x00000000080020f0                . = ALIGN (0x4)

.preinit_array  0x00000000080020f0        0x0
                0x00000000080020f0                . = ALIGN (0x4)
                0x00000000080020f0                PROVIDE (__preinit_array_start = .)
 *(.preinit_array*)
                0x00000000080020f0                PROVIDE (__preinit_array_end = .)
                0x00000000080020f0                . = ALIGN (0x4)

.init_array     0x00000000080020f0        0x4
                0x00000000080020f0                . = ALIGN (0x4)
                0x00000000080020f0                PROVIDE (__init_array_start = .)
 *(SORT_BY_NAME(.init_array.*))
 *(.init_array*)
 .init_array    0x00000000080020f0        0x4 C:/ST/STM32CubeIDE_1.13.2/STM32CubeIDE/plugins/com.st.stm32cube.ide.mcu.externaltools.gnu-tools-for-stm32.11.3.rel1.win32_1.1.1.202309131626/tools/bin/../lib/gcc/arm-none-eabi/11.3.1/thumb/v6-m/nofp/crtbegin.o
                0x00000000080020f4                PROVIDE (__init_array_end = .)
                0x00000000080020f4                . = ALIGN (0x4)

.fini_array     0x00000000080020f4        0x4
                0x00000000080020f4                . = ALIGN (0x4)
                [!provide]                        PROVIDE (__fini_array_start = .)
 *(SORT_BY_NAME(.fini_array.*))
 *(.fini_array*)
 .fini_array    0x00000000080020f4        0x4 C:/ST/STM32CubeIDE_1.13.2/STM32CubeIDE/plugins/com.st.stm32cube.ide.mcu.externaltools.gnu-tools-for-stm32.11.3.rel1.win32_1.1.1.202309131626/tools/bin/../lib/gcc/arm-none-eabi/11.3.1/thumb/v6-m/nofp/crtbegin.o
                [!provide]                        PROVIDE (__fini_array_end = .)
                0x00000000080020f8                . = ALIGN (0x4)
                0x00000000080020f8                _sidata = LOADADDR (.data)

.data           0x0000000020000000        0xc load address 0x00000000080020f8
                0x0000000020000000                . = ALIGN (0x4)
                0x0000000020000000                _sdata = .
 *(.data)
 *(.data*)
 .data.SystemCoreClock
                0x0000000020000000        0x4 ./Core/Src/system_stm32g0xx.o
                0x0000000020000000                SystemCoreClock
 .data.uwTickPrio
                0x0000000020000004        0x4 ./Drivers/STM32G0xx_HAL_Driver/Src/stm32g0xx_hal.o
                0x0000000020000004                uwTickPrio
 .data.uwTickFreq
                0x0000000020000008        0x1 ./Drivers/STM32G0xx_HAL_Driver/Src/stm32g0xx_hal.o
                0x0000000020000008                uwTickFreq
 *(.RamFunc)
 *(.RamFunc*)
                0x000000002000000c                . = ALIGN (0x4)
 *fill*         0x0000000020000009        0x3 
                0x000000002000000c                _edata = .

.igot.plt       0x000000002000000c        0x0 load address 0x0000000008002104
 .igot.plt      0x000000002000000c        0x0 C:/ST/STM32CubeIDE_1.13.2/STM32CubeIDE/plugins/com.st.stm32cube.ide.mcu.externaltools.gnu-tools-for-stm32.11.3.rel1.win32_1.1.1.202309131626/tools/bin/../lib/gcc/arm-none-eabi/11.3.1/thumb/v6-m/nofp/crtbegin.o
                0x000000002000000c                . = ALIGN (0x4)

.bss            0x000000002000000c       0x74 load address 0x0000000008002104
                0x000000002000000c                _sbss = .
                0x000000002000000c                __bss_start__ = _sbss
 *(.bss)
 .bss           0x000000002000000c       0x1c C:/ST/STM32CubeIDE_1.13.2/STM32CubeIDE/plugins/com.st.stm32cube.ide.mcu.externaltools.gnu-tools-for-stm32.11.3.rel1.win32_1.1.1.202309131626/tools/bin/../lib/gcc/arm-none-eabi/11.3.1/thumb/v6-m/nofp/crtbegin.o
 *(.bss*)
 .bss.hi2c1     0x0000000020000028       0x54 ./Core/Src/i2c.o
                0x0000000020000028                hi2c1
 .bss.uwTick    0x000000002000007c        0x4 ./Drivers/STM32G0xx_HAL_Driver/Src/stm32g0xx_hal.o
                0x000000002000007c                uwTick
 *(COMMON)
                0x0000000020000080                . = ALIGN (0x4)
                0x0000000020000080                _ebss = .
                0x0000000020000080                __bss_end__ = _ebss

._user_heap_stack
                0x0000000020000080      0x600 load address 0x0000000008002104
                0x0000000020000080                . = ALIGN (0x8)
                [!provide]                        PROVIDE (end = .)
                0x0000000020000080                PROVIDE (_end = .)
                0x0000000020000280                . = (. + _Min_Heap_Size)
 *fill*         0x0000000020000080      0x200 
                0x0000000020000680                . = (. + _Min_Stack_Size)
 *fill*         0x0000000020000280      0x400 
                0x0000000020000680                . = ALIGN (0x8)

/DISCARD/
 libc.a(*)
 libm.a(*)
 libgcc.a(*)

.ARM.attributes
                0x0000000000000000       0x28
 *(.ARM.attributes)
 .ARM.attributes
                0x0000000000000000       0x1e C:/ST/STM32CubeIDE_1.13.2/STM32CubeIDE/plugins/com.st.stm32cube.ide.mcu.externaltools.gnu-tools-for-stm32.11.3.rel1.win32_1.1.1.202309131626/tools/bin/../lib/gcc/arm-none-eabi/11.3.1/thumb/v6-m/nofp/crti.o
 .ARM.attributes
                0x000000000000001e       0x2c C:/ST/STM32CubeIDE_1.13.2/STM32CubeIDE/plugins/com.st.stm32cube.ide.mcu.externaltools.gnu-tools-for-stm32.11.3.rel1.win32_1.1.1.202309131626/tools/bin/../lib/gcc/arm-none-eabi/11.3.1/thumb/v6-m/nofp/crtbegin.o
 .ARM.attributes
                0x000000000000004a       0x2c ./Core/Src/gpio.o
 .ARM.attributes
                0x0000000000000076       0x2c ./Core/Src/i2c.o
 .ARM.attributes
                0x00000000000000a2       0x2c ./Core/Src/main.o
 .ARM.attributes
                0x00000000000000ce       0x2c ./Core/Src/stm32g0xx_hal_msp.o
 .ARM.attributes
                0x00000000000000fa       0x2c ./Core/Src/stm32g0xx_it.o
 .ARM.attributes
                0x0000000000000126       0x2c ./Core/Src/system_stm32g0xx.o
 .ARM.attributes
                0x0000000000000152       0x22 ./Core/Startup/startup_stm32g031j6mx.o
 .ARM.attributes
                0x0000000000000174       0x2c ./Drivers/STM32G0xx_HAL_Driver/Src/stm32g0xx_hal.o
 .ARM.attributes
                0x00000000000001a0       0x2c ./Drivers/STM32G0xx_HAL_Driver/Src/stm32g0xx_hal_cortex.o
 .ARM.attributes
                0x00000000000001cc       0x2c ./Drivers/STM32G0xx_HAL_Driver/Src/stm32g0xx_hal_gpio.o
 .ARM.attributes
                0x00000000000001f8       0x2c ./Drivers/STM32G0xx_HAL_Driver/Src/stm32g0xx_hal_i2c.o
 .ARM.attributes
                0x0000000000000224       0x2c ./Drivers/STM32G0xx_HAL_Driver/Src/stm32g0xx_hal_i2c_ex.o
 .ARM.attributes
                0x0000000000000250       0x2c ./Drivers/STM32G0xx_HAL_Driver/Src/stm32g0xx_hal_pwr_ex.o
 .ARM.attributes
                0x000000000000027c       0x2c ./Drivers/STM32G0xx_HAL_Driver/Src/stm32g0xx_hal_rcc.o
 .ARM.attributes
                0x00000000000002a8       0x2c ./Drivers/STM32G0xx_HAL_Driver/Src/stm32g0xx_hal_rcc_ex.o
 .ARM.attributes
                0x00000000000002d4       0x2c C:/ST/STM32CubeIDE_1.13.2/STM32CubeIDE/plugins/com.st.stm32cube.ide.mcu.externaltools.gnu-tools-for-stm32.11.3.rel1.win32_1.1.1.202309131626/tools/bin/../lib/gcc/arm-none-eabi/11.3.1/../../../../arm-none-eabi/lib/thumb/v6-m/nofp\libc_nano.a(libc_a-memset.o)
 .ARM.attributes
                0x0000000000000300       0x2c C:/ST/STM32CubeIDE_1.13.2/STM32CubeIDE/plugins/com.st.stm32cube.ide.mcu.externaltools.gnu-tools-for-stm32.11.3.rel1.win32_1.1.1.202309131626/tools/bin/../lib/gcc/arm-none-eabi/11.3.1/../../../../arm-none-eabi/lib/thumb/v6-m/nofp\libc_nano.a(libc_a-init.o)
 .ARM.attributes
                0x000000000000032c       0x1e C:/ST/STM32CubeIDE_1.13.2/STM32CubeIDE/plugins/com.st.stm32cube.ide.mcu.externaltools.gnu-tools-for-stm32.11.3.rel1.win32_1.1.1.202309131626/tools/bin/../lib/gcc/arm-none-eabi/11.3.1/thumb/v6-m/nofp\libgcc.a(_udivsi3.o)
 .ARM.attributes
                0x000000000000034a       0x1e C:/ST/STM32CubeIDE_1.13.2/STM32CubeIDE/plugins/com.st.stm32cube.ide.mcu.externaltools.gnu-tools-for-stm32.11.3.rel1.win32_1.1.1.202309131626/tools/bin/../lib/gcc/arm-none-eabi/11.3.1/thumb/v6-m/nofp\libgcc.a(_dvmd_tls.o)
 .ARM.attributes
                0x0000000000000368       0x1e C:/ST/STM32CubeIDE_1.13.2/STM32CubeIDE/plugins/com.st.stm32cube.ide.mcu.externaltools.gnu-tools-for-stm32.11.3.rel1.win32_1.1.1.202309131626/tools/bin/../lib/gcc/arm-none-eabi/11.3.1/thumb/v6-m/nofp/crtn.o
OUTPUT(13_I2C Polling Mode_Master[STM32G0].elf elf32-littlearm)
LOAD linker stubs
LOAD C:/ST/STM32CubeIDE_1.13.2/STM32CubeIDE/plugins/com.st.stm32cube.ide.mcu.externaltools.gnu-tools-for-stm32.11.3.rel1.win32_1.1.1.202309131626/tools/bin/../lib/gcc/arm-none-eabi/11.3.1/../../../../arm-none-eabi/lib/thumb/v6-m/nofp\libc.a
LOAD C:/ST/STM32CubeIDE_1.13.2/STM32CubeIDE/plugins/com.st.stm32cube.ide.mcu.externaltools.gnu-tools-for-stm32.11.3.rel1.win32_1.1.1.202309131626/tools/bin/../lib/gcc/arm-none-eabi/11.3.1/../../../../arm-none-eabi/lib/thumb/v6-m/nofp\libm.a
LOAD C:/ST/STM32CubeIDE_1.13.2/STM32CubeIDE/plugins/com.st.stm32cube.ide.mcu.externaltools.gnu-tools-for-stm32.11.3.rel1.win32_1.1.1.202309131626/tools/bin/../lib/gcc/arm-none-eabi/11.3.1/thumb/v6-m/nofp\libgcc.a

.comment        0x0000000000000000       0x43
 .comment       0x0000000000000000       0x43 C:/ST/STM32CubeIDE_1.13.2/STM32CubeIDE/plugins/com.st.stm32cube.ide.mcu.externaltools.gnu-tools-for-stm32.11.3.rel1.win32_1.1.1.202309131626/tools/bin/../lib/gcc/arm-none-eabi/11.3.1/thumb/v6-m/nofp/crtbegin.o
                                         0x44 (size before relaxing)
 .comment       0x0000000000000043       0x44 ./Core/Src/gpio.o
 .comment       0x0000000000000043       0x44 ./Core/Src/i2c.o
 .comment       0x0000000000000043       0x44 ./Core/Src/main.o
 .comment       0x0000000000000043       0x44 ./Core/Src/stm32g0xx_hal_msp.o
 .comment       0x0000000000000043       0x44 ./Core/Src/stm32g0xx_it.o
 .comment       0x0000000000000043       0x44 ./Core/Src/system_stm32g0xx.o
 .comment       0x0000000000000043       0x44 ./Drivers/STM32G0xx_HAL_Driver/Src/stm32g0xx_hal.o
 .comment       0x0000000000000043       0x44 ./Drivers/STM32G0xx_HAL_Driver/Src/stm32g0xx_hal_cortex.o
 .comment       0x0000000000000043       0x44 ./Drivers/STM32G0xx_HAL_Driver/Src/stm32g0xx_hal_gpio.o
 .comment       0x0000000000000043       0x44 ./Drivers/STM32G0xx_HAL_Driver/Src/stm32g0xx_hal_i2c.o
 .comment       0x0000000000000043       0x44 ./Drivers/STM32G0xx_HAL_Driver/Src/stm32g0xx_hal_i2c_ex.o
 .comment       0x0000000000000043       0x44 ./Drivers/STM32G0xx_HAL_Driver/Src/stm32g0xx_hal_pwr_ex.o
 .comment       0x0000000000000043       0x44 ./Drivers/STM32G0xx_HAL_Driver/Src/stm32g0xx_hal_rcc.o
 .comment       0x0000000000000043       0x44 ./Drivers/STM32G0xx_HAL_Driver/Src/stm32g0xx_hal_rcc_ex.o

.debug_info     0x0000000000000000     0x7b27
 .debug_info    0x0000000000000000      0x248 ./Core/Src/gpio.o
 .debug_info    0x0000000000000248      0xb1b ./Core/Src/i2c.o
 .debug_info    0x0000000000000d63      0x9a7 ./Core/Src/main.o
 .debug_info    0x000000000000170a      0x265 ./Core/Src/stm32g0xx_hal_msp.o
 .debug_info    0x000000000000196f      0x117 ./Core/Src/stm32g0xx_it.o
 .debug_info    0x0000000000001a86      0x316 ./Core/Src/system_stm32g0xx.o
 .debug_info    0x0000000000001d9c       0x23 ./Core/Startup/startup_stm32g031j6mx.o
 .debug_info    0x0000000000001dbf      0xa2f ./Drivers/STM32G0xx_HAL_Driver/Src/stm32g0xx_hal.o
 .debug_info    0x00000000000027ee      0x87b ./Drivers/STM32G0xx_HAL_Driver/Src/stm32g0xx_hal_cortex.o
 .debug_info    0x0000000000003069      0x59d ./Drivers/STM32G0xx_HAL_Driver/Src/stm32g0xx_hal_gpio.o
 .debug_info    0x0000000000003606     0x2146 ./Drivers/STM32G0xx_HAL_Driver/Src/stm32g0xx_hal_i2c.o
 .debug_info    0x000000000000574c      0x9e5 ./Drivers/STM32G0xx_HAL_Driver/Src/stm32g0xx_hal_i2c_ex.o
 .debug_info    0x0000000000006131      0x77d ./Drivers/STM32G0xx_HAL_Driver/Src/stm32g0xx_hal_pwr_ex.o
 .debug_info    0x00000000000068ae      0xb1e ./Drivers/STM32G0xx_HAL_Driver/Src/stm32g0xx_hal_rcc.o
 .debug_info    0x00000000000073cc      0x75b ./Drivers/STM32G0xx_HAL_Driver/Src/stm32g0xx_hal_rcc_ex.o

.debug_abbrev   0x0000000000000000     0x1a66
 .debug_abbrev  0x0000000000000000       0xd2 ./Core/Src/gpio.o
 .debug_abbrev  0x00000000000000d2      0x21c ./Core/Src/i2c.o
 .debug_abbrev  0x00000000000002ee      0x21c ./Core/Src/main.o
 .debug_abbrev  0x000000000000050a       0xdd ./Core/Src/stm32g0xx_hal_msp.o
 .debug_abbrev  0x00000000000005e7       0xac ./Core/Src/stm32g0xx_it.o
 .debug_abbrev  0x0000000000000693      0x119 ./Core/Src/system_stm32g0xx.o
 .debug_abbrev  0x00000000000007ac       0x12 ./Core/Startup/startup_stm32g031j6mx.o
 .debug_abbrev  0x00000000000007be      0x2b6 ./Drivers/STM32G0xx_HAL_Driver/Src/stm32g0xx_hal.o
 .debug_abbrev  0x0000000000000a74      0x2ab ./Drivers/STM32G0xx_HAL_Driver/Src/stm32g0xx_hal_cortex.o
 .debug_abbrev  0x0000000000000d1f      0x1c3 ./Drivers/STM32G0xx_HAL_Driver/Src/stm32g0xx_hal_gpio.o
 .debug_abbrev  0x0000000000000ee2      0x291 ./Drivers/STM32G0xx_HAL_Driver/Src/stm32g0xx_hal_i2c.o
 .debug_abbrev  0x0000000000001173      0x1ea ./Drivers/STM32G0xx_HAL_Driver/Src/stm32g0xx_hal_i2c_ex.o
 .debug_abbrev  0x000000000000135d      0x237 ./Drivers/STM32G0xx_HAL_Driver/Src/stm32g0xx_hal_pwr_ex.o
 .debug_abbrev  0x0000000000001594      0x2a9 ./Drivers/STM32G0xx_HAL_Driver/Src/stm32g0xx_hal_rcc.o
 .debug_abbrev  0x000000000000183d      0x229 ./Drivers/STM32G0xx_HAL_Driver/Src/stm32g0xx_hal_rcc_ex.o

.debug_aranges  0x0000000000000000      0x848
 .debug_aranges
                0x0000000000000000       0x20 ./Core/Src/gpio.o
 .debug_aranges
                0x0000000000000020       0x30 ./Core/Src/i2c.o
 .debug_aranges
                0x0000000000000050       0x30 ./Core/Src/main.o
 .debug_aranges
                0x0000000000000080       0x20 ./Core/Src/stm32g0xx_hal_msp.o
 .debug_aranges
                0x00000000000000a0       0x40 ./Core/Src/stm32g0xx_it.o
 .debug_aranges
                0x00000000000000e0       0x28 ./Core/Src/system_stm32g0xx.o
 .debug_aranges
                0x0000000000000108       0x28 ./Core/Startup/startup_stm32g031j6mx.o
 .debug_aranges
                0x0000000000000130      0x128 ./Drivers/STM32G0xx_HAL_Driver/Src/stm32g0xx_hal.o
 .debug_aranges
                0x0000000000000258       0xd8 ./Drivers/STM32G0xx_HAL_Driver/Src/stm32g0xx_hal_cortex.o
 .debug_aranges
                0x0000000000000330       0x60 ./Drivers/STM32G0xx_HAL_Driver/Src/stm32g0xx_hal_gpio.o
 .debug_aranges
                0x0000000000000390      0x2a0 ./Drivers/STM32G0xx_HAL_Driver/Src/stm32g0xx_hal_i2c.o
 .debug_aranges
                0x0000000000000630       0x48 ./Drivers/STM32G0xx_HAL_Driver/Src/stm32g0xx_hal_i2c_ex.o
 .debug_aranges
                0x0000000000000678       0xf0 ./Drivers/STM32G0xx_HAL_Driver/Src/stm32g0xx_hal_pwr_ex.o
 .debug_aranges
                0x0000000000000768       0xa0 ./Drivers/STM32G0xx_HAL_Driver/Src/stm32g0xx_hal_rcc.o
 .debug_aranges
                0x0000000000000808       0x40 ./Drivers/STM32G0xx_HAL_Driver/Src/stm32g0xx_hal_rcc_ex.o

.debug_rnglists
                0x0000000000000000      0x63c
 .debug_rnglists
                0x0000000000000000       0x13 ./Core/Src/gpio.o
 .debug_rnglists
                0x0000000000000013       0x21 ./Core/Src/i2c.o
 .debug_rnglists
                0x0000000000000034       0x20 ./Core/Src/main.o
 .debug_rnglists
                0x0000000000000054       0x13 ./Core/Src/stm32g0xx_hal_msp.o
 .debug_rnglists
                0x0000000000000067       0x2b ./Core/Src/stm32g0xx_it.o
 .debug_rnglists
                0x0000000000000092       0x1a ./Core/Src/system_stm32g0xx.o
 .debug_rnglists
                0x00000000000000ac       0x19 ./Core/Startup/startup_stm32g031j6mx.o
 .debug_rnglists
                0x00000000000000c5       0xda ./Drivers/STM32G0xx_HAL_Driver/Src/stm32g0xx_hal.o
 .debug_rnglists
                0x000000000000019f       0x9f ./Drivers/STM32G0xx_HAL_Driver/Src/stm32g0xx_hal_cortex.o
 .debug_rnglists
                0x000000000000023e       0x45 ./Drivers/STM32G0xx_HAL_Driver/Src/stm32g0xx_hal_gpio.o
 .debug_rnglists
                0x0000000000000283      0x226 ./Drivers/STM32G0xx_HAL_Driver/Src/stm32g0xx_hal_i2c.o
 .debug_rnglists
                0x00000000000004a9       0x35 ./Drivers/STM32G0xx_HAL_Driver/Src/stm32g0xx_hal_i2c_ex.o
 .debug_rnglists
                0x00000000000004de       0xb5 ./Drivers/STM32G0xx_HAL_Driver/Src/stm32g0xx_hal_pwr_ex.o
 .debug_rnglists
                0x0000000000000593       0x79 ./Drivers/STM32G0xx_HAL_Driver/Src/stm32g0xx_hal_rcc.o
 .debug_rnglists
                0x000000000000060c       0x30 ./Drivers/STM32G0xx_HAL_Driver/Src/stm32g0xx_hal_rcc_ex.o

.debug_macro    0x0000000000000000    0x14ce4
 .debug_macro   0x0000000000000000      0x1e4 ./Core/Src/gpio.o
 .debug_macro   0x00000000000001e4      0xa7e ./Core/Src/gpio.o
 .debug_macro   0x0000000000000c62      0x117 ./Core/Src/gpio.o
 .debug_macro   0x0000000000000d79       0x2e ./Core/Src/gpio.o
 .debug_macro   0x0000000000000da7       0x28 ./Core/Src/gpio.o
 .debug_macro   0x0000000000000dcf       0x22 ./Core/Src/gpio.o
 .debug_macro   0x0000000000000df1       0x8e ./Core/Src/gpio.o
 .debug_macro   0x0000000000000e7f       0x51 ./Core/Src/gpio.o
 .debug_macro   0x0000000000000ed0      0x103 ./Core/Src/gpio.o
 .debug_macro   0x0000000000000fd3       0x6a ./Core/Src/gpio.o
 .debug_macro   0x000000000000103d      0x1df ./Core/Src/gpio.o
 .debug_macro   0x000000000000121c       0x1c ./Core/Src/gpio.o
 .debug_macro   0x0000000000001238       0x22 ./Core/Src/gpio.o
 .debug_macro   0x000000000000125a       0xd1 ./Core/Src/gpio.o
 .debug_macro   0x000000000000132b      0x4da ./Core/Src/gpio.o
 .debug_macro   0x0000000000001805      0x11f ./Core/Src/gpio.o
 .debug_macro   0x0000000000001924     0xac09 ./Core/Src/gpio.o
 .debug_macro   0x000000000000c52d       0x66 ./Core/Src/gpio.o
 .debug_macro   0x000000000000c593     0x34fd ./Core/Src/gpio.o
 .debug_macro   0x000000000000fa90      0x174 ./Core/Src/gpio.o
 .debug_macro   0x000000000000fc04       0x5c ./Core/Src/gpio.o
 .debug_macro   0x000000000000fc60      0x53b ./Core/Src/gpio.o
 .debug_macro   0x000000000001019b      0xf23 ./Core/Src/gpio.o
 .debug_macro   0x00000000000110be      0x1d8 ./Core/Src/gpio.o
 .debug_macro   0x0000000000011296      0x1cf ./Core/Src/gpio.o
 .debug_macro   0x0000000000011465      0x122 ./Core/Src/gpio.o
 .debug_macro   0x0000000000011587      0x390 ./Core/Src/gpio.o
 .debug_macro   0x0000000000011917      0x202 ./Core/Src/gpio.o
 .debug_macro   0x0000000000011b19      0x2ff ./Core/Src/gpio.o
 .debug_macro   0x0000000000011e18      0x1b2 ./Core/Src/gpio.o
 .debug_macro   0x0000000000011fca       0x43 ./Core/Src/gpio.o
 .debug_macro   0x000000000001200d      0x1f1 ./Core/Src/gpio.o
 .debug_macro   0x00000000000121fe      0x1d6 ./Core/Src/gpio.o
 .debug_macro   0x00000000000123d4      0x38a ./Core/Src/gpio.o
 .debug_macro   0x000000000001275e       0x28 ./Core/Src/gpio.o
 .debug_macro   0x0000000000012786       0xe4 ./Core/Src/gpio.o
 .debug_macro   0x000000000001286a      0x22c ./Core/Src/gpio.o
 .debug_macro   0x0000000000012a96       0x67 ./Core/Src/gpio.o
 .debug_macro   0x0000000000012afd       0xa5 ./Core/Src/gpio.o
 .debug_macro   0x0000000000012ba2      0x10c ./Core/Src/gpio.o
 .debug_macro   0x0000000000012cae      0x240 ./Core/Src/gpio.o
 .debug_macro   0x0000000000012eee      0x49d ./Core/Src/gpio.o
 .debug_macro   0x000000000001338b      0x1e4 ./Core/Src/i2c.o
 .debug_macro   0x000000000001356f      0x1f2 ./Core/Src/main.o
 .debug_macro   0x0000000000013761      0x1da ./Core/Src/stm32g0xx_hal_msp.o
 .debug_macro   0x000000000001393b      0x1e4 ./Core/Src/stm32g0xx_it.o
 .debug_macro   0x0000000000013b1f      0x1d0 ./Core/Src/system_stm32g0xx.o
 .debug_macro   0x0000000000013cef      0x1f4 ./Drivers/STM32G0xx_HAL_Driver/Src/stm32g0xx_hal.o
 .debug_macro   0x0000000000013ee3      0x1d0 ./Drivers/STM32G0xx_HAL_Driver/Src/stm32g0xx_hal_cortex.o
 .debug_macro   0x00000000000140b3      0x1d7 ./Drivers/STM32G0xx_HAL_Driver/Src/stm32g0xx_hal_gpio.o
 .debug_macro   0x000000000001428a      0x29c ./Drivers/STM32G0xx_HAL_Driver/Src/stm32g0xx_hal_i2c.o
 .debug_macro   0x0000000000014526      0x1d0 ./Drivers/STM32G0xx_HAL_Driver/Src/stm32g0xx_hal_i2c_ex.o
 .debug_macro   0x00000000000146f6      0x1fa ./Drivers/STM32G0xx_HAL_Driver/Src/stm32g0xx_hal_pwr_ex.o
 .debug_macro   0x00000000000148f0      0x20c ./Drivers/STM32G0xx_HAL_Driver/Src/stm32g0xx_hal_rcc.o
 .debug_macro   0x0000000000014afc      0x1e8 ./Drivers/STM32G0xx_HAL_Driver/Src/stm32g0xx_hal_rcc_ex.o

.debug_line     0x0000000000000000     0xb753
 .debug_line    0x0000000000000000      0x752 ./Core/Src/gpio.o
 .debug_line    0x0000000000000752      0x7e7 ./Core/Src/i2c.o
 .debug_line    0x0000000000000f39      0x7e6 ./Core/Src/main.o
 .debug_line    0x000000000000171f      0x756 ./Core/Src/stm32g0xx_hal_msp.o
 .debug_line    0x0000000000001e75      0x7bb ./Core/Src/stm32g0xx_it.o
 .debug_line    0x0000000000002630      0x7c9 ./Core/Src/system_stm32g0xx.o
 .debug_line    0x0000000000002df9       0x7b ./Core/Startup/startup_stm32g031j6mx.o
 .debug_line    0x0000000000002e74      0xb17 ./Drivers/STM32G0xx_HAL_Driver/Src/stm32g0xx_hal.o
 .debug_line    0x000000000000398b      0xb80 ./Drivers/STM32G0xx_HAL_Driver/Src/stm32g0xx_hal_cortex.o
 .debug_line    0x000000000000450b      0xb6c ./Drivers/STM32G0xx_HAL_Driver/Src/stm32g0xx_hal_gpio.o
 .debug_line    0x0000000000005077     0x371c ./Drivers/STM32G0xx_HAL_Driver/Src/stm32g0xx_hal_i2c.o
 .debug_line    0x0000000000008793      0x974 ./Drivers/STM32G0xx_HAL_Driver/Src/stm32g0xx_hal_i2c_ex.o
 .debug_line    0x0000000000009107      0xadc ./Drivers/STM32G0xx_HAL_Driver/Src/stm32g0xx_hal_pwr_ex.o
 .debug_line    0x0000000000009be3      0xf27 ./Drivers/STM32G0xx_HAL_Driver/Src/stm32g0xx_hal_rcc.o
 .debug_line    0x000000000000ab0a      0xc49 ./Drivers/STM32G0xx_HAL_Driver/Src/stm32g0xx_hal_rcc_ex.o

.debug_str      0x0000000000000000    0x81b91
 .debug_str     0x0000000000000000    0x7ef19 ./Core/Src/gpio.o
                                      0x7f41d (size before relaxing)
 .debug_str     0x000000000007ef19      0x722 ./Core/Src/i2c.o
                                      0x7fbe8 (size before relaxing)
 .debug_str     0x000000000007f63b      0x1c1 ./Core/Src/main.o
                                      0x7faef (size before relaxing)
 .debug_str     0x000000000007f7fc       0x2c ./Core/Src/stm32g0xx_hal_msp.o
                                      0x7f41d (size before relaxing)
 .debug_str     0x000000000007f828       0x82 ./Core/Src/stm32g0xx_it.o
                                      0x7f39b (size before relaxing)
 .debug_str     0x000000000007f8aa       0x8e ./Core/Src/system_stm32g0xx.o
                                      0x7f46e (size before relaxing)
 .debug_str     0x000000000007f938       0x34 ./Core/Startup/startup_stm32g031j6mx.o
                                         0x91 (size before relaxing)
 .debug_str     0x000000000007f96c      0x72f ./Drivers/STM32G0xx_HAL_Driver/Src/stm32g0xx_hal.o
                                      0x7fc44 (size before relaxing)
 .debug_str     0x000000000008009b      0x29a ./Drivers/STM32G0xx_HAL_Driver/Src/stm32g0xx_hal_cortex.o
                                      0x7f8c0 (size before relaxing)
 .debug_str     0x0000000000080335      0x17e ./Drivers/STM32G0xx_HAL_Driver/Src/stm32g0xx_hal_gpio.o
                                      0x7f5a3 (size before relaxing)
 .debug_str     0x00000000000804b3      0xdd1 ./Drivers/STM32G0xx_HAL_Driver/Src/stm32g0xx_hal_i2c.o
                                      0x8083d (size before relaxing)
 .debug_str     0x0000000000081284       0xb8 ./Drivers/STM32G0xx_HAL_Driver/Src/stm32g0xx_hal_i2c_ex.o
                                      0x7fad7 (size before relaxing)
 .debug_str     0x000000000008133c      0x38b ./Drivers/STM32G0xx_HAL_Driver/Src/stm32g0xx_hal_pwr_ex.o
                                      0x7f8e7 (size before relaxing)
 .debug_str     0x00000000000816c7      0x345 ./Drivers/STM32G0xx_HAL_Driver/Src/stm32g0xx_hal_rcc.o
                                      0x7fa91 (size before relaxing)
 .debug_str     0x0000000000081a0c      0x185 ./Drivers/STM32G0xx_HAL_Driver/Src/stm32g0xx_hal_rcc_ex.o
                                      0x7f7fd (size before relaxing)

.debug_frame    0x0000000000000000     0x1bd8
 .debug_frame   0x0000000000000000       0x30 ./Core/Src/gpio.o
 .debug_frame   0x0000000000000030       0x6c ./Core/Src/i2c.o
 .debug_frame   0x000000000000009c       0x6c ./Core/Src/main.o
 .debug_frame   0x0000000000000108       0x30 ./Core/Src/stm32g0xx_hal_msp.o
 .debug_frame   0x0000000000000138       0x9c ./Core/Src/stm32g0xx_it.o
 .debug_frame   0x00000000000001d4       0x4c ./Core/Src/system_stm32g0xx.o
 .debug_frame   0x0000000000000220      0x3fc ./Drivers/STM32G0xx_HAL_Driver/Src/stm32g0xx_hal.o
 .debug_frame   0x000000000000061c      0x2fc ./Drivers/STM32G0xx_HAL_Driver/Src/stm32g0xx_hal_cortex.o
 .debug_frame   0x0000000000000918      0x130 ./Drivers/STM32G0xx_HAL_Driver/Src/stm32g0xx_hal_gpio.o
 .debug_frame   0x0000000000000a48      0xa64 ./Drivers/STM32G0xx_HAL_Driver/Src/stm32g0xx_hal_i2c.o
 .debug_frame   0x00000000000014ac       0xd0 ./Drivers/STM32G0xx_HAL_Driver/Src/stm32g0xx_hal_i2c_ex.o
 .debug_frame   0x000000000000157c      0x32c ./Drivers/STM32G0xx_HAL_Driver/Src/stm32g0xx_hal_pwr_ex.o
 .debug_frame   0x00000000000018a8      0x214 ./Drivers/STM32G0xx_HAL_Driver/Src/stm32g0xx_hal_rcc.o
 .debug_frame   0x0000000000001abc       0xb0 ./Drivers/STM32G0xx_HAL_Driver/Src/stm32g0xx_hal_rcc_ex.o
 .debug_frame   0x0000000000001b6c       0x20 C:/ST/STM32CubeIDE_1.13.2/STM32CubeIDE/plugins/com.st.stm32cube.ide.mcu.externaltools.gnu-tools-for-stm32.11.3.rel1.win32_1.1.1.202309131626/tools/bin/../lib/gcc/arm-none-eabi/11.3.1/../../../../arm-none-eabi/lib/thumb/v6-m/nofp\libc_nano.a(libc_a-memset.o)
 .debug_frame   0x0000000000001b8c       0x2c C:/ST/STM32CubeIDE_1.13.2/STM32CubeIDE/plugins/com.st.stm32cube.ide.mcu.externaltools.gnu-tools-for-stm32.11.3.rel1.win32_1.1.1.202309131626/tools/bin/../lib/gcc/arm-none-eabi/11.3.1/../../../../arm-none-eabi/lib/thumb/v6-m/nofp\libc_nano.a(libc_a-init.o)
 .debug_frame   0x0000000000001bb8       0x20 C:/ST/STM32CubeIDE_1.13.2/STM32CubeIDE/plugins/com.st.stm32cube.ide.mcu.externaltools.gnu-tools-for-stm32.11.3.rel1.win32_1.1.1.202309131626/tools/bin/../lib/gcc/arm-none-eabi/11.3.1/thumb/v6-m/nofp\libgcc.a(_udivsi3.o)

.debug_line_str
                0x0000000000000000       0x85
 .debug_line_str
                0x0000000000000000       0x85 ./Core/Startup/startup_stm32g031j6mx.o
                                         0x9d (size before relaxing)
