../Core/Src/inv_mpu.c:46:19:reg_int_cb	16	static
../Core/Src/inv_mpu.c:560:5:min	16	static
../Core/Src/inv_mpu.c:572:5:set_int_enable	24	static
../Core/Src/inv_mpu.c:604:5:mpu_reg_dump	16	static
../Core/Src/inv_mpu.c:625:5:mpu_read_reg	16	static
../Core/Src/inv_mpu.c:647:5:mpu_init	24	static
../Core/Src/inv_mpu.c:741:5:mpu_lp_accel_mode	24	static
../Core/Src/inv_mpu.c:825:5:mpu_get_gyro_reg	24	static
../Core/Src/inv_mpu.c:848:5:mpu_get_accel_reg	24	static
../Core/Src/inv_mpu.c:871:5:mpu_get_temperature	24	static
../Core/Src/inv_mpu.c:897:5:mpu_read_6500_accel_bias	24	static
../Core/Src/inv_mpu.c:919:5:mpu_read_6050_accel_bias	24	static
../Core/Src/inv_mpu.c:933:5:mpu_read_6500_gyro_bias	24	static
../Core/Src/inv_mpu.c:955:5:mpu_set_gyro_bias_reg	32	static
../Core/Src/inv_mpu.c:985:5:mpu_set_accel_bias_6050_reg	40	static
../Core/Src/inv_mpu.c:1023:5:mpu_set_accel_bias_6500_reg	40	static
../Core/Src/inv_mpu.c:1057:5:mpu_reset_fifo	16	static
../Core/Src/inv_mpu.c:1119:5:mpu_get_gyro_fsr	16	static
../Core/Src/inv_mpu.c:1146:5:mpu_set_gyro_fsr	24	static
../Core/Src/inv_mpu.c:1183:5:mpu_get_accel_fsr	16	static
../Core/Src/inv_mpu.c:1211:5:mpu_set_accel_fsr	24	static
../Core/Src/inv_mpu.c:1248:5:mpu_get_lpf	16	static
../Core/Src/inv_mpu.c:1284:5:mpu_set_lpf	24	static
../Core/Src/inv_mpu.c:1317:5:mpu_get_sample_rate	16	static
../Core/Src/inv_mpu.c:1332:5:mpu_set_sample_rate	24	static
../Core/Src/inv_mpu.c:1379:5:mpu_get_compass_sample_rate	16	static
../Core/Src/inv_mpu.c:1401:5:mpu_set_compass_sample_rate	24	static
../Core/Src/inv_mpu.c:1423:5:mpu_get_gyro_sens	16	static
../Core/Src/inv_mpu.c:1449:5:mpu_get_accel_sens	16	static
../Core/Src/inv_mpu.c:1481:5:mpu_get_fifo_config	16	static
../Core/Src/inv_mpu.c:1496:5:mpu_configure_fifo	24	static
../Core/Src/inv_mpu.c:1538:5:mpu_get_power_state	16	static
../Core/Src/inv_mpu.c:1557:5:mpu_set_sensors	24	static
../Core/Src/inv_mpu.c:1634:5:mpu_get_int_status	24	static
../Core/Src/inv_mpu.c:1663:5:mpu_read_fifo	48	static
../Core/Src/inv_mpu.c:1743:5:mpu_read_fifo_stream	32	static
../Core/Src/inv_mpu.c:1781:5:mpu_set_bypass	24	static
../Core/Src/inv_mpu.c:1831:5:mpu_set_int_level	16	static
../Core/Src/inv_mpu.c:1843:5:mpu_set_int_latched	24	static
../Core/Src/inv_mpu.c:1940:12:compass_self_test	24	static
../Core/Src/inv_mpu.c:2004:12:get_st_biases	256	static
../Core/Src/inv_mpu.c:2161:12:accel_6500_self_test	96	static
../Core/Src/inv_mpu.c:2219:12:gyro_6500_self_test	96	static
../Core/Src/inv_mpu.c:2279:12:get_st_6500_biases	776	static
../Core/Src/inv_mpu.c:2409:5:mpu_run_6500_self_test	72	static
../Core/Src/inv_mpu.c:2504:5:mpu_run_self_test	32	static
../Core/Src/inv_mpu.c:2608:5:mpu_write_mem	24	static
../Core/Src/inv_mpu.c:2641:5:mpu_read_mem	24	static
../Core/Src/inv_mpu.c:2673:5:mpu_load_firmware	48	static
../Core/Src/inv_mpu.c:2714:5:mpu_set_dmp_state	24	static
../Core/Src/inv_mpu.c:2753:5:mpu_get_dmp_state	16	static
../Core/Src/inv_mpu.c:2761:12:setup_compass	24	static
../Core/Src/inv_mpu.c:2868:5:mpu_get_compass_reg	32	static
../Core/Src/inv_mpu.c:2921:5:mpu_get_compass_fsr	16	static
../Core/Src/inv_mpu.c:2969:5:mpu_lp_motion_interrupt	32	static
