../Core/Src/inv_mpu_dmp_motion_driver.c:475:5:dmp_load_motion_driver_firmware	8	static
../Core/Src/inv_mpu_dmp_motion_driver.c:488:5:dmp_set_orientation	40	static
../Core/Src/inv_mpu_dmp_motion_driver.c:543:5:dmp_set_gyro_bias	80	static
../Core/Src/inv_mpu_dmp_motion_driver.c:595:5:dmp_set_accel_bias	112	static
../Core/Src/inv_mpu_dmp_motion_driver.c:646:5:dmp_set_fifo_rate	40	static
../Core/Src/inv_mpu_dmp_motion_driver.c:672:5:dmp_get_fifo_rate	16	static
../Core/Src/inv_mpu_dmp_motion_driver.c:684:5:dmp_set_tap_thresh	32	static
../Core/Src/inv_mpu_dmp_motion_driver.c:750:5:dmp_set_tap_axes	24	static
../Core/Src/inv_mpu_dmp_motion_driver.c:768:5:dmp_set_tap_count	24	static
../Core/Src/inv_mpu_dmp_motion_driver.c:786:5:dmp_set_tap_time	24	static
../Core/Src/inv_mpu_dmp_motion_driver.c:802:5:dmp_set_tap_time_multi	24	static
../Core/Src/inv_mpu_dmp_motion_driver.c:820:5:dmp_set_shake_reject_thresh	24	static
../Core/Src/inv_mpu_dmp_motion_driver.c:839:5:dmp_set_shake_reject_time	24	static
../Core/Src/inv_mpu_dmp_motion_driver.c:857:5:dmp_set_shake_reject_timeout	24	static
../Core/Src/inv_mpu_dmp_motion_driver.c:872:5:dmp_get_pedometer_step_count	24	static
../Core/Src/inv_mpu_dmp_motion_driver.c:893:5:dmp_set_pedometer_step_count	24	static
../Core/Src/inv_mpu_dmp_motion_driver.c:909:5:dmp_get_pedometer_walk_time	24	static
../Core/Src/inv_mpu_dmp_motion_driver.c:929:5:dmp_set_pedometer_walk_time	24	static
../Core/Src/inv_mpu_dmp_motion_driver.c:959:5:dmp_enable_feature	32	static
../Core/Src/inv_mpu_dmp_motion_driver.c:1081:5:dmp_get_enabled_features	16	static
../Core/Src/inv_mpu_dmp_motion_driver.c:1096:5:dmp_enable_gyro_cal	40	static
../Core/Src/inv_mpu_dmp_motion_driver.c:1114:5:dmp_enable_lp_quat	24	static
../Core/Src/inv_mpu_dmp_motion_driver.c:1138:5:dmp_enable_6x_lp_quat	24	static
../Core/Src/inv_mpu_dmp_motion_driver.c:1159:12:decode_gesture	24	static
../Core/Src/inv_mpu_dmp_motion_driver.c:1191:5:dmp_set_interrupt_mode	40	static
../Core/Src/inv_mpu_dmp_motion_driver.c:1230:5:dmp_read_fifo	80	static
../Core/Src/inv_mpu_dmp_motion_driver.c:1323:5:dmp_register_tap_cb	16	static
../Core/Src/inv_mpu_dmp_motion_driver.c:1334:5:dmp_register_android_orient_cb	16	static
