../Core/Src/MPU9250-DMP.c:16:9:MPU9250_constrain	16	static
../Core/Src/MPU9250-DMP.c:21:10:MPU9250_constrainU16	16	static
../Core/Src/MPU9250-DMP.c:26:5:MPU9250_DMP	4	static
../Core/Src/MPU9250-DMP.c:34:13:MPU9250_begin	16	static
../Core/Src/MPU9250-DMP.c:56:13:MPU9250_enableInterrupt	16	static
../Core/Src/MPU9250-DMP.c:61:13:MPU9250_setIntLevel	16	static
../Core/Src/MPU9250-DMP.c:66:13:MPU9250_setIntLatched	16	static
../Core/Src/MPU9250-DMP.c:71:7:MPU9250_getIntStatus	16	static
../Core/Src/MPU9250-DMP.c:85:13:MPU9250_lowPowerAccel	16	static
../Core/Src/MPU9250-DMP.c:90:13:MPU9250_setGyroFSR	24	static
../Core/Src/MPU9250-DMP.c:101:13:MPU9250_setAccelFSR	24	static
../Core/Src/MPU9250-DMP.c:112:16:MPU9250_getGyroFSR	16	static
../Core/Src/MPU9250-DMP.c:122:15:MPU9250_getAccelFSR	16	static
../Core/Src/MPU9250-DMP.c:132:16:MPU9250_getMagFSR	16	static
../Core/Src/MPU9250-DMP.c:142:13:MPU9250_setLPF	16	static
../Core/Src/MPU9250-DMP.c:147:16:MPU9250_getLPF	16	static
../Core/Src/MPU9250-DMP.c:157:13:MPU9250_setSampleRate	16	static
../Core/Src/MPU9250-DMP.c:162:16:MPU9250_getSampleRate	16	static
../Core/Src/MPU9250-DMP.c:172:13:MPU9250_setCompassSampleRate	16	static
../Core/Src/MPU9250-DMP.c:177:16:MPU9250_getCompassSampleRate	16	static
../Core/Src/MPU9250-DMP.c:188:7:MPU9250_getGyroSens	16	static
../Core/Src/MPU9250-DMP.c:198:16:MPU9250_getAccelSens	16	static
../Core/Src/MPU9250-DMP.c:208:7:MPU9250_getMagSens	4	static
../Core/Src/MPU9250-DMP.c:213:15:MPU9250_getFifoConfig	16	static
../Core/Src/MPU9250-DMP.c:223:13:MPU9250_configureFifo	16	static
../Core/Src/MPU9250-DMP.c:228:13:MPU9250_resetFifo	8	static
../Core/Src/MPU9250-DMP.c:233:16:MPU9250_fifoAvailable	16	static
../Core/Src/MPU9250-DMP.c:245:13:MPU9250_updateFifo	48	static
../Core/Src/MPU9250-DMP.c:272:13:MPU9250_setSensors	16	static
../Core/Src/MPU9250-DMP.c:277:6:MPU9250_dataReady	16	static
../Core/Src/MPU9250-DMP.c:288:13:MPU9250_update	32	static
../Core/Src/MPU9250-DMP.c:307:5:MPU9250_updateAccel	16	static
../Core/Src/MPU9250-DMP.c:321:5:MPU9250_updateGyro	16	static
../Core/Src/MPU9250-DMP.c:335:5:MPU9250_updateCompass	16	static
../Core/Src/MPU9250-DMP.c:349:13:MPU9250_updateTemperature	8	static
../Core/Src/MPU9250-DMP.c:354:5:MPU9250_selfTest	40	static
../Core/Src/MPU9250-DMP.c:360:13:MPU9250_dmpBegin	24	static
../Core/Src/MPU9250-DMP.c:391:13:MPU9250_dmpLoad	8	static
../Core/Src/MPU9250-DMP.c:396:16:MPU9250_dmpGetFifoRate	16	static
../Core/Src/MPU9250-DMP.c:405:13:MPU9250_dmpSetFifoRate	16	static
../Core/Src/MPU9250-DMP.c:411:13:MPU9250_dmpUpdateFifo	64	static
../Core/Src/MPU9250-DMP.c:451:13:MPU9250_dmpEnableFeatures	24	static
../Core/Src/MPU9250-DMP.c:461:16:MPU9250_dmpGetEnabledFeatures	16	static
../Core/Src/MPU9250-DMP.c:469:13:MPU9250_dmpSetTap	32	static
../Core/Src/MPU9250-DMP.c:509:15:MPU9250_getTapDir	4	static
../Core/Src/MPU9250-DMP.c:515:15:MPU9250_getTapCount	4	static
../Core/Src/MPU9250-DMP.c:521:6:MPU9250_tapAvailable	4	static
../Core/Src/MPU9250-DMP.c:526:13:MPU9250_dmpSetOrientation	24	static
../Core/Src/MPU9250-DMP.c:538:15:MPU9250_dmpGetOrientation	4	static
../Core/Src/MPU9250-DMP.c:543:13:MPU9250_dmpEnable3Quat	16	static
../Core/Src/MPU9250-DMP.c:558:15:MPU9250_dmpGetPedometerSteps	16	static
../Core/Src/MPU9250-DMP.c:568:13:MPU9250_dmpSetPedometerSteps	16	static
../Core/Src/MPU9250-DMP.c:573:15:MPU9250_dmpGetPedometerTime	16	static
../Core/Src/MPU9250-DMP.c:583:13:MPU9250_dmpSetPedometerTime	16	static
../Core/Src/MPU9250-DMP.c:588:7:MPU9250_calcAccel	16	static
../Core/Src/MPU9250-DMP.c:596:7:MPU9250_calcGyro	16	static
../Core/Src/MPU9250-DMP.c:604:7:MPU9250_calcMag	16	static
../Core/Src/MPU9250-DMP.c:612:7:MPU9250_calcQuat	16	static
../Core/Src/MPU9250-DMP.c:617:7:MPU9250_qToFloat	24	static
../Core/Src/MPU9250-DMP.c:627:6:MPU9250_computeEulerAngles	64	static
../Core/Src/MPU9250-DMP.c:660:7:MPU9250_computeCompassHeading	16	static
../Core/Src/MPU9250-DMP.c:676:16:MPU9250_orientation_row_2_scale	24	static
../Core/Src/MPU9250-DMP.c:697:13:tap_cb	16	static
../Core/Src/MPU9250-DMP.c:704:13:orient_cb	16	static
